Requirement already satisfied: asgiref==3.12.1 in ./.venv/lib/python3.14/site-packages (from -r /mnt/2c8d19a3-3bbb-4f90-b09f-9e17c780ce6a/Projects/projetomnunes/requirements.txt (line 1)) (3.12.1)
Collecting cryptography==50.0.1 (from -r /mnt/2c8d19a3-3bbb-4f90-b09f-9e17c780ce6a/Projects/projetomnunes/requirements.txt (line 2))
  Using cached cryptography-50.0.1-cp311-abi3-manylinux_2_34_x86_64.whl.metadata (4.3 kB)
Collecting Django==6.1 (from -r /mnt/2c8d19a3-3bbb-4f90-b09f-9e17c780ce6a/Projects/projetomnunes/requirements.txt (line 3))
  Using cached django-6.1-py3-none-any.whl.metadata (3.9 kB)
Collecting gunicorn==23.0.0 (from -r /mnt/2c8d19a3-3bbb-4f90-b09f-9e17c780ce6a/Projects/projetomnunes/requirements.txt (line 4))
  Using cached gunicorn-23.0.0-py3-none-any.whl.metadata (4.4 kB)
Collecting psycopg==3.3.3 (from psycopg[binary]==3.3.3->-r /mnt/2c8d19a3-3bbb-4f90-b09f-9e17c780ce6a/Projects/projetomnunes/requirements.txt (line 5))
  Using cached psycopg-3.3.3-py3-none-any.whl.metadata (4.3 kB)
Collecting redis==8.1.0 (from -r /mnt/2c8d19a3-3bbb-4f90-b09f-9e17c780ce6a/Projects/projetomnunes/requirements.txt (line 6))
  Using cached redis-8.1.0-py3-none-any.whl.metadata (16 kB)
Collecting segno==1.6.6 (from -r /mnt/2c8d19a3-3bbb-4f90-b09f-9e17c780ce6a/Projects/projetomnunes/requirements.txt (line 7))
  Using cached segno-1.6.6-py3-none-any.whl.metadata (7.7 kB)
Requirement already satisfied: sqlparse==0.6.0 in ./.venv/lib/python3.14/site-packages (from -r /mnt/2c8d19a3-3bbb-4f90-b09f-9e17c780ce6a/Projects/projetomnunes/requirements.txt (line 8)) (0.6.0)
Collecting whitenoise==6.12.0 (from -r /mnt/2c8d19a3-3bbb-4f90-b09f-9e17c780ce6a/Projects/projetomnunes/requirements.txt (line 9))
  Using cached whitenoise-6.12.0-py3-none-any.whl.metadata (3.7 kB)
Collecting django-stubs==5.2.9 (from -r /mnt/2c8d19a3-3bbb-4f90-b09f-9e17c780ce6a/Projects/projetomnunes/requirements-dev.txt (line 3))
  Using cached django_stubs-5.2.9-py3-none-any.whl.metadata (21 kB)
Collecting factory-boy==3.3.3 (from -r /mnt/2c8d19a3-3bbb-4f90-b09f-9e17c780ce6a/Projects/projetomnunes/requirements-dev.txt (line 4))
  Using cached factory_boy-3.3.3-py2.py3-none-any.whl.metadata (15 kB)
Collecting mypy==1.19.1 (from -r /mnt/2c8d19a3-3bbb-4f90-b09f-9e17c780ce6a/Projects/projetomnunes/requirements-dev.txt (line 5))
  Using cached mypy-1.19.1-cp314-cp314-manylinux2014_x86_64.manylinux_2_17_x86_64.manylinux_2_28_x86_64.whl.metadata (2.2 kB)
Collecting pytest==9.0.2 (from -r /mnt/2c8d19a3-3bbb-4f90-b09f-9e17c780ce6a/Projects/projetomnunes/requirements-dev.txt (line 6))
  Using cached pytest-9.0.2-py3-none-any.whl.metadata (7.6 kB)
Collecting pytest-cov==7.0.0 (from -r /mnt/2c8d19a3-3bbb-4f90-b09f-9e17c780ce6a/Projects/projetomnunes/requirements-dev.txt (line 7))
  Using cached pytest_cov-7.0.0-py3-none-any.whl.metadata (31 kB)
Collecting pytest-django==4.12.0 (from -r /mnt/2c8d19a3-3bbb-4f90-b09f-9e17c780ce6a/Projects/projetomnunes/requirements-dev.txt (line 8))
  Using cached pytest_django-4.12.0-py3-none-any.whl.metadata (8.0 kB)
Collecting ruff==0.15.4 (from -r /mnt/2c8d19a3-3bbb-4f90-b09f-9e17c780ce6a/Projects/projetomnunes/requirements-dev.txt (line 9))
  Using cached ruff-0.15.4-py3-none-manylinux_2_17_x86_64.manylinux2014_x86_64.whl.metadata (26 kB)
Collecting cffi>=2.0.0 (from cryptography==50.0.1->-r /mnt/2c8d19a3-3bbb-4f90-b09f-9e17c780ce6a/Projects/projetomnunes/requirements.txt (line 2))
  Using cached cffi-2.1.1-cp314-cp314-manylinux2014_x86_64.manylinux_2_17_x86_64.whl.metadata (2.5 kB)
Collecting packaging (from gunicorn==23.0.0->-r /mnt/2c8d19a3-3bbb-4f90-b09f-9e17c780ce6a/Projects/projetomnunes/requirements.txt (line 4))
  Using cached packaging-26.3-py3-none-any.whl.metadata (3.5 kB)
Collecting django-stubs-ext>=5.2.9 (from django-stubs==5.2.9->-r /mnt/2c8d19a3-3bbb-4f90-b09f-9e17c780ce6a/Projects/projetomnunes/requirements-dev.txt (line 3))
  Using cached django_stubs_ext-6.1.0-py3-none-any.whl.metadata (3.6 kB)
Collecting types-pyyaml (from django-stubs==5.2.9->-r /mnt/2c8d19a3-3bbb-4f90-b09f-9e17c780ce6a/Projects/projetomnunes/requirements-dev.txt (line 3))
  Downloading types_pyyaml-6.0.12.20260906-py3-none-any.whl.metadata (1.8 kB)
Collecting typing-extensions>=4.11.0 (from django-stubs==5.2.9->-r /mnt/2c8d19a3-3bbb-4f90-b09f-9e17c780ce6a/Projects/projetomnunes/requirements-dev.txt (line 3))
  Using cached typing_extensions-4.16.0-py3-none-any.whl.metadata (3.3 kB)
Collecting Faker>=0.7.0 (from factory-boy==3.3.3->-r /mnt/2c8d19a3-3bbb-4f90-b09f-9e17c780ce6a/Projects/projetomnunes/requirements-dev.txt (line 4))
  Downloading faker-40.38.0-py3-none-any.whl.metadata (16 kB)
Collecting mypy_extensions>=1.0.0 (from mypy==1.19.1->-r /mnt/2c8d19a3-3bbb-4f90-b09f-9e17c780ce6a/Projects/projetomnunes/requirements-dev.txt (line 5))
  Using cached mypy_extensions-1.1.0-py3-none-any.whl.metadata (1.1 kB)
Collecting pathspec>=0.9.0 (from mypy==1.19.1->-r /mnt/2c8d19a3-3bbb-4f90-b09f-9e17c780ce6a/Projects/projetomnunes/requirements-dev.txt (line 5))
  Using cached pathspec-1.1.1-py3-none-any.whl.metadata (14 kB)
Collecting librt>=0.6.2 (from mypy==1.19.1->-r /mnt/2c8d19a3-3bbb-4f90-b09f-9e17c780ce6a/Projects/projetomnunes/requirements-dev.txt (line 5))
  Using cached librt-0.15.0-cp314-cp314-manylinux2014_x86_64.manylinux_2_17_x86_64.manylinux_2_28_x86_64.whl.metadata (1.3 kB)
Collecting iniconfig>=1.0.1 (from pytest==9.0.2->-r /mnt/2c8d19a3-3bbb-4f90-b09f-9e17c780ce6a/Projects/projetomnunes/requirements-dev.txt (line 6))
  Using cached iniconfig-2.3.0-py3-none-any.whl.metadata (2.5 kB)
Collecting pluggy<2,>=1.5 (from pytest==9.0.2->-r /mnt/2c8d19a3-3bbb-4f90-b09f-9e17c780ce6a/Projects/projetomnunes/requirements-dev.txt (line 6))
  Using cached pluggy-1.6.0-py3-none-any.whl.metadata (4.8 kB)
Collecting pygments>=2.7.2 (from pytest==9.0.2->-r /mnt/2c8d19a3-3bbb-4f90-b09f-9e17c780ce6a/Projects/projetomnunes/requirements-dev.txt (line 6))
  Using cached pygments-2.21.0-py3-none-any.whl.metadata (2.5 kB)
Collecting coverage>=7.10.6 (from coverage[toml]>=7.10.6->pytest-cov==7.0.0->-r /mnt/2c8d19a3-3bbb-4f90-b09f-9e17c780ce6a/Projects/projetomnunes/requirements-dev.txt (line 7))
  Using cached coverage-7.16.0-cp314-cp314-manylinux1_x86_64.manylinux_2_28_x86_64.manylinux_2_5_x86_64.whl.metadata (8.6 kB)
Collecting psycopg-binary==3.3.3 (from psycopg[binary]==3.3.3->-r /mnt/2c8d19a3-3bbb-4f90-b09f-9e17c780ce6a/Projects/projetomnunes/requirements.txt (line 5))
  Using cached psycopg_binary-3.3.3-cp314-cp314-manylinux2014_x86_64.manylinux_2_17_x86_64.whl.metadata (2.7 kB)
Collecting pycparser (from cffi>=2.0.0->cryptography==50.0.1->-r /mnt/2c8d19a3-3bbb-4f90-b09f-9e17c780ce6a/Projects/projetomnunes/requirements.txt (line 2))
  Using cached pycparser-3.0-py3-none-any.whl.metadata (8.2 kB)
Using cached cryptography-50.0.1-cp311-abi3-manylinux_2_34_x86_64.whl (4.7 MB)
Using cached django-6.1-py3-none-any.whl (8.4 MB)
Using cached gunicorn-23.0.0-py3-none-any.whl (85 kB)
Using cached psycopg-3.3.3-py3-none-any.whl (212 kB)
Using cached redis-8.1.0-py3-none-any.whl (560 kB)
Downloading segno-1.6.6-py3-none-any.whl (76 kB)
Using cached whitenoise-6.12.0-py3-none-any.whl (20 kB)
Using cached django_stubs-5.2.9-py3-none-any.whl (508 kB)
Using cached factory_boy-3.3.3-py2.py3-none-any.whl (37 kB)
Using cached mypy-1.19.1-cp314-cp314-manylinux2014_x86_64.manylinux_2_17_x86_64.manylinux_2_28_x86_64.whl (13.6 MB)
Using cached pytest-9.0.2-py3-none-any.whl (374 kB)
Using cached pytest_cov-7.0.0-py3-none-any.whl (22 kB)
Using cached pytest_django-4.12.0-py3-none-any.whl (26 kB)
Using cached ruff-0.15.4-py3-none-manylinux_2_17_x86_64.manylinux2014_x86_64.whl (11.2 MB)
Using cached psycopg_binary-3.3.3-cp314-cp314-manylinux2014_x86_64.manylinux_2_17_x86_64.whl (5.2 MB)
Using cached pluggy-1.6.0-py3-none-any.whl (20 kB)
Using cached cffi-2.1.1-cp314-cp314-manylinux2014_x86_64.manylinux_2_17_x86_64.whl (221 kB)
Using cached coverage-7.16.0-cp314-cp314-manylinux1_x86_64.manylinux_2_28_x86_64.manylinux_2_5_x86_64.whl (257 kB)
Using cached django_stubs_ext-6.1.0-py3-none-any.whl (10 kB)
Downloading faker-40.38.0-py3-none-any.whl (2.1 MB)
   ━━━━━━━━━━━━━━━━━━━━━━━━━━━━━━━━━━━━━━━━ 2.1/2.1 MB 4.5 MB/s  0:00:00
Using cached iniconfig-2.3.0-py3-none-any.whl (7.5 kB)
Using cached librt-0.15.0-cp314-cp314-manylinux2014_x86_64.manylinux_2_17_x86_64.manylinux_2_28_x86_64.whl (523 kB)
Using cached mypy_extensions-1.1.0-py3-none-any.whl (5.0 kB)
Using cached packaging-26.3-py3-none-any.whl (129 kB)
Using cached pathspec-1.1.1-py3-none-any.whl (57 kB)
Using cached pygments-2.21.0-py3-none-any.whl (1.3 MB)
Using cached typing_extensions-4.16.0-py3-none-any.whl (45 kB)
Using cached pycparser-3.0-py3-none-any.whl (48 kB)
Downloading types_pyyaml-6.0.12.20260906-py3-none-any.whl (21 kB)
Installing collected packages: whitenoise, typing-extensions, types-pyyaml, segno, ruff, redis, pygments, pycparser, psycopg-binary, psycopg, pluggy, pathspec, packaging, mypy_extensions, librt, iniconfig, Faker, Django, coverage, pytest, mypy, gunicorn, factory-boy, django-stubs-ext, cffi, pytest-django, pytest-cov, django-stubs, cryptography
  Attempting uninstall: Django
    Found existing installation: Django 6.1.1
    Uninstalling Django-6.1.1:
      Successfully uninstalled Django-6.1.1

Successfully installed Django-6.1 Faker-40.38.0 cffi-2.1.1 coverage-7.16.0 cryptography-50.0.1 django-stubs-5.2.9 django-stubs-ext-6.1.0 factory-boy-3.3.3 gunicorn-23.0.0 iniconfig-2.3.0 librt-0.15.0 mypy-1.19.1 mypy_extensions-1.1.0 packaging-26.3 pathspec-1.1.1 pluggy-1.6.0 psycopg-3.3.3 psycopg-binary-3.3.3 pycparser-3.0 pygments-2.21.0 pytest-9.0.2 pytest-cov-7.0.0 pytest-django-4.12.0 redis-8.1.0 ruff-0.15.4 segno-1.6.6 types-pyyaml-6.0.12.20260906 typing-extensions-4.16.0 whitenoise-6.12.0
