 Image mindcare:latest Building
#1 [internal] load local bake definitions
#1 reading from stdin 563B done
#1 DONE 0.0s

#2 [internal] load build definition from Dockerfile
#2 transferring dockerfile: 1.19kB done
#2 DONE 0.1s

#3 resolve image config for docker-image://docker.io/docker/dockerfile:1.7
#3 DONE 1.1s

#4 docker-image://docker.io/docker/dockerfile:1.7@sha256:a57df69d0ea827fb7266491f2813635de6f17269be881f696fbfdf2d83dda33e
#4 resolve docker.io/docker/dockerfile:1.7@sha256:a57df69d0ea827fb7266491f2813635de6f17269be881f696fbfdf2d83dda33e 0.1s done
#4 DONE 0.1s

#4 docker-image://docker.io/docker/dockerfile:1.7@sha256:a57df69d0ea827fb7266491f2813635de6f17269be881f696fbfdf2d83dda33e
#4 CACHED

#5 [internal] load metadata for docker.io/library/python:3.14-slim
#5 DONE 0.9s

#6 [internal] load .dockerignore
#6 transferring context: 511B done
#6 DONE 0.1s

#7 [1/7] FROM docker.io/library/python:3.14-slim@sha256:cad9a2c871761c413caa6fdd6441c783451e740a48aaeba60ae62a8b53525ef6
#7 resolve docker.io/library/python:3.14-slim@sha256:cad9a2c871761c413caa6fdd6441c783451e740a48aaeba60ae62a8b53525ef6 0.1s done
#7 DONE 0.1s

#8 [internal] load build context
#8 transferring context: 155.57kB 0.1s done
#8 DONE 0.2s

#9 [2/7] WORKDIR /app
#9 CACHED

#10 [3/7] RUN apt-get update  && apt-get install -y --no-install-recommends       curl       postgresql-client       gettext  && rm -rf /var/lib/apt/lists/*
#10 CACHED

#11 [4/7] COPY requirements.txt ./
#11 CACHED

#12 [5/7] RUN pip install --upgrade pip  && pip install --no-cache-dir -r requirements.txt
#12 CACHED

#13 [6/7] COPY . /app
#13 DONE 1.9s

#14 [7/7] RUN mkdir -p /app/staticfiles /app/media /app/private_media  && useradd --create-home --shell /bin/bash --uid 1000 appuser  && chown -R appuser:appuser /app  && chmod +x /app/entrypoint.sh
#14 DONE 12.2s

#15 exporting to image
#15 exporting layers
#15 exporting layers 1.3s done
#15 exporting manifest sha256:57fa1d08b1c2055e159ec7993be8ed38076253a50b65c7a1f97c238f75afcb41 0.1s done
#15 exporting config sha256:3e7abdea30a1c94b0106f85cdf40c77973138f3ebe0cfdb60fd5d3946f6f690e 0.1s done
#15 exporting attestation manifest sha256:c484a1866dc38a2e04a88d39957827e53e06828046009d8b095ea50b05d6a893 0.1s done
#15 exporting manifest list sha256:ce031f3a6e13e2f170075e23fd88eee4cc11f1e005b59ac71f9eb240478b4b27
#15 exporting manifest list sha256:ce031f3a6e13e2f170075e23fd88eee4cc11f1e005b59ac71f9eb240478b4b27 0.1s done
#15 naming to docker.io/library/mindcare:latest done
#15 unpacking to docker.io/library/mindcare:latest
#15 unpacking to docker.io/library/mindcare:latest 0.7s done
#15 DONE 2.5s

#16 resolving provenance for metadata file
#16 DONE 0.0s
 Image mindcare:latest Built
