 Image mindcare:latest Building
#1 [internal] load local bake definitions
#1 reading from stdin 563B done
#1 DONE 0.0s

#2 [internal] load build definition from Dockerfile
#2 transferring dockerfile: 1.19kB done
#2 DONE 0.0s

#3 resolve image config for docker-image://docker.io/docker/dockerfile:1.7
#3 DONE 2.3s

#4 docker-image://docker.io/docker/dockerfile:1.7@sha256:a57df69d0ea827fb7266491f2813635de6f17269be881f696fbfdf2d83dda33e
#4 resolve docker.io/docker/dockerfile:1.7@sha256:a57df69d0ea827fb7266491f2813635de6f17269be881f696fbfdf2d83dda33e 0.1s done
#4 CACHED

#5 [internal] load metadata for docker.io/library/python:3.14-slim
#5 DONE 2.3s

#6 [internal] load .dockerignore
#6 transferring context: 511B done
#6 DONE 0.0s

#7 [1/7] FROM docker.io/library/python:3.14-slim@sha256:cad9a2c871761c413caa6fdd6441c783451e740a48aaeba60ae62a8b53525ef6
#7 resolve docker.io/library/python:3.14-slim@sha256:cad9a2c871761c413caa6fdd6441c783451e740a48aaeba60ae62a8b53525ef6 0.1s done
#7 DONE 0.1s

#8 [internal] load build context
#8 transferring context: 104.68kB 1.5s done
#8 DONE 1.6s

#9 [3/7] RUN apt-get update  && apt-get install -y --no-install-recommends       curl       postgresql-client       gettext  && rm -rf /var/lib/apt/lists/*
#9 CACHED

#10 [4/7] COPY requirements.txt ./
#10 CACHED

#11 [2/7] WORKDIR /app
#11 CACHED

#12 [5/7] RUN pip install --upgrade pip  && pip install --no-cache-dir -r requirements.txt
#12 CACHED

#13 [6/7] COPY . /app
#13 DONE 0.7s

#14 [7/7] RUN mkdir -p /app/staticfiles /app/media /app/private_media  && useradd --create-home --shell /bin/bash --uid 1000 appuser  && chown -R appuser:appuser /app  && chmod +x /app/entrypoint.sh
#14 DONE 6.9s

#15 exporting to image
#15 exporting layers
#15 exporting layers 1.2s done
#15 exporting manifest sha256:805472a44d9e2980d3caa2b5287ed415b8891a773ace0300a25408449b5f16cf 0.1s done
#15 exporting config sha256:c65004fa200ecbaad03978abd7e0218e61fcfb62d0041908b132ca74580ccc30 0.1s done
#15 exporting attestation manifest sha256:834fe9d0ac52a8124a8e7df3da4c07662085293fa94688a9bd0161d842400864 0.1s done
#15 exporting manifest list sha256:2e4b9dfd18a3e4b96efc308cd47fd0364db5d3bb7c83ed648116875dc928b120 0.1s done
#15 naming to docker.io/library/mindcare:latest done
#15 unpacking to docker.io/library/mindcare:latest
#15 unpacking to docker.io/library/mindcare:latest 0.8s done
#15 DONE 2.3s

#16 resolving provenance for metadata file
#16 DONE 0.0s
 Image mindcare:latest Built
 Container mindcare-web Recreate
 Container mindcare-web Recreated
 Container mindcare-web Starting
 Container mindcare-web Started
 Container mindcare-web Waiting
 Container mindcare-web Healthy
