Would reformat: ai_assistant/apps.py
Would reformat: ai_assistant/contracts.py
Would reformat: ai_assistant/events.py
Would reformat: ai_assistant/selectors.py
Would reformat: analytics/advanced_reporting.py
Would reformat: communities/apps.py
Would reformat: communities/community_models.py
Would reformat: communities/events.py
Would reformat: communities/gamification_models.py
Would reformat: communities/gamification_services.py
Would reformat: communities/governance_models.py
Would reformat: communities/models.py
Would reformat: communities/moderation_services.py
Would reformat: communities/services.py
Would reformat: medical_records/document_models.py
Would reformat: medical_records/document_services.py
Would reformat: medical_records/entry_models.py
Would reformat: medical_records/policies.py
Would reformat: medical_records/retention_services.py
Would reformat: medical_records/selectors.py
Would reformat: medical_records/services.py
Would reformat: medical_records/signature_models.py
Would reformat: medical_records/signature_services.py
Would reformat: tests/test_account_session_mfa.py
Would reformat: tests/test_ai_assistant_drafting.py
Would reformat: tests/test_ai_assistant_governance.py
Would reformat: tests/test_analytics_advanced_reports.py
Would reformat: tests/test_analytics_anonymization.py
Would reformat: tests/test_communities_gamification.py
Would reformat: tests/test_communities_moderation.py
Would reformat: tests/test_content_components.py
Would reformat: tests/test_duralux_form_regressions.py
Would reformat: tests/test_duralux_static_foundation.py
Would reformat: tests/test_form_components.py
Would reformat: tests/test_layouts.py
Would reformat: tests/test_medical_records_governance.py
Would reformat: tests/test_medical_records_retention.py
Would reformat: tests/test_medical_records_signatures.py
Would reformat: tests/test_theme_charts.py
39 files would be reformatted, 423 files already formatted
