Name                                                                                                Stmts   Miss Branch BrPart  Cover
-------------------------------------------------------------------------------------------------------------------------------------
accounts/__init__.py                                                                                    0      0      0      0   100%
accounts/admin.py                                                                                       4      0      0      0   100%
accounts/apps.py                                                                                        3      0      0      0   100%
accounts/context_processors.py                                                                         15      0      0      0   100%
accounts/events.py                                                                                      9      0      0      0   100%
accounts/forms.py                                                                                      54      4      6      2    90%
accounts/language_preferences.py                                                                       15      0      2      0   100%
accounts/language_views.py                                                                             14      0      2      0   100%
accounts/middleware.py                                                                                 91      3     22      3    95%
accounts/migrations/0001_initial.py                                                                     9      0      0      0   100%
accounts/migrations/0002_user_preferred_layout.py                                                       5      0      0      0   100%
accounts/migrations/0003_email_identity_security.py                                                    25      0     10      0   100%
accounts/migrations/0004_clinic_invitation.py                                                           8      0      0      0   100%
accounts/migrations/0005_accountsession_usermfa_mfarecoverycode.py                                      8      0      0      0   100%
accounts/migrations/0006_alter_clinicinvitation_initial_role.py                                         4      0      0      0   100%
accounts/migrations/0007_user_preferred_language.py                                                     4      0      0      0   100%
accounts/migrations/__init__.py                                                                         0      0      0      0   100%
accounts/models.py                                                                                    139      3      6      2    97%
accounts/policies.py                                                                                    3      0      0      0   100%
accounts/selectors.py                                                                                   9      1      2      1    82%
accounts/services.py                                                                                  470     33    112     20    91%
accounts/urls.py                                                                                        4      0      0      0   100%
accounts/views.py                                                                                     253     22     60      8    90%
ai_assistant/__init__.py                                                                                0      0      0      0   100%
ai_assistant/apps.py                                                                                    5      0      0      0   100%
ai_assistant/contracts.py                                                                              34      0      0      0   100%
ai_assistant/events.py                                                                                 11      0      0      0   100%
ai_assistant/guardrails.py                                                                             43      1     30      1    97%
ai_assistant/migrations/0001_initial.py                                                                 9      0      0      0   100%
ai_assistant/migrations/__init__.py                                                                     0      0      0      0   100%
ai_assistant/models.py                                                                                115     12      8      0    84%
ai_assistant/policies.py                                                                               43     12     16      4    63%
ai_assistant/selectors.py                                                                              26      7      2      0    68%
ai_assistant/services.py                                                                               80      7     28      7    87%
analytics/__init__.py                                                                                   0      0      0      0   100%
analytics/advanced_reporting.py                                                                        39      0     12      0   100%
analytics/anonymization.py                                                                             44      4     12      4    86%
analytics/apps.py                                                                                       3      0      0      0   100%
analytics/events.py                                                                                     5      0      0      0   100%
analytics/forms.py                                                                                     11      1      2      1    85%
analytics/metrics.py                                                                                   65      0      0      0   100%
analytics/metrics_dictionary.py                                                                        28      0      0      0   100%
analytics/migrations/0001_initial.py                                                                   11      0      0      0   100%
analytics/migrations/__init__.py                                                                        0      0      0      0   100%
analytics/models.py                                                                                    49      1      0      0    98%
analytics/policies.py                                                                                   2      0      0      0   100%
analytics/selectors.py                                                                                 13      1      2      1    87%
analytics/services.py                                                                                 137      5     32      7    92%
analytics/storage.py                                                                                    6      0      0      0   100%
analytics/urls.py                                                                                       3      0      0      0   100%
analytics/views.py                                                                                    100     21     12      5    75%
audit/__init__.py                                                                                       0      0      0      0   100%
audit/apps.py                                                                                           6      0      0      0   100%
audit/events.py                                                                                         2      0      0      0   100%
audit/migrations/0001_initial.py                                                                        9      0      0      0   100%
audit/migrations/0002_auditcheckpoint.py                                                                5      0      0      0   100%
audit/migrations/0003_auditevent_justification_digest.py                                                4      0      0      0   100%
audit/migrations/0004_alter_auditevent_action.py                                                        4      0      0      0   100%
audit/migrations/0005_expand_action_namespace.py                                                        4      0      0      0   100%
audit/migrations/__init__.py                                                                            0      0      0      0   100%
audit/models.py                                                                                       114      5     16      4    93%
audit/policies.py                                                                                      11      0      0      0   100%
audit/receivers.py                                                                                     68      0      0      0   100%
audit/selectors.py                                                                                      2      0      0      0   100%
audit/services.py                                                                                      69      0     24      0   100%
clinics/__init__.py                                                                                     0      0      0      0   100%
clinics/admin.py                                                                                       31      4      2      0    88%
clinics/apps.py                                                                                         3      0      0      0   100%
clinics/context_processors.py                                                                          18      0      2      0   100%
clinics/events.py                                                                                      10      0      0      0   100%
clinics/forms.py                                                                                       49      1      8      1    96%
clinics/management/__init__.py                                                                          0      0      0      0   100%
clinics/management/commands/__init__.py                                                                 0      0      0      0   100%
clinics/management/commands/seed_demo.py                                                               54      4     22      4    89%
clinics/middleware.py                                                                                  29      0      4      0   100%
clinics/migrations/0001_initial.py                                                                      9      0      0      0   100%
clinics/migrations/0002_add_clinic_is_demo.py                                                           4      0      0      0   100%
clinics/migrations/0003_name_persistence_indexes.py                                                     4      0      0      0   100%
clinics/migrations/0004_add_clinic_slug_invariant.py                                                    5      0      0      0   100%
clinics/migrations/0005_document_membership_roles.py                                                    4      0      0      0   100%
clinics/migrations/0006_require_canonical_clinic_slug.py                                                4      0      0      0   100%
clinics/migrations/0007_tighten_canonical_clinic_slug.py                                                4      0      0      0   100%
clinics/migrations/0008_alter_clinicmembership_role.py                                                  4      0      0      0   100%
clinics/migrations/0009_clinicconfiguration.py                                                          7      0      0      0   100%
clinics/migrations/0010_clinicconfiguration_language_code_and_more.py                                   4      0      0      0   100%
clinics/migrations/0011_alter_clinicconfiguration_service_channels_and_more.py                          4      0      0      0   100%
clinics/migrations/0012_clinicconfiguration_logo_and_more.py                                            5      0      0      0   100%
clinics/migrations/0013_clinicconfiguration_enabled_modules_and_more.py                                 6      0      0      0   100%
clinics/migrations/0014_clinicmembership_authorized_by_and_more.py                                      6      0      0      0   100%
clinics/migrations/0015_brandthemeversion_communicationtemplate_customdomain.py                         8      0      0      0   100%
clinics/migrations/0016_clinicconfiguration_icon_and_more.py                                            4      0      0      0   100%
clinics/migrations/__init__.py                                                                          0      0      0      0   100%
clinics/models.py                                                                                     143      4     10      1    97%
clinics/policies.py                                                                                    17      0      2      0   100%
clinics/selectors.py                                                                                   67     11     18      6    75%
clinics/services.py                                                                                   274     33     78     23    84%
clinics/typing.py                                                                                       3      0      0      0   100%
clinics/urls.py                                                                                         3      0      0      0   100%
clinics/views.py                                                                                      105     13     34      4    88%
clinics/whitelabel_models.py                                                                          117     12      0      0    90%
clinics/whitelabel_services.py                                                                        317     28     94     20    87%
communities/__init__.py                                                                                 0      0      0      0   100%
communities/apps.py                                                                                     5      0      0      0   100%
communities/community_models.py                                                                       114      7      6      2    91%
communities/contracts.py                                                                               78      0      0      0   100%
communities/events.py                                                                                  29      0      0      0   100%
communities/gamification_models.py                                                                     49      2      0      0    96%
communities/gamification_services.py                                                                   85     18     20      5    76%
communities/governance_models.py                                                                       34      1      0      0    97%
communities/interaction_models.py                                                                      64      1      0      0    98%
communities/interaction_services.py                                                                   137     27     46     17    74%
communities/migrations/0001_initial.py                                                                  9      0      0      0   100%
communities/migrations/__init__.py                                                                      0      0      0      0   100%
communities/models.py                                                                                   6      0      0      0   100%
communities/moderation_models.py                                                                       76      1      0      0    99%
communities/moderation_services.py                                                                    145     22     52     13    78%
communities/policies.py                                                                                65     22     30      8    58%
communities/rollout_services.py                                                                        48      3     22     11    80%
communities/selectors.py                                                                               53      4     14      4    88%
communities/services.py                                                                                98     19     20      8    77%
config/__init__.py                                                                                      0      0      0      0   100%
config/asgi.py                                                                                          4      4      0      0     0%
config/settings/__init__.py                                                                             0      0      0      0   100%
config/settings/base.py                                                                                68      0      2      0   100%
config/settings/development.py                                                                          8      0      0      0   100%
config/settings/production.py                                                                          31      2      4      2    89%
config/settings/test.py                                                                                14      1      2      1    88%
config/urls.py                                                                                          8      0      0      0   100%
config/views.py                                                                                       152      6     22      5    94%
config/wsgi.py                                                                                          4      4      0      0     0%
consents/__init__.py                                                                                    0      0      0      0   100%
consents/adapters.py                                                                                   42      1      6      1    96%
consents/apps.py                                                                                        3      0      0      0   100%
consents/context_processors.py                                                                         17      0      4      0   100%
consents/events.py                                                                                      8      0      0      0   100%
consents/forms.py                                                                                      11      0      0      0   100%
consents/integrity.py                                                                                  17      0      2      0   100%
consents/management/__init__.py                                                                         0      0      0      0   100%
consents/management/commands/__init__.py                                                                0      0      0      0   100%
consents/management/commands/process_revocation_dispatches.py                                          44      3      8      1    92%
consents/management/commands/review_access_lifecycle.py                                                31      5      2      1    82%
consents/migrations/0001_initial.py                                                                     9      0      0      0   100%
consents/migrations/0002_consentmanifestation_revocation_reason_digest_and_more.py                      4      0      0      0   100%
consents/migrations/0003_consentrevocationdispatch.py                                                   7      0      0      0   100%
consents/migrations/0004_legalrepresentation.py                                                         8      0      0      0   100%
consents/migrations/0005_consentrevocationdispatch_adapter_identity_and_more.py                         4      0      0      0   100%
consents/migrations/0006_accessreviewrun_accessreviewexception_and_more.py                              8      0      0      0   100%
consents/migrations/0007_consentrevocationworkitem.py                                                   8      0      0      0   100%
consents/migrations/0008_remove_consentrevocationworkitem_consent_work_item_queue_idx_and_more.py       5      0      0      0   100%
consents/migrations/__init__.py                                                                         0      0      0      0   100%
consents/models.py                                                                                    352     29     34      9    89%
consents/policies.py                                                                                   46      0      0      0   100%
consents/selectors.py                                                                                  50      5     18      6    84%
consents/services.py                                                                                  405     44    170     45    84%
consents/urls.py                                                                                        3      0      0      0   100%
consents/views.py                                                                                     100      6     14      3    92%
content/__init__.py                                                                                     0      0      0      0   100%
content/apps.py                                                                                         6      0      0      0   100%
content/events.py                                                                                       5      0      0      0   100%
content/forms.py                                                                                      156     31     44      7    72%
content/learning_authoring.py                                                                         209     20     96     18    88%
content/learning_selectors.py                                                                          11      0      0      0   100%
content/learning_urls.py                                                                                3      0      0      0   100%
content/learning_views.py                                                                             429    128     54     12    69%
content/migrations/0001_initial.py                                                                     11      0      0      0   100%
content/migrations/0002_learning_products.py                                                            8      0      0      0   100%
content/migrations/0003_learning_access_products.py                                                     8      0      0      0   100%
content/migrations/0004_learning_experience.py                                                          8      0      0      0   100%
content/migrations/0005_content_recommendations.py                                                      8      0      0      0   100%
content/migrations/0006_quiz_attempt_request_idempotency.py                                             6      0      0      0   100%
content/migrations/0007_review_governance_wave.py                                                       8      0      0      0   100%
content/migrations/0008_managed_taxonomy.py                                                             7      0      0      0   100%
content/migrations/0009_content_same_tenant_invariant.py                                               32     12     16      4    50%
content/migrations/0010_contentversioncomment.py                                                        8      0      0      0   100%
content/migrations/0011_remove_enrollment_unique_active_enrollment_per_course_and_more.py               5      0      0      0   100%
content/migrations/0012_lesson_captions_lesson_transcript.py                                            4      0      0      0   100%
content/migrations/0013_content_successor_contentreport.py                                              8      0      0      0   100%
content/migrations/__init__.py                                                                          0      0      0      0   100%
content/models.py                                                                                     422     13      2      0    97%
content/policies.py                                                                                     2      0      0      0   100%
content/receivers.py                                                                                   27      2      8      1    86%
content/selectors.py                                                                                   54      8     12      1    80%
content/services.py                                                                                   938    115    402    113    83%
content/storage.py                                                                                      6      0      0      0   100%
content/urls.py                                                                                         3      0      0      0   100%
content/views.py                                                                                      321     65     54     14    75%
core/__init__.py                                                                                        0      0      0      0   100%
core/apps.py                                                                                            3      0      0      0   100%
core/events.py                                                                                          8      0      0      0   100%
core/forms.py                                                                                          28      0      2      0   100%
core/middleware.py                                                                                     32      0      2      0   100%
core/observability.py                                                                                  45      2     14      2    93%
core/persistence.py                                                                                     8      0      0      0   100%
core/policies.py                                                                                       11      0      0      0   100%
core/presentation.py                                                                                   15      0      8      0   100%
core/security.py                                                                                       14      0      0      0   100%
core/selectors.py                                                                                       5      0      0      0   100%
core/services.py                                                                                       13      0      0      0   100%
core/templatetags/__init__.py                                                                           0      0      0      0   100%
core/templatetags/accessible_forms.py                                                                  56      1     26      1    98%
core/templatetags/presentation.py                                                                      12      3      2      1    71%
core/uploads.py                                                                                       129     12     28      9    87%
finance/__init__.py                                                                                     0      0      0      0   100%
finance/apps.py                                                                                         3      0      0      0   100%
finance/billing_models.py                                                                             101      9      0      0    91%
finance/billing_services.py                                                                           129     15     44     15    83%
finance/events.py                                                                                       6      0      0      0   100%
finance/forms.py                                                                                       15      0      0      0   100%
finance/ledger_models.py                                                                              165     16      2      0    90%
finance/ledger_services.py                                                                            113      5     30      6    92%
finance/migrations/0001_initial.py                                                                     10      0      0      0   100%
finance/migrations/0002_plan_planprice_subscription_coupon_and_more.py                                  9      0      0      0   100%
finance/migrations/0003_webhookevent.py                                                                 7      0      0      0   100%
finance/migrations/0004_adhoccharge_exceptionqueueitem_refundrequest.py                                 8      0      0      0   100%
finance/migrations/0005_ledgeraccount_ledgerentry_periodclosure_and_more.py                             9      0      0      0   100%
finance/migrations/0006_fiscaldocument_payoutbatch_payoutrule.py                                        9      0      0      0   100%
finance/migrations/__init__.py                                                                          0      0      0      0   100%
finance/models.py                                                                                      86      4      0      0    95%
finance/payment_adapter.py                                                                             40      0      4      0   100%
finance/payout_models.py                                                                              104      9      0      0    91%
finance/payout_services.py                                                                            145     12     46     12    87%
finance/policies.py                                                                                     2      0      0      0   100%
finance/reporting_services.py                                                                         115      7     24      6    91%
finance/selectors.py                                                                                   40      6     10      5    78%
finance/services.py                                                                                    91      5     22      5    91%
finance/storage.py                                                                                      6      0      0      0   100%
finance/subscription_models.py                                                                        135     15      0      0    89%
finance/subscription_services.py                                                                      121     12     32     12    84%
finance/urls.py                                                                                         3      0      0      0   100%
finance/views.py                                                                                       70     18      6      3    72%
finance/webhook_models.py                                                                              37      4      0      0    89%
finance/webhook_services.py                                                                            48      2      8      2    93%
goals/__init__.py                                                                                       1      0      0      0   100%
goals/apps.py                                                                                           3      0      0      0   100%
goals/events.py                                                                                        11      0      0      0   100%
goals/exercise_models.py                                                                              131      5      0      0    96%
goals/exercise_services.py                                                                            145     23     36     14    80%
goals/exercise_views.py                                                                               118     25     28     12    73%
goals/forms.py                                                                                         22      2      4      2    85%
goals/low_energy_models.py                                                                             70      5      2      1    92%
goals/low_energy_services.py                                                                           86      5     22      5    91%
goals/low_energy_views.py                                                                              54      5      6      3    87%
goals/migrations/0001_initial.py                                                                        9      0      0      0   100%
goals/migrations/0002_lowenergyactiontemplate_lowenergymode.py                                          8      0      0      0   100%
goals/migrations/0003_exerciseassignment_exerciseexecution_exercisecomment_and_more.py                  8      0      0      0   100%
goals/migrations/__init__.py                                                                            0      0      0      0   100%
goals/models.py                                                                                       117      5      0      0    96%
goals/policies.py                                                                                       2      0      0      0   100%
goals/selectors.py                                                                                     36      5     10      4    80%
goals/services.py                                                                                     146     19     62     17    81%
goals/urls.py                                                                                           5      0      0      0   100%
goals/views.py                                                                                         97     21     14      4    76%
integrations/__init__.py                                                                                0      0      0      0   100%
integrations/apps.py                                                                                    5      0      0      0   100%
integrations/calendars.py                                                                             124     15     32     11    82%
integrations/contracts.py                                                                             141     13     10      4    87%
integrations/events.py                                                                                 37      0      0      0   100%
integrations/migrations/0001_initial.py                                                                 8      0      0      0   100%
integrations/migrations/0002_whatsappinboundmessage_whatsappconsentrecord_and_more.py                   8      0      0      0   100%
integrations/migrations/0003_videoaccesstoken_videoqualitytelemetry.py                                  8      0      0      0   100%
integrations/migrations/0004_alter_videoaccesstoken_role_and_more.py                                    9      0      0      0   100%
integrations/migrations/__init__.py                                                                     0      0      0      0   100%
integrations/models.py                                                                                365     13      8      1    95%
integrations/observability.py                                                                          94      6     38      9    89%
integrations/policies.py                                                                               55     35     22      0    26%
integrations/pwa.py                                                                                    68      7     18      7    84%
integrations/sagas.py                                                                                 155     25     34      9    80%
integrations/selectors.py                                                                              77     35     12      1    48%
integrations/services.py                                                                              420     34    140     36    88%
integrations/video.py                                                                                 132     13     38     15    84%
integrations/video_models.py                                                                           43      0      0      0   100%
integrations/whatsapp.py                                                                              142     38     40      6    70%
integrations/whatsapp_models.py                                                                        99      3      6      2    95%
journal/__init__.py                                                                                     0      0      0      0   100%
journal/apps.py                                                                                         5      0      0      0   100%
journal/checkin_forms.py                                                                               21      1      8      1    93%
journal/events.py                                                                                      13      0      0      0   100%
journal/forms.py                                                                                       39      5     10      5    80%
journal/migrations/0001_initial.py                                                                     10      0      0      0   100%
journal/migrations/0002_journalaccessrequest.py                                                         8      0      0      0   100%
journal/migrations/0003_checkinquestionnaire_dailycheckin_and_more.py                                   8      0      0      0   100%
journal/migrations/0004_clinicalsignalrule_humantriageitem_and_more.py                                  8      0      0      0   100%
journal/migrations/0005_alter_humantriageitem_checkin.py                                                5      0      0      0   100%
journal/migrations/__init__.py                                                                          0      0      0      0   100%
journal/models.py                                                                                     226     11      0      0    95%
journal/policies.py                                                                                     2      0      0      0   100%
journal/selectors.py                                                                                  171     14     54     14    88%
journal/services.py                                                                                   337     51    144     35    80%
journal/urls.py                                                                                         3      0      0      0   100%
journal/views.py                                                                                      202     35     48     15    79%
medical_records/__init__.py                                                                             0      0      0      0   100%
medical_records/apps.py                                                                                 5      0      0      0   100%
medical_records/contracts.py                                                                          103      0      0      0   100%
medical_records/document_models.py                                                                     52      2      0      0    96%
medical_records/document_services.py                                                                   56      3     16      4    90%
medical_records/entry_models.py                                                                       111      8      8      3    91%
medical_records/events.py                                                                              30      0      0      0   100%
medical_records/governance_models.py                                                                   70      3      0      0    96%
medical_records/migrations/0001_initial.py                                                              9      0      0      0   100%
medical_records/migrations/__init__.py                                                                  0      0      0      0   100%
medical_records/models.py                                                                               6      0      0      0   100%
medical_records/policies.py                                                                            73     20     34     10    66%
medical_records/retention_models.py                                                                   108      6      0      0    94%
medical_records/retention_services.py                                                                  93      4     20      5    92%
medical_records/rollout_services.py                                                                    60      2     10      3    93%
medical_records/selectors.py                                                                           57     24     12      0    54%
medical_records/services.py                                                                            87      4     20      5    92%
medical_records/signature_models.py                                                                    51      2      0      0    96%
medical_records/signature_services.py                                                                  50      0      6      0   100%
onboarding/__init__.py                                                                                  0      0      0      0   100%
onboarding/apps.py                                                                                      3      0      0      0   100%
onboarding/events.py                                                                                    2      0      0      0   100%
onboarding/forms.py                                                                                    15      0      0      0   100%
onboarding/migrations/0001_initial.py                                                                   8      0      0      0   100%
onboarding/migrations/__init__.py                                                                       0      0      0      0   100%
onboarding/models.py                                                                                   35      3      0      0    91%
onboarding/policies.py                                                                                  2      0      0      0   100%
onboarding/selectors.py                                                                                25      1      2      0    96%
onboarding/services.py                                                                                 49      5     12      5    84%
onboarding/urls.py                                                                                      3      0      0      0   100%
onboarding/views.py                                                                                    74     12     24      7    79%
people/__init__.py                                                                                      0      0      0      0   100%
people/apps.py                                                                                          6      0      0      0   100%
people/events.py                                                                                       13      0      0      0   100%
people/forms.py                                                                                        36      1      6      1    95%
people/migrations/0001_initial.py                                                                       9      0      0      0   100%
people/migrations/0002_professionalprofile_professionalcredential_and_more.py                           9      0      0      0   100%
people/migrations/0003_carerelationship_authorized_by_and_more.py                                       8      0      0      0   100%
people/migrations/0004_review_governance_wave.py                                                        4      0      0      0   100%
people/migrations/__init__.py                                                                           0      0      0      0   100%
people/models.py                                                                                      144      3      0      0    98%
people/policies.py                                                                                     17      0      6      0   100%
people/receivers.py                                                                                    16      1      6      2    86%
people/selectors.py                                                                                    81      6     26      6    89%
people/services.py                                                                                    239     49     80     29    74%
people/urls.py                                                                                          3      0      0      0   100%
people/views.py                                                                                        80     11      6      1    86%
privacy/__init__.py                                                                                     0      0      0      0   100%
privacy/adapters.py                                                                                    50      6      8      1    84%
privacy/apps.py                                                                                         4      0      0      0   100%
privacy/events.py                                                                                       1      0      0      0   100%
privacy/migrations/0001_initial.py                                                                      7      0      0      0   100%
privacy/migrations/0002_datasubjectrequest_identity_evidence_digest_and_more.py                         4      0      0      0   100%
privacy/migrations/0003_lifecycle_adapter_evidence.py                                                   4      0      0      0   100%
privacy/migrations/__init__.py                                                                          0      0      0      0   100%
privacy/models.py                                                                                     111      4      0      0    96%
privacy/policies.py                                                                                     1      0      0      0   100%
privacy/selectors.py                                                                                    1      0      0      0   100%
privacy/services.py                                                                                   231     25     66     20    85%
routines/__init__.py                                                                                    0      0      0      0   100%
routines/apps.py                                                                                        5      0      0      0   100%
routines/care_plan_models.py                                                                           65      1      0      0    98%
routines/care_plan_services.py                                                                         67      7     20      6    85%
routines/contracts.py                                                                                  30      0      0      0   100%
routines/events.py                                                                                     17      0      0      0   100%
routines/medication_models.py                                                                          72      1      0      0    99%
routines/medication_services.py                                                                        69     12     20      6    80%
routines/migrations/0001_initial.py                                                                     9      0      0      0   100%
routines/migrations/0002_alter_careplan_options_alter_careplanaction_options_and_more.py                5      0      0      0   100%
routines/migrations/__init__.py                                                                         0      0      0      0   100%
routines/models.py                                                                                      6      0      0      0   100%
routines/policies.py                                                                                   49     21     20      3    48%
routines/routine_models.py                                                                            112      3      2      1    96%
routines/selectors.py                                                                                  95     27     26      4    68%
routines/services.py                                                                                  151     42     44      6    65%
routines/sleep_models.py                                                                               47      1      0      0    98%
routines/sleep_services.py                                                                             39      0      4      0   100%
scheduling/__init__.py                                                                                  0      0      0      0   100%
scheduling/appointment_models.py                                                                       79      5      0      0    94%
scheduling/apps.py                                                                                      3      0      0      0   100%
scheduling/availability_models.py                                                                     101     10      0      0    90%
scheduling/availability_services.py                                                                    72      8     20      8    83%
scheduling/delivery_templates.py                                                                       15      2      0      0    87%
scheduling/events.py                                                                                   14      0      0      0   100%
scheduling/forms.py                                                                                    57      2      0      0    96%
scheduling/messaging_models.py                                                                        139     11      0      0    92%
scheduling/messaging_services.py                                                                      129     22     48     11    80%
scheduling/migrations/0001_initial.py                                                                  10      0      0      0   100%
scheduling/migrations/0002_alter_messageattachment_file.py                                              6      0      0      0   100%
scheduling/migrations/0003_waitlistentry.py                                                             8      0      0      0   100%
scheduling/migrations/__init__.py                                                                       0      0      0      0   100%
scheduling/models.py                                                                                   87      6      0      0    93%
scheduling/operating_hours.py                                                                          26      2      6      0    94%
scheduling/policies.py                                                                                  2      0      0      0   100%
scheduling/reminder_models.py                                                                         108      7      0      0    94%
scheduling/reminder_services.py                                                                       122     37     54     19    62%
scheduling/selectors.py                                                                                63     11     26      7    78%
scheduling/services.py                                                                                210     27     64     17    83%
scheduling/storage.py                                                                                   6      0      0      0   100%
scheduling/unit_services.py                                                                            82     11     22      8    82%
scheduling/unit_views.py                                                                               86     28     12      4    63%
scheduling/urls.py                                                                                      5      0      0      0   100%
scheduling/views.py                                                                                   217     76     40     10    61%
scheduling/waitlist_models.py                                                                          40      2      0      0    95%
scheduling/waitlist_services.py                                                                        64      7     20      7    83%
scheduling/waitlist_views.py                                                                           65     14      6      3    76%
support_network/__init__.py                                                                             0      0      0      0   100%
support_network/apps.py                                                                                 5      0      0      0   100%
support_network/contracts.py                                                                           61      0      0      0   100%
support_network/events.py                                                                              24      0      0      0   100%
support_network/governance_models.py                                                                   32      0      0      0   100%
support_network/guardian_models.py                                                                     65      1      4      1    97%
support_network/guardian_services.py                                                                  102      3     16      5    93%
support_network/migrations/0001_initial.py                                                              9      0      0      0   100%
support_network/migrations/__init__.py                                                                  0      0      0      0   100%
support_network/models.py                                                                               6      0      0      0   100%
support_network/network_models.py                                                                      76      1      2      1    97%
support_network/policies.py                                                                            63     31     26      3    42%
support_network/rollout_services.py                                                                    26      2      6      2    88%
support_network/selectors.py                                                                           47     12      8      0    75%
support_network/services.py                                                                           107      7     32      8    89%
support_network/spirituality_models.py                                                                 53      0      0      0   100%
support_network/spirituality_services.py                                                               40      2      6      2    91%
support_network/urgent_plan_models.py                                                                  60      0      0      0   100%
support_network/urgent_services.py                                                                     43      3      8      3    88%
tenancy/__init__.py                                                                                     0      0      0      0   100%
tenancy/apps.py                                                                                         3      0      0      0   100%
tenancy/events.py                                                                                       2      0      0      0   100%
tenancy/policies.py                                                                                     2      0      0      0   100%
tenancy/selectors.py                                                                                    2      0      0      0   100%
tenancy/services.py                                                                                     2      0      0      0   100%
therapist_dashboard/__init__.py                                                                         0      0      0      0   100%
therapist_dashboard/apps.py                                                                             3      0      0      0   100%
therapist_dashboard/events.py                                                                           2      0      0      0   100%
therapist_dashboard/policies.py                                                                         2      0      0      0   100%
therapist_dashboard/selectors.py                                                                       42      0      6      0   100%
therapist_dashboard/services.py                                                                         2      0      0      0   100%
therapist_dashboard/urls.py                                                                             3      0      0      0   100%
therapist_dashboard/views.py                                                                           34      4      8      4    81%
wellness/__init__.py                                                                                    0      0      0      0   100%
wellness/activity_models.py                                                                            66      3      2      1    94%
wellness/apps.py                                                                                        5      0      0      0   100%
wellness/contracts.py                                                                                  20      0      0      0   100%
wellness/crisis_models.py                                                                              53      3      0      0    94%
wellness/crisis_services.py                                                                            28      0      2      0   100%
wellness/events.py                                                                                     24      0      0      0   100%
wellness/migrations/0001_initial.py                                                                     9      0      0      0   100%
wellness/migrations/__init__.py                                                                         0      0      0      0   100%
wellness/models.py                                                                                      7      0      0      0   100%
wellness/policies.py                                                                                   48     21     18      3    45%
wellness/relapse_plan_models.py                                                                        73      4      0      0    95%
wellness/relapse_services.py                                                                           59      3     14      3    92%
wellness/selectors.py                                                                                  49      3      8      1    93%
wellness/services.py                                                                                  112     12     26      6    87%
wellness/sobriety_models.py                                                                            76      4      0      0    95%
wellness/sobriety_services.py                                                                          58      3     14      5    89%
wellness/wellness_models.py                                                                            87      4      0      0    95%
-------------------------------------------------------------------------------------------------------------------------------------
TOTAL                                                                                               21712   2249   4062   1023    86%
Coverage failure: total of 86 is less than fail-under=90
