41d228aa816090f256012a2538d218a10a810c4eacf1e41a999b8fc524bcecad
rabbitmq_container=0
d46ddff964b99f2228f3150633027cf417cee65b7bb9d2339fd502f54581574d
redis_container=0
Error response from daemon: container 41d228aa816090f256012a2538d218a10a810c4eacf1e41a999b8fc524bcecad is not running
rabbitmq_ping_exit=1
PONG
redis_ping_exit=0
--- dispatch from host (transport, não eager) ---
Traceback (most recent call last):
  File "/Users/rgnsystems/projects/auroraelo/.venv/lib/python3.14/site-packages/kombu/utils/functional.py", line 32, in __call__
    return self.__value__
           ^^^^^^^^^^^^^^
AttributeError: 'ChannelPromise' object has no attribute '__value__'. Did you mean: '__call__'?

During handling of the above exception, another exception occurred:

Traceback (most recent call last):
  File "/Users/rgnsystems/projects/auroraelo/.venv/lib/python3.14/site-packages/kombu/connection.py", line 474, in _reraise_as_library_errors
    yield
  File "/Users/rgnsystems/projects/auroraelo/.venv/lib/python3.14/site-packages/kombu/connection.py", line 461, in _ensure_connection
    return retry_over_time(
        self._connection_factory, self.recoverable_connection_errors,
    ...<2 lines>...
        callback, timeout=timeout
    )
  File "/Users/rgnsystems/projects/auroraelo/.venv/lib/python3.14/site-packages/kombu/utils/functional.py", line 318, in retry_over_time
    return fun(*args, **kwargs)
  File "/Users/rgnsystems/projects/auroraelo/.venv/lib/python3.14/site-packages/kombu/connection.py", line 941, in _connection_factory
    self._connection = self._establish_connection()
                       ~~~~~~~~~~~~~~~~~~~~~~~~~~^^
  File "/Users/rgnsystems/projects/auroraelo/.venv/lib/python3.14/site-packages/kombu/connection.py", line 863, in _establish_connection
    conn = self.transport.establish_connection()
  File "/Users/rgnsystems/projects/auroraelo/.venv/lib/python3.14/site-packages/kombu/transport/pyamqp.py", line 203, in establish_connection
    conn.connect()
    ~~~~~~~~~~~~^^
  File "/Users/rgnsystems/projects/auroraelo/.venv/lib/python3.14/site-packages/amqp/connection.py", line 324, in connect
    self.transport.connect()
    ~~~~~~~~~~~~~~~~~~~~~~^^
  File "/Users/rgnsystems/projects/auroraelo/.venv/lib/python3.14/site-packages/amqp/transport.py", line 132, in connect
    self._connect(self.host, self.port, self.connect_timeout)
    ~~~~~~~~~~~~~^^^^^^^^^^^^^^^^^^^^^^^^^^^^^^^^^^^^^^^^^^^^
  File "/Users/rgnsystems/projects/auroraelo/.venv/lib/python3.14/site-packages/amqp/transport.py", line 187, in _connect
    self.sock.connect(sa)
    ~~~~~~~~~~~~~~~~~^^^^
ConnectionRefusedError: [Errno 61] Connection refused

The above exception was the direct cause of the following exception:

Traceback (most recent call last):
  File "<string>", line 6, in <module>
    result = debug_task.apply_async()
  File "/Users/rgnsystems/projects/auroraelo/.venv/lib/python3.14/site-packages/celery/app/task.py", line 627, in apply_async
    return app.send_task(
           ~~~~~~~~~~~~~^
        self.name, args, kwargs, task_id=task_id, producer=producer,
        ^^^^^^^^^^^^^^^^^^^^^^^^^^^^^^^^^^^^^^^^^^^^^^^^^^^^^^^^^^^^
    ...<2 lines>...
        **options
        ^^^^^^^^^
    )
    ^
  File "/Users/rgnsystems/projects/auroraelo/.venv/lib/python3.14/site-packages/celery/app/base.py", line 969, in send_task
    amqp.send_task_message(P, name, message, **options)
    ~~~~~~~~~~~~~~~~~~~~~~^^^^^^^^^^^^^^^^^^^^^^^^^^^^^
  File "/Users/rgnsystems/projects/auroraelo/.venv/lib/python3.14/site-packages/celery/app/amqp.py", line 559, in send_task_message
    ret = producer.publish(
        body,
    ...<8 lines>...
        **properties
    )
  File "/Users/rgnsystems/projects/auroraelo/.venv/lib/python3.14/site-packages/kombu/messaging.py", line 190, in publish
    return _publish(
        body, priority, content_type, content_encoding,
        headers, properties, routing_key, mandatory, immediate,
        exchange_name, declare, timeout, confirm_timeout, retry, retry_policy
    )
  File "/Users/rgnsystems/projects/auroraelo/.venv/lib/python3.14/site-packages/kombu/connection.py", line 558, in _ensured
    return fun(*args, **kwargs)
  File "/Users/rgnsystems/projects/auroraelo/.venv/lib/python3.14/site-packages/kombu/messaging.py", line 200, in _publish
    channel = self.channel
              ^^^^^^^^^^^^
  File "/Users/rgnsystems/projects/auroraelo/.venv/lib/python3.14/site-packages/kombu/messaging.py", line 224, in _get_channel
    channel = self._channel = channel()
                              ~~~~~~~^^
  File "/Users/rgnsystems/projects/auroraelo/.venv/lib/python3.14/site-packages/kombu/utils/functional.py", line 34, in __call__
    value = self.__value__ = self.__contract__()
                             ~~~~~~~~~~~~~~~~~^^
  File "/Users/rgnsystems/projects/auroraelo/.venv/lib/python3.14/site-packages/kombu/messaging.py", line 240, in <lambda>
    channel = ChannelPromise(lambda: connection.default_channel)
                                     ^^^^^^^^^^^^^^^^^^^^^^^^^^
  File "/Users/rgnsystems/projects/auroraelo/.venv/lib/python3.14/site-packages/kombu/connection.py", line 960, in default_channel
    self._ensure_connection(**conn_opts)
    ~~~~~~~~~~~~~~~~~~~~~~~^^^^^^^^^^^^^
  File "/Users/rgnsystems/projects/auroraelo/.venv/lib/python3.14/site-packages/kombu/connection.py", line 460, in _ensure_connection
    with ctx():
         ~~~^^
  File "/Library/Frameworks/Python.framework/Versions/3.14/lib/python3.14/contextlib.py", line 162, in __exit__
    self.gen.throw(value)
    ~~~~~~~~~~~~~~^^^^^^^
  File "/Users/rgnsystems/projects/auroraelo/.venv/lib/python3.14/site-packages/kombu/connection.py", line 478, in _reraise_as_library_errors
    raise ConnectionError(str(exc)) from exc
kombu.exceptions.OperationalError: [Errno 61] Connection refused
task_always_eager=False
dispatch_exit=1
Error response from daemon: container 41d228aa816090f256012a2538d218a10a810c4eacf1e41a999b8fc524bcecad is not running
--- worker container (linux/python:3.14 image) ---
ed72f0e6d45cb035f816dc66784bc8ae7b36e643f67c1e0c3c89137beb46c693
worker_container=0
--- worker container log ---
- ** ---------- .> transport:   amqp://auroraelo_sintetico:**@host.docker.internal:55672//
- ** ---------- .> results:     redis://host.docker.internal:56379/2
[2026-09-23 02:39:00,987: ERROR/MainProcess] consumer: Cannot connect to amqp://auroraelo_sintetico:**@host.docker.internal:55672//: [Errno 111] Connection refused.
[2026-09-23 02:39:02,995: ERROR/MainProcess] consumer: Cannot connect to amqp://auroraelo_sintetico:**@host.docker.internal:55672//: [Errno 111] Connection refused.
[2026-09-23 02:39:07,009: ERROR/MainProcess] consumer: Cannot connect to amqp://auroraelo_sintetico:**@host.docker.internal:55672//: [Errno 111] Connection refused.
[2026-09-23 02:39:13,027: ERROR/MainProcess] consumer: Cannot connect to amqp://auroraelo_sintetico:**@host.docker.internal:55672//: [Errno 111] Connection refused.
[2026-09-23 02:39:21,037: ERROR/MainProcess] consumer: Cannot connect to amqp://auroraelo_sintetico:**@host.docker.internal:55672//: [Errno 111] Connection refused.
[2026-09-23 02:39:31,056: ERROR/MainProcess] consumer: Cannot connect to amqp://auroraelo_sintetico:**@host.docker.internal:55672//: [Errno 111] Connection refused.
[2026-09-23 02:39:43,076: ERROR/MainProcess] consumer: Cannot connect to amqp://auroraelo_sintetico:**@host.docker.internal:55672//: [Errno 111] Connection refused.
[2026-09-23 02:39:57,093: ERROR/MainProcess] consumer: Cannot connect to amqp://auroraelo_sintetico:**@host.docker.internal:55672//: [Errno 111] Connection refused.
[2026-09-23 02:40:13,115: ERROR/MainProcess] consumer: Cannot connect to amqp://auroraelo_sintetico:**@host.docker.internal:55672//: [Errno 111] Connection refused.
[2026-09-23 02:40:31,132: ERROR/MainProcess] consumer: Cannot connect to amqp://auroraelo_sintetico:**@host.docker.internal:55672//: [Errno 111] Connection refused.
task_received=0
task_succeeded=0
--- queues after worker consumed ---
Error response from daemon: container 41d228aa816090f256012a2538d218a10a810c4eacf1e41a999b8fc524bcecad is not running
auroraelo-worker-verify
auroraelo-rmq-verify
auroraelo-redis-verify
auroraelo-rmq-verify-data
leftover=0
