
> auroraelo-e2e@1.0.0 test
> npx playwright test

[WebServer] /Users/rgnsystems/projects/auroraelo/.venv/lib/python3.14/site-packages/django/core/handlers/base.py:63: UserWarning: No directory at: /Users/rgnsystems/projects/auroraelo/staticfiles/
[WebServer]   mw_instance = middleware(adapted_handler)
[WebServer] {"timestamp":"2026-09-23T02:26:17.027474+00:00","level":"INFO","logger":"application.request","request_id":"378a3fb2e90c4d77bc94d8a902eb3e89","tenant_id":"unknown","actor_ref":"anonymous","event":"request.completed","outcome":"success","latency_ms":9.846}
[WebServer] {"timestamp":"2026-09-23T02:26:17.029962+00:00","level":"INFO","logger":"django.server","request_id":"unknown","tenant_id":"unknown","actor_ref":"anonymous","event":"log.event","outcome":"unknown"}

Running 22 tests using 4 workers

[WebServer] {"timestamp":"2026-09-23T02:26:17.753188+00:00","level":"INFO","logger":"application.request","request_id":"eb2ddd1285d947568ef0c022e5b97925","tenant_id":"unknown","actor_ref":"anonymous","event":"request.completed","outcome":"success","latency_ms":0.749}
[WebServer] {"timestamp":"2026-09-23T02:26:17.753344+00:00","level":"WARNING","logger":"django.request","request_id":"unknown","tenant_id":"unknown","actor_ref":"anonymous","event":"log.event","outcome":"unknown"}
[WebServer] {"timestamp":"2026-09-23T02:26:17.753736+00:00","level":"WARNING","logger":"django.server","request_id":"unknown","tenant_id":"unknown","actor_ref":"anonymous","event":"log.event","outcome":"unknown"}
[WebServer] {"timestamp":"2026-09-23T02:26:17.760726+00:00","level":"INFO","logger":"application.request","request_id":"e89aedfba96e42fc94e7b127710add08","tenant_id":"unknown","actor_ref":"anonymous","event":"request.completed","outcome":"success","latency_ms":0.928}
[WebServer] {"timestamp":"2026-09-23T02:26:17.760942+00:00","level":"WARNING","logger":"django.request","request_id":"unknown","tenant_id":"unknown","actor_ref":"anonymous","event":"log.event","outcome":"unknown"}
[WebServer] {"timestamp":"2026-09-23T02:26:17.762012+00:00","level":"WARNING","logger":"django.server","request_id":"unknown","tenant_id":"unknown","actor_ref":"anonymous","event":"log.event","outcome":"unknown"}
[WebServer] {"timestamp":"2026-09-23T02:26:17.769303+00:00","level":"INFO","logger":"application.request","request_id":"23969721b4094856acc653e130580c51","tenant_id":"unknown","actor_ref":"anonymous","event":"request.completed","outcome":"success","latency_ms":1.201}
[WebServer] {"timestamp":"2026-09-23T02:26:17.769525+00:00","level":"WARNING","logger":"django.request","request_id":"unknown","tenant_id":"unknown","actor_ref":"anonymous","event":"log.event","outcome":"unknown"}
[WebServer] {"timestamp":"2026-09-23T02:26:17.770172+00:00","level":"WARNING","logger":"django.server","request_id":"unknown","tenant_id":"unknown","actor_ref":"anonymous","event":"log.event","outcome":"unknown"}
[WebServer] {"timestamp":"2026-09-23T02:26:17.776184+00:00","level":"INFO","logger":"application.request","request_id":"05c86c6800c646a2b942b8babc9ce20e","tenant_id":"unknown","actor_ref":"anonymous","event":"request.completed","outcome":"success","latency_ms":0.994}
[WebServer] {"timestamp":"2026-09-23T02:26:17.776413+00:00","level":"WARNING","logger":"django.request","request_id":"unknown","tenant_id":"unknown","actor_ref":"anonymous","event":"log.event","outcome":"unknown"}
[WebServer] {"timestamp":"2026-09-23T02:26:17.777037+00:00","level":"WARNING","logger":"django.server","request_id":"unknown","tenant_id":"unknown","actor_ref":"anonymous","event":"log.event","outcome":"unknown"}
  ✓   1 [chromium] › e2e/api.spec.ts:4:7 › API REST Endpoints › unauthenticated journal request returns 401 (46ms)
  ✓   2 [chromium] › e2e/api.spec.ts:9:7 › API REST Endpoints › unauthenticated goals request returns 401 (45ms)
  ✓   3 [chromium] › e2e/api.spec.ts:14:7 › API REST Endpoints › unauthenticated appointments request returns 401 (47ms)
  ✓   4 [chromium] › e2e/api.spec.ts:21:7 › API REST Endpoints › unauthenticated scheduling services request returns 401 (51ms)
[WebServer] {"timestamp":"2026-09-23T02:26:17.865527+00:00","level":"INFO","logger":"application.request","request_id":"4c956f41ba4d487b9e503f793dc13487","tenant_id":"unknown","actor_ref":"anonymous","event":"request.completed","outcome":"success","latency_ms":71.733}
[WebServer] {"timestamp":"2026-09-23T02:26:17.865956+00:00","level":"INFO","logger":"django.server","request_id":"unknown","tenant_id":"unknown","actor_ref":"anonymous","event":"log.event","outcome":"unknown"}
  ✓   5 [chromium] › e2e/api.spec.ts:28:7 › API REST Endpoints › docs page renders Swagger UI (89ms)
[WebServer] {"timestamp":"2026-09-23T02:26:18.755845+00:00","level":"INFO","logger":"application.request","request_id":"e73236b1200f4904b22b78a1243ea1fb","tenant_id":"unknown","actor_ref":"anonymous","event":"request.completed","outcome":"success","latency_ms":21.514}
[WebServer] {"timestamp":"2026-09-23T02:26:18.762217+00:00","level":"INFO","logger":"django.server","request_id":"unknown","tenant_id":"unknown","actor_ref":"anonymous","event":"log.event","outcome":"unknown"}
[WebServer] {"timestamp":"2026-09-23T02:26:18.804915+00:00","level":"INFO","logger":"application.request","request_id":"541b568f879641c8980eb0b87f8053c4","tenant_id":"unknown","actor_ref":"anonymous","event":"request.completed","outcome":"success","latency_ms":68.472}
[WebServer] {"timestamp":"2026-09-23T02:26:18.806329+00:00","level":"INFO","logger":"application.request","request_id":"dd6bbc7cbfd14398aecb66780da79a32","tenant_id":"unknown","actor_ref":"anonymous","event":"request.completed","outcome":"success","latency_ms":9.385}
[WebServer] {"timestamp":"2026-09-23T02:26:18.806724+00:00","level":"INFO","logger":"application.request","request_id":"fdc13321cd1349589f631c2da1fa2276","tenant_id":"unknown","actor_ref":"anonymous","event":"request.completed","outcome":"success","latency_ms":73.32}
[WebServer] {"timestamp":"2026-09-23T02:26:18.807342+00:00","level":"INFO","logger":"django.server","request_id":"unknown","tenant_id":"unknown","actor_ref":"anonymous","event":"log.event","outcome":"unknown"}
[WebServer] {"timestamp":"2026-09-23T02:26:18.814488+00:00","level":"INFO","logger":"django.server","request_id":"unknown","tenant_id":"unknown","actor_ref":"anonymous","event":"log.event","outcome":"unknown"}
[WebServer] {"timestamp":"2026-09-23T02:26:18.816612+00:00","level":"INFO","logger":"django.server","request_id":"unknown","tenant_id":"unknown","actor_ref":"anonymous","event":"log.event","outcome":"unknown"}
[WebServer] {"timestamp":"2026-09-23T02:26:18.916889+00:00","level":"INFO","logger":"application.request","request_id":"f56f5b4273c041bea0355813b008da20","tenant_id":"unknown","actor_ref":"anonymous","event":"request.completed","outcome":"success","latency_ms":14.882}
[WebServer] {"timestamp":"2026-09-23T02:26:18.917146+00:00","level":"WARNING","logger":"django.request","request_id":"unknown","tenant_id":"unknown","actor_ref":"anonymous","event":"log.event","outcome":"unknown"}
[WebServer] {"timestamp":"2026-09-23T02:26:18.922340+00:00","level":"INFO","logger":"application.request","request_id":"ed592e2c938148f69f26aab52aac7be7","tenant_id":"unknown","actor_ref":"anonymous","event":"request.completed","outcome":"success","latency_ms":25.601}
[WebServer] {"timestamp":"2026-09-23T02:26:18.928604+00:00","level":"INFO","logger":"application.request","request_id":"fc67e3d2a3364f21bff91ad303aa564e","tenant_id":"unknown","actor_ref":"anonymous","event":"request.completed","outcome":"success","latency_ms":13.839}
[WebServer] {"timestamp":"2026-09-23T02:26:18.931414+00:00","level":"INFO","logger":"application.request","request_id":"5aab17f345f94d0ca12e2f89a96a8d0c","tenant_id":"unknown","actor_ref":"anonymous","event":"request.completed","outcome":"success","latency_ms":18.376}
[WebServer] {"timestamp":"2026-09-23T02:26:18.935955+00:00","level":"WARNING","logger":"django.request","request_id":"unknown","tenant_id":"unknown","actor_ref":"anonymous","event":"log.event","outcome":"unknown"}
[WebServer] {"timestamp":"2026-09-23T02:26:18.939230+00:00","level":"WARNING","logger":"django.request","request_id":"unknown","tenant_id":"unknown","actor_ref":"anonymous","event":"log.event","outcome":"unknown"}
[WebServer] {"timestamp":"2026-09-23T02:26:18.943043+00:00","level":"INFO","logger":"application.request","request_id":"c86ad80dbd544f219db79a3e3d112198","tenant_id":"unknown","actor_ref":"anonymous","event":"request.completed","outcome":"success","latency_ms":8.566}
[WebServer] {"timestamp":"2026-09-23T02:26:18.946232+00:00","level":"WARNING","logger":"django.server","request_id":"unknown","tenant_id":"unknown","actor_ref":"anonymous","event":"log.event","outcome":"unknown"}
[WebServer] {"timestamp":"2026-09-23T02:26:18.950530+00:00","level":"WARNING","logger":"django.request","request_id":"unknown","tenant_id":"unknown","actor_ref":"anonymous","event":"log.event","outcome":"unknown"}
[WebServer] {"timestamp":"2026-09-23T02:26:18.951223+00:00","level":"WARNING","logger":"django.server","request_id":"unknown","tenant_id":"unknown","actor_ref":"anonymous","event":"log.event","outcome":"unknown"}
[WebServer] {"timestamp":"2026-09-23T02:26:18.955704+00:00","level":"WARNING","logger":"django.server","request_id":"unknown","tenant_id":"unknown","actor_ref":"anonymous","event":"log.event","outcome":"unknown"}
[WebServer] {"timestamp":"2026-09-23T02:26:18.963896+00:00","level":"WARNING","logger":"django.request","request_id":"unknown","tenant_id":"unknown","actor_ref":"anonymous","event":"log.event","outcome":"unknown"}
[WebServer] {"timestamp":"2026-09-23T02:26:18.969711+00:00","level":"WARNING","logger":"django.server","request_id":"unknown","tenant_id":"unknown","actor_ref":"anonymous","event":"log.event","outcome":"unknown"}
[WebServer] {"timestamp":"2026-09-23T02:26:18.981010+00:00","level":"INFO","logger":"application.request","request_id":"ba72a0bbf234439a9da019e49e360782","tenant_id":"unknown","actor_ref":"anonymous","event":"request.completed","outcome":"success","latency_ms":17.869}
[WebServer] {"timestamp":"2026-09-23T02:26:18.981750+00:00","level":"INFO","logger":"application.request","request_id":"aa1e42ab82e6454cbc907c3118a02f6c","tenant_id":"unknown","actor_ref":"anonymous","event":"request.completed","outcome":"success","latency_ms":3.963}
[WebServer] {"timestamp":"2026-09-23T02:26:18.987472+00:00","level":"WARNING","logger":"django.server","request_id":"unknown","tenant_id":"unknown","actor_ref":"anonymous","event":"log.event","outcome":"unknown"}
[WebServer] {"timestamp":"2026-09-23T02:26:18.990144+00:00","level":"INFO","logger":"application.request","request_id":"4a0c1ddd0632422597d4f3b8f65b62f1","tenant_id":"unknown","actor_ref":"anonymous","event":"request.completed","outcome":"success","latency_ms":23.726}
[WebServer] {"timestamp":"2026-09-23T02:26:18.991956+00:00","level":"WARNING","logger":"django.request","request_id":"unknown","tenant_id":"unknown","actor_ref":"anonymous","event":"log.event","outcome":"unknown"}
[WebServer] {"timestamp":"2026-09-23T02:26:18.992246+00:00","level":"WARNING","logger":"django.request","request_id":"unknown","tenant_id":"unknown","actor_ref":"anonymous","event":"log.event","outcome":"unknown"}
[WebServer] {"timestamp":"2026-09-23T02:26:18.995431+00:00","level":"INFO","logger":"application.request","request_id":"433fd14708f6441aacd366fee02e51e2","tenant_id":"unknown","actor_ref":"anonymous","event":"request.completed","outcome":"success","latency_ms":18.552}
[WebServer] {"timestamp":"2026-09-23T02:26:18.996016+00:00","level":"WARNING","logger":"django.request","request_id":"unknown","tenant_id":"unknown","actor_ref":"anonymous","event":"log.event","outcome":"unknown"}
[WebServer] {"timestamp":"2026-09-23T02:26:18.996441+00:00","level":"INFO","logger":"application.request","request_id":"a1b3dcf640d44ecf893cfda678f2eeee","tenant_id":"unknown","actor_ref":"anonymous","event":"request.completed","outcome":"success","latency_ms":17.224}
[WebServer] {"timestamp":"2026-09-23T02:26:18.997026+00:00","level":"INFO","logger":"application.request","request_id":"364e2155124144c1b336fc90ca611e8e","tenant_id":"unknown","actor_ref":"anonymous","event":"request.completed","outcome":"success","latency_ms":14.015}
[WebServer] {"timestamp":"2026-09-23T02:26:19.000890+00:00","level":"WARNING","logger":"django.server","request_id":"unknown","tenant_id":"unknown","actor_ref":"anonymous","event":"log.event","outcome":"unknown"}
[WebServer] {"timestamp":"2026-09-23T02:26:19.001154+00:00","level":"INFO","logger":"application.request","request_id":"e72407f112354238a08e944ba46e8dd2","tenant_id":"unknown","actor_ref":"anonymous","event":"request.completed","outcome":"success","latency_ms":12.52}
[WebServer] {"timestamp":"2026-09-23T02:26:19.001322+00:00","level":"WARNING","logger":"django.server","request_id":"unknown","tenant_id":"unknown","actor_ref":"anonymous","event":"log.event","outcome":"unknown"}
[WebServer] {"timestamp":"2026-09-23T02:26:19.001519+00:00","level":"WARNING","logger":"django.request","request_id":"unknown","tenant_id":"unknown","actor_ref":"anonymous","event":"log.event","outcome":"unknown"}
[WebServer] {"timestamp":"2026-09-23T02:26:19.001903+00:00","level":"WARNING","logger":"django.server","request_id":"unknown","tenant_id":"unknown","actor_ref":"anonymous","event":"log.event","outcome":"unknown"}
[WebServer] {"timestamp":"2026-09-23T02:26:19.002371+00:00","level":"WARNING","logger":"django.request","request_id":"unknown","tenant_id":"unknown","actor_ref":"anonymous","event":"log.event","outcome":"unknown"}
[WebServer] {"timestamp":"2026-09-23T02:26:19.003063+00:00","level":"WARNING","logger":"django.request","request_id":"unknown","tenant_id":"unknown","actor_ref":"anonymous","event":"log.event","outcome":"unknown"}
[WebServer] {"timestamp":"2026-09-23T02:26:19.007504+00:00","level":"INFO","logger":"application.request","request_id":"8cda28825b7c4a6c8fe65ef7209c6e90","tenant_id":"unknown","actor_ref":"anonymous","event":"request.completed","outcome":"success","latency_ms":43.484}
[WebServer] {"timestamp":"2026-09-23T02:26:19.007942+00:00","level":"INFO","logger":"application.request","request_id":"745edb4d0c4646d19927ed7a56c67c2f","tenant_id":"unknown","actor_ref":"anonymous","event":"request.completed","outcome":"success","latency_ms":108.067}
[WebServer] {"timestamp":"2026-09-23T02:26:19.008104+00:00","level":"WARNING","logger":"django.request","request_id":"unknown","tenant_id":"unknown","actor_ref":"anonymous","event":"log.event","outcome":"unknown"}
[WebServer] {"timestamp":"2026-09-23T02:26:19.008287+00:00","level":"WARNING","logger":"django.server","request_id":"unknown","tenant_id":"unknown","actor_ref":"anonymous","event":"log.event","outcome":"unknown"}
[WebServer] {"timestamp":"2026-09-23T02:26:19.008524+00:00","level":"WARNING","logger":"django.server","request_id":"unknown","tenant_id":"unknown","actor_ref":"anonymous","event":"log.event","outcome":"unknown"}
[WebServer] {"timestamp":"2026-09-23T02:26:19.008690+00:00","level":"WARNING","logger":"django.server","request_id":"unknown","tenant_id":"unknown","actor_ref":"anonymous","event":"log.event","outcome":"unknown"}
[WebServer] {"timestamp":"2026-09-23T02:26:19.008907+00:00","level":"INFO","logger":"application.request","request_id":"e5aa2d06c94e4a99ba48cf5e62f09e64","tenant_id":"unknown","actor_ref":"anonymous","event":"request.completed","outcome":"success","latency_ms":21.257}
[WebServer] {"timestamp":"2026-09-23T02:26:19.009474+00:00","level":"INFO","logger":"application.request","request_id":"09645560e7574ac88e126e0743fae824","tenant_id":"unknown","actor_ref":"anonymous","event":"request.completed","outcome":"success","latency_ms":21.084}
[WebServer] {"timestamp":"2026-09-23T02:26:19.009687+00:00","level":"WARNING","logger":"django.request","request_id":"unknown","tenant_id":"unknown","actor_ref":"anonymous","event":"log.event","outcome":"unknown"}
[WebServer] {"timestamp":"2026-09-23T02:26:19.010105+00:00","level":"WARNING","logger":"django.request","request_id":"unknown","tenant_id":"unknown","actor_ref":"anonymous","event":"log.event","outcome":"unknown"}
[WebServer] {"timestamp":"2026-09-23T02:26:19.010430+00:00","level":"WARNING","logger":"django.server","request_id":"unknown","tenant_id":"unknown","actor_ref":"anonymous","event":"log.event","outcome":"unknown"}
[WebServer] {"timestamp":"2026-09-23T02:26:19.011390+00:00","level":"WARNING","logger":"django.request","request_id":"unknown","tenant_id":"unknown","actor_ref":"anonymous","event":"log.event","outcome":"unknown"}
[WebServer] {"timestamp":"2026-09-23T02:26:19.011892+00:00","level":"WARNING","logger":"django.request","request_id":"unknown","tenant_id":"unknown","actor_ref":"anonymous","event":"log.event","outcome":"unknown"}
[WebServer] {"timestamp":"2026-09-23T02:26:19.012427+00:00","level":"WARNING","logger":"django.server","request_id":"unknown","tenant_id":"unknown","actor_ref":"anonymous","event":"log.event","outcome":"unknown"}
[WebServer] {"timestamp":"2026-09-23T02:26:19.012674+00:00","level":"WARNING","logger":"django.server","request_id":"unknown","tenant_id":"unknown","actor_ref":"anonymous","event":"log.event","outcome":"unknown"}
[WebServer] {"timestamp":"2026-09-23T02:26:19.013058+00:00","level":"WARNING","logger":"django.server","request_id":"unknown","tenant_id":"unknown","actor_ref":"anonymous","event":"log.event","outcome":"unknown"}
[WebServer] {"timestamp":"2026-09-23T02:26:19.013639+00:00","level":"WARNING","logger":"django.server","request_id":"unknown","tenant_id":"unknown","actor_ref":"anonymous","event":"log.event","outcome":"unknown"}
[WebServer] {"timestamp":"2026-09-23T02:26:19.044280+00:00","level":"INFO","logger":"application.request","request_id":"d5909a05fbc64084bb4ef20d38a2a56d","tenant_id":"unknown","actor_ref":"anonymous","event":"request.completed","outcome":"success","latency_ms":15.656}
[WebServer] {"timestamp":"2026-09-23T02:26:19.044484+00:00","level":"WARNING","logger":"django.request","request_id":"unknown","tenant_id":"unknown","actor_ref":"anonymous","event":"log.event","outcome":"unknown"}
[WebServer] {"timestamp":"2026-09-23T02:26:19.047689+00:00","level":"INFO","logger":"application.request","request_id":"c76b8a4e700943e0933dff7602ca1508","tenant_id":"unknown","actor_ref":"anonymous","event":"request.completed","outcome":"success","latency_ms":15.906}
[WebServer] {"timestamp":"2026-09-23T02:26:19.047960+00:00","level":"WARNING","logger":"django.request","request_id":"unknown","tenant_id":"unknown","actor_ref":"anonymous","event":"log.event","outcome":"unknown"}
[WebServer] {"timestamp":"2026-09-23T02:26:19.052136+00:00","level":"WARNING","logger":"django.server","request_id":"unknown","tenant_id":"unknown","actor_ref":"anonymous","event":"log.event","outcome":"unknown"}
[WebServer] {"timestamp":"2026-09-23T02:26:19.054975+00:00","level":"WARNING","logger":"django.server","request_id":"unknown","tenant_id":"unknown","actor_ref":"anonymous","event":"log.event","outcome":"unknown"}
[WebServer] {"timestamp":"2026-09-23T02:26:19.058008+00:00","level":"INFO","logger":"django.server","request_id":"unknown","tenant_id":"unknown","actor_ref":"anonymous","event":"log.event","outcome":"unknown"}
[WebServer] {"timestamp":"2026-09-23T02:26:19.062230+00:00","level":"INFO","logger":"application.request","request_id":"51c61a09b4b8455c9fdb8ac68302cfa4","tenant_id":"unknown","actor_ref":"anonymous","event":"request.completed","outcome":"success","latency_ms":21.885}
[WebServer] {"timestamp":"2026-09-23T02:26:19.062386+00:00","level":"WARNING","logger":"django.request","request_id":"unknown","tenant_id":"unknown","actor_ref":"anonymous","event":"log.event","outcome":"unknown"}
[WebServer] {"timestamp":"2026-09-23T02:26:19.064878+00:00","level":"INFO","logger":"application.request","request_id":"61ffe572c90e451984bf148ae36ab0d8","tenant_id":"unknown","actor_ref":"anonymous","event":"request.completed","outcome":"success","latency_ms":27.071}
[WebServer] {"timestamp":"2026-09-23T02:26:19.065038+00:00","level":"WARNING","logger":"django.request","request_id":"unknown","tenant_id":"unknown","actor_ref":"anonymous","event":"log.event","outcome":"unknown"}
[WebServer] {"timestamp":"2026-09-23T02:26:19.070300+00:00","level":"WARNING","logger":"django.server","request_id":"unknown","tenant_id":"unknown","actor_ref":"anonymous","event":"log.event","outcome":"unknown"}
[WebServer] {"timestamp":"2026-09-23T02:26:19.071107+00:00","level":"WARNING","logger":"django.server","request_id":"unknown","tenant_id":"unknown","actor_ref":"anonymous","event":"log.event","outcome":"unknown"}
[WebServer] {"timestamp":"2026-09-23T02:26:19.072674+00:00","level":"INFO","logger":"application.request","request_id":"7de8d4257e174fa2887e1436df3337f2","tenant_id":"unknown","actor_ref":"anonymous","event":"request.completed","outcome":"success","latency_ms":24.411}
[WebServer] {"timestamp":"2026-09-23T02:26:19.073005+00:00","level":"WARNING","logger":"django.request","request_id":"unknown","tenant_id":"unknown","actor_ref":"anonymous","event":"log.event","outcome":"unknown"}
[WebServer] {"timestamp":"2026-09-23T02:26:19.073628+00:00","level":"WARNING","logger":"django.server","request_id":"unknown","tenant_id":"unknown","actor_ref":"anonymous","event":"log.event","outcome":"unknown"}
[WebServer] {"timestamp":"2026-09-23T02:26:19.075533+00:00","level":"INFO","logger":"application.request","request_id":"12918d8d28704eb5b5321e169f87cd62","tenant_id":"unknown","actor_ref":"anonymous","event":"request.completed","outcome":"success","latency_ms":16.675}
[WebServer] {"timestamp":"2026-09-23T02:26:19.077427+00:00","level":"WARNING","logger":"django.request","request_id":"unknown","tenant_id":"unknown","actor_ref":"anonymous","event":"log.event","outcome":"unknown"}
[WebServer] {"timestamp":"2026-09-23T02:26:19.077911+00:00","level":"INFO","logger":"application.request","request_id":"31b99d7a2ed142a0a525241972f19fd6","tenant_id":"unknown","actor_ref":"anonymous","event":"request.completed","outcome":"success","latency_ms":21.33}
[WebServer] {"timestamp":"2026-09-23T02:26:19.078125+00:00","level":"WARNING","logger":"django.request","request_id":"unknown","tenant_id":"unknown","actor_ref":"anonymous","event":"log.event","outcome":"unknown"}
[WebServer] {"timestamp":"2026-09-23T02:26:19.080837+00:00","level":"INFO","logger":"application.request","request_id":"69da7dbfbb634eef860093aa5d2d9fc9","tenant_id":"unknown","actor_ref":"anonymous","event":"request.completed","outcome":"success","latency_ms":28.537}
[WebServer] {"timestamp":"2026-09-23T02:26:19.085211+00:00","level":"WARNING","logger":"django.server","request_id":"unknown","tenant_id":"unknown","actor_ref":"anonymous","event":"log.event","outcome":"unknown"}
[WebServer] {"timestamp":"2026-09-23T02:26:19.085614+00:00","level":"WARNING","logger":"django.server","request_id":"unknown","tenant_id":"unknown","actor_ref":"anonymous","event":"log.event","outcome":"unknown"}
[WebServer] {"timestamp":"2026-09-23T02:26:19.087283+00:00","level":"INFO","logger":"application.request","request_id":"be73dc0146764f95ab1ce43432172b18","tenant_id":"unknown","actor_ref":"anonymous","event":"request.completed","outcome":"success","latency_ms":49.044}
[WebServer] {"timestamp":"2026-09-23T02:26:19.088961+00:00","level":"INFO","logger":"application.request","request_id":"6b72a29acff144128bc62f2b0ad33fc3","tenant_id":"unknown","actor_ref":"anonymous","event":"request.completed","outcome":"success","latency_ms":19.112}
[WebServer] {"timestamp":"2026-09-23T02:26:19.089175+00:00","level":"WARNING","logger":"django.request","request_id":"unknown","tenant_id":"unknown","actor_ref":"anonymous","event":"log.event","outcome":"unknown"}
[WebServer] {"timestamp":"2026-09-23T02:26:19.089570+00:00","level":"INFO","logger":"application.request","request_id":"87502521e34c47e1bd94dc26b0b8f159","tenant_id":"unknown","actor_ref":"anonymous","event":"request.completed","outcome":"success","latency_ms":18.574}
[WebServer] {"timestamp":"2026-09-23T02:26:19.089780+00:00","level":"WARNING","logger":"django.request","request_id":"unknown","tenant_id":"unknown","actor_ref":"anonymous","event":"log.event","outcome":"unknown"}
[WebServer] {"timestamp":"2026-09-23T02:26:19.090154+00:00","level":"WARNING","logger":"django.server","request_id":"unknown","tenant_id":"unknown","actor_ref":"anonymous","event":"log.event","outcome":"unknown"}
[WebServer] {"timestamp":"2026-09-23T02:26:19.090834+00:00","level":"WARNING","logger":"django.request","request_id":"unknown","tenant_id":"unknown","actor_ref":"anonymous","event":"log.event","outcome":"unknown"}
[WebServer] {"timestamp":"2026-09-23T02:26:19.091846+00:00","level":"WARNING","logger":"django.server","request_id":"unknown","tenant_id":"unknown","actor_ref":"anonymous","event":"log.event","outcome":"unknown"}
[WebServer] {"timestamp":"2026-09-23T02:26:19.093574+00:00","level":"WARNING","logger":"django.server","request_id":"unknown","tenant_id":"unknown","actor_ref":"anonymous","event":"log.event","outcome":"unknown"}
[WebServer] {"timestamp":"2026-09-23T02:26:19.100546+00:00","level":"WARNING","logger":"django.request","request_id":"unknown","tenant_id":"unknown","actor_ref":"anonymous","event":"log.event","outcome":"unknown"}
[WebServer] {"timestamp":"2026-09-23T02:26:19.101818+00:00","level":"WARNING","logger":"django.server","request_id":"unknown","tenant_id":"unknown","actor_ref":"anonymous","event":"log.event","outcome":"unknown"}
  ✓   6 [chromium] › e2e/auth.spec.ts:4:7 › Authentication Flow › login page loads in Portuguese (840ms)
  ✓   9 [chromium] › e2e/auth.spec.ts:31:7 › Authentication Flow › Master login is public and renders its credential form (866ms)
[WebServer] {"timestamp":"2026-09-23T02:26:19.423924+00:00","level":"INFO","logger":"application.request","request_id":"5b26c9c3667a4b2899d0c7f7da008bde","tenant_id":"unknown","actor_ref":"anonymous","event":"request.completed","outcome":"success","latency_ms":1.156}
[WebServer] {"timestamp":"2026-09-23T02:26:19.424350+00:00","level":"INFO","logger":"django.server","request_id":"unknown","tenant_id":"unknown","actor_ref":"anonymous","event":"log.event","outcome":"unknown"}
[WebServer] {"timestamp":"2026-09-23T02:26:19.442133+00:00","level":"INFO","logger":"application.request","request_id":"ac8662dbac594a69a50f8e727ff43aa5","tenant_id":"unknown","actor_ref":"anonymous","event":"request.completed","outcome":"success","latency_ms":8.368}
[WebServer] {"timestamp":"2026-09-23T02:26:19.442804+00:00","level":"INFO","logger":"django.server","request_id":"unknown","tenant_id":"unknown","actor_ref":"anonymous","event":"log.event","outcome":"unknown"}
[WebServer] {"timestamp":"2026-09-23T02:26:19.451525+00:00","level":"INFO","logger":"application.request","request_id":"1d1a39708eda430b95ff87ccc6efc4c6","tenant_id":"unknown","actor_ref":"anonymous","event":"request.completed","outcome":"success","latency_ms":0.855}
[WebServer] {"timestamp":"2026-09-23T02:26:19.451937+00:00","level":"INFO","logger":"django.server","request_id":"unknown","tenant_id":"unknown","actor_ref":"anonymous","event":"log.event","outcome":"unknown"}
[WebServer] {"timestamp":"2026-09-23T02:26:19.488839+00:00","level":"INFO","logger":"application.request","request_id":"6a1aa5cacdd3419f9cb0df35662c30e1","tenant_id":"unknown","actor_ref":"anonymous","event":"request.completed","outcome":"success","latency_ms":115.942}
[WebServer] {"timestamp":"2026-09-23T02:26:19.489762+00:00","level":"INFO","logger":"django.server","request_id":"unknown","tenant_id":"unknown","actor_ref":"anonymous","event":"log.event","outcome":"unknown"}
[WebServer] {"timestamp":"2026-09-23T02:26:19.532128+00:00","level":"INFO","logger":"application.request","request_id":"4ed8e175f7824123bf544a1db0cefc54","tenant_id":"unknown","actor_ref":"anonymous","event":"request.completed","outcome":"success","latency_ms":6.2}
[WebServer] {"timestamp":"2026-09-23T02:26:19.532692+00:00","level":"WARNING","logger":"django.request","request_id":"unknown","tenant_id":"unknown","actor_ref":"anonymous","event":"log.event","outcome":"unknown"}
[WebServer] {"timestamp":"2026-09-23T02:26:19.533399+00:00","level":"WARNING","logger":"django.server","request_id":"unknown","tenant_id":"unknown","actor_ref":"anonymous","event":"log.event","outcome":"unknown"}
[WebServer] {"timestamp":"2026-09-23T02:26:19.551087+00:00","level":"INFO","logger":"application.request","request_id":"8a239d32a45a4b3199f2850d888e6832","tenant_id":"unknown","actor_ref":"anonymous","event":"request.completed","outcome":"success","latency_ms":10.03}
[WebServer] {"timestamp":"2026-09-23T02:26:19.551455+00:00","level":"WARNING","logger":"django.request","request_id":"unknown","tenant_id":"unknown","actor_ref":"anonymous","event":"log.event","outcome":"unknown"}
[WebServer] {"timestamp":"2026-09-23T02:26:19.553247+00:00","level":"INFO","logger":"application.request","request_id":"ee3885bc05b846d9927ce7cff03a5685","tenant_id":"unknown","actor_ref":"anonymous","event":"request.completed","outcome":"success","latency_ms":17.478}
[WebServer] {"timestamp":"2026-09-23T02:26:19.553574+00:00","level":"WARNING","logger":"django.request","request_id":"unknown","tenant_id":"unknown","actor_ref":"anonymous","event":"log.event","outcome":"unknown"}
[WebServer] {"timestamp":"2026-09-23T02:26:19.554886+00:00","level":"WARNING","logger":"django.server","request_id":"unknown","tenant_id":"unknown","actor_ref":"anonymous","event":"log.event","outcome":"unknown"}
[WebServer] {"timestamp":"2026-09-23T02:26:19.556923+00:00","level":"INFO","logger":"application.request","request_id":"1f135d99122a45ab91f47d887a2e1874","tenant_id":"unknown","actor_ref":"anonymous","event":"request.completed","outcome":"success","latency_ms":9.902}
[WebServer] {"timestamp":"2026-09-23T02:26:19.557111+00:00","level":"WARNING","logger":"django.request","request_id":"unknown","tenant_id":"unknown","actor_ref":"anonymous","event":"log.event","outcome":"unknown"}
[WebServer] {"timestamp":"2026-09-23T02:26:19.558855+00:00","level":"INFO","logger":"application.request","request_id":"c62617528ceb4d43886f71248c4b29d5","tenant_id":"unknown","actor_ref":"anonymous","event":"request.completed","outcome":"success","latency_ms":34.757}
[WebServer] {"timestamp":"2026-09-23T02:26:19.559029+00:00","level":"WARNING","logger":"django.request","request_id":"unknown","tenant_id":"unknown","actor_ref":"anonymous","event":"log.event","outcome":"unknown"}
[WebServer] {"timestamp":"2026-09-23T02:26:19.559696+00:00","level":"WARNING","logger":"django.server","request_id":"unknown","tenant_id":"unknown","actor_ref":"anonymous","event":"log.event","outcome":"unknown"}
[WebServer] {"timestamp":"2026-09-23T02:26:19.561319+00:00","level":"WARNING","logger":"django.server","request_id":"unknown","tenant_id":"unknown","actor_ref":"anonymous","event":"log.event","outcome":"unknown"}
[WebServer] {"timestamp":"2026-09-23T02:26:19.562034+00:00","level":"WARNING","logger":"django.server","request_id":"unknown","tenant_id":"unknown","actor_ref":"anonymous","event":"log.event","outcome":"unknown"}
[WebServer] {"timestamp":"2026-09-23T02:26:19.577501+00:00","level":"INFO","logger":"application.request","request_id":"5cb45ab33818427d845a8188dc811b83","tenant_id":"unknown","actor_ref":"anonymous","event":"request.completed","outcome":"success","latency_ms":5.408}
[WebServer] {"timestamp":"2026-09-23T02:26:19.578017+00:00","level":"INFO","logger":"django.server","request_id":"unknown","tenant_id":"unknown","actor_ref":"anonymous","event":"log.event","outcome":"unknown"}
[WebServer] {"timestamp":"2026-09-23T02:26:19.593399+00:00","level":"INFO","logger":"application.request","request_id":"b5675c05b2c4473da06bd0b62dbe799f","tenant_id":"unknown","actor_ref":"anonymous","event":"request.completed","outcome":"success","latency_ms":3.327}
[WebServer] {"timestamp":"2026-09-23T02:26:19.595024+00:00","level":"WARNING","logger":"django.request","request_id":"unknown","tenant_id":"unknown","actor_ref":"anonymous","event":"log.event","outcome":"unknown"}
[WebServer] {"timestamp":"2026-09-23T02:26:19.595803+00:00","level":"WARNING","logger":"django.server","request_id":"unknown","tenant_id":"unknown","actor_ref":"anonymous","event":"log.event","outcome":"unknown"}
  ✓  10 [chromium] › e2e/auth.spec.ts:38:7 › Authentication Flow › global protected routes preserve their login destinations (88ms)
[WebServer] {"timestamp":"2026-09-23T02:26:19.714863+00:00","level":"INFO","logger":"application.request","request_id":"7cf678e452d34b5d835185f78cc42001","tenant_id":"unknown","actor_ref":"anonymous","event":"request.completed","outcome":"success","latency_ms":9.263}
[WebServer] {"timestamp":"2026-09-23T02:26:19.717198+00:00","level":"WARNING","logger":"django.request","request_id":"unknown","tenant_id":"unknown","actor_ref":"anonymous","event":"log.event","outcome":"unknown"}
[WebServer] {"timestamp":"2026-09-23T02:26:19.723011+00:00","level":"INFO","logger":"application.request","request_id":"f7d2f6e2f6aa4d888669dbc4396d6ca7","tenant_id":"unknown","actor_ref":"anonymous","event":"request.completed","outcome":"success","latency_ms":13.774}
[WebServer] {"timestamp":"2026-09-23T02:26:19.723295+00:00","level":"WARNING","logger":"django.request","request_id":"unknown","tenant_id":"unknown","actor_ref":"anonymous","event":"log.event","outcome":"unknown"}
[WebServer] {"timestamp":"2026-09-23T02:26:19.725924+00:00","level":"INFO","logger":"application.request","request_id":"454ae6e4c74f46dead41bdae3f2b8df3","tenant_id":"unknown","actor_ref":"anonymous","event":"request.completed","outcome":"success","latency_ms":22.578}
[WebServer] {"timestamp":"2026-09-23T02:26:19.726420+00:00","level":"WARNING","logger":"django.request","request_id":"unknown","tenant_id":"unknown","actor_ref":"anonymous","event":"log.event","outcome":"unknown"}
[WebServer] {"timestamp":"2026-09-23T02:26:19.731080+00:00","level":"INFO","logger":"application.request","request_id":"db914d3c6a6f468fb9f7d52092e02b3e","tenant_id":"unknown","actor_ref":"anonymous","event":"request.completed","outcome":"success","latency_ms":15.254}
[WebServer] {"timestamp":"2026-09-23T02:26:19.731541+00:00","level":"WARNING","logger":"django.request","request_id":"unknown","tenant_id":"unknown","actor_ref":"anonymous","event":"log.event","outcome":"unknown"}
[WebServer] {"timestamp":"2026-09-23T02:26:19.731843+00:00","level":"WARNING","logger":"django.server","request_id":"unknown","tenant_id":"unknown","actor_ref":"anonymous","event":"log.event","outcome":"unknown"}
[WebServer] {"timestamp":"2026-09-23T02:26:19.732242+00:00","level":"WARNING","logger":"django.server","request_id":"unknown","tenant_id":"unknown","actor_ref":"anonymous","event":"log.event","outcome":"unknown"}
[WebServer] {"timestamp":"2026-09-23T02:26:19.732936+00:00","level":"WARNING","logger":"django.server","request_id":"unknown","tenant_id":"unknown","actor_ref":"anonymous","event":"log.event","outcome":"unknown"}
[WebServer] {"timestamp":"2026-09-23T02:26:19.734288+00:00","level":"WARNING","logger":"django.server","request_id":"unknown","tenant_id":"unknown","actor_ref":"anonymous","event":"log.event","outcome":"unknown"}
[WebServer] {"timestamp":"2026-09-23T02:26:19.736876+00:00","level":"INFO","logger":"application.request","request_id":"81636cc3fa89462cb8bb0d626a5ccfef","tenant_id":"unknown","actor_ref":"anonymous","event":"request.completed","outcome":"success","latency_ms":17.695}
[WebServer] {"timestamp":"2026-09-23T02:26:19.737061+00:00","level":"WARNING","logger":"django.request","request_id":"unknown","tenant_id":"unknown","actor_ref":"anonymous","event":"log.event","outcome":"unknown"}
[WebServer] {"timestamp":"2026-09-23T02:26:19.737573+00:00","level":"WARNING","logger":"django.server","request_id":"unknown","tenant_id":"unknown","actor_ref":"anonymous","event":"log.event","outcome":"unknown"}
[WebServer] {"timestamp":"2026-09-23T02:26:19.740209+00:00","level":"INFO","logger":"application.request","request_id":"00c8ddcef59a41f4b81a13caf1cc79d0","tenant_id":"unknown","actor_ref":"anonymous","event":"request.completed","outcome":"success","latency_ms":40.651}
[WebServer] {"timestamp":"2026-09-23T02:26:19.740427+00:00","level":"WARNING","logger":"django.request","request_id":"unknown","tenant_id":"unknown","actor_ref":"anonymous","event":"log.event","outcome":"unknown"}
[WebServer] {"timestamp":"2026-09-23T02:26:19.740844+00:00","level":"WARNING","logger":"django.server","request_id":"unknown","tenant_id":"unknown","actor_ref":"anonymous","event":"log.event","outcome":"unknown"}
  ✓   8 [chromium] › e2e/auth.spec.ts:20:7 › Authentication Flow › login with invalid credentials shows error (1.3s)
  ✓   7 [chromium] › e2e/auth.spec.ts:14:7 › Authentication Flow › public landing page stays reachable without authentication (1.3s)
[WebServer] {"timestamp":"2026-09-23T02:26:19.827056+00:00","level":"INFO","logger":"application.request","request_id":"aef44796e25c4247b1eb4b7d74aae215","tenant_id":"unknown","actor_ref":"anonymous","event":"request.completed","outcome":"success","latency_ms":3.286}
[WebServer] {"timestamp":"2026-09-23T02:26:19.827238+00:00","level":"WARNING","logger":"django.request","request_id":"unknown","tenant_id":"unknown","actor_ref":"anonymous","event":"log.event","outcome":"unknown"}
[WebServer] {"timestamp":"2026-09-23T02:26:19.827788+00:00","level":"WARNING","logger":"django.server","request_id":"unknown","tenant_id":"unknown","actor_ref":"anonymous","event":"log.event","outcome":"unknown"}
  ✓  11 [chromium] › e2e/auth.spec.ts:56:7 › Authentication Flow › account login keeps the next query string for the POST (512ms)
[WebServer] {"timestamp":"2026-09-23T02:26:19.968992+00:00","level":"INFO","logger":"application.request","request_id":"d27a81fde18047c18605cb383872feb8","tenant_id":"unknown","actor_ref":"anonymous","event":"request.completed","outcome":"success","latency_ms":16.259}
[WebServer] {"timestamp":"2026-09-23T02:26:19.971069+00:00","level":"WARNING","logger":"django.request","request_id":"unknown","tenant_id":"unknown","actor_ref":"anonymous","event":"log.event","outcome":"unknown"}
[WebServer] {"timestamp":"2026-09-23T02:26:19.973690+00:00","level":"INFO","logger":"application.request","request_id":"bbfb7d672e4e45cf9b55583611ec9deb","tenant_id":"unknown","actor_ref":"anonymous","event":"request.completed","outcome":"success","latency_ms":12.867}
[WebServer] {"timestamp":"2026-09-23T02:26:19.974190+00:00","level":"WARNING","logger":"django.request","request_id":"unknown","tenant_id":"unknown","actor_ref":"anonymous","event":"log.event","outcome":"unknown"}
[WebServer] {"timestamp":"2026-09-23T02:26:19.977101+00:00","level":"INFO","logger":"application.request","request_id":"31b616700554467d8e0fcac897212156","tenant_id":"unknown","actor_ref":"anonymous","event":"request.completed","outcome":"success","latency_ms":20.97}
[WebServer] {"timestamp":"2026-09-23T02:26:19.977417+00:00","level":"WARNING","logger":"django.request","request_id":"unknown","tenant_id":"unknown","actor_ref":"anonymous","event":"log.event","outcome":"unknown"}
[WebServer] {"timestamp":"2026-09-23T02:26:19.977812+00:00","level":"WARNING","logger":"django.server","request_id":"unknown","tenant_id":"unknown","actor_ref":"anonymous","event":"log.event","outcome":"unknown"}
[WebServer] {"timestamp":"2026-09-23T02:26:19.978303+00:00","level":"WARNING","logger":"django.server","request_id":"unknown","tenant_id":"unknown","actor_ref":"anonymous","event":"log.event","outcome":"unknown"}
[WebServer] {"timestamp":"2026-09-23T02:26:19.980719+00:00","level":"INFO","logger":"application.request","request_id":"26fd511d0cd24ec7838a0835b16a2c65","tenant_id":"unknown","actor_ref":"anonymous","event":"request.completed","outcome":"success","latency_ms":17.934}
[WebServer] {"timestamp":"2026-09-23T02:26:19.981083+00:00","level":"WARNING","logger":"django.request","request_id":"unknown","tenant_id":"unknown","actor_ref":"anonymous","event":"log.event","outcome":"unknown"}
[WebServer] {"timestamp":"2026-09-23T02:26:19.981400+00:00","level":"WARNING","logger":"django.server","request_id":"unknown","tenant_id":"unknown","actor_ref":"anonymous","event":"log.event","outcome":"unknown"}
[WebServer] {"timestamp":"2026-09-23T02:26:19.984691+00:00","level":"INFO","logger":"application.request","request_id":"2caa23f3c4d541ab9ccc963aa2acd6fd","tenant_id":"unknown","actor_ref":"anonymous","event":"request.completed","outcome":"success","latency_ms":19.027}
[WebServer] {"timestamp":"2026-09-23T02:26:19.985010+00:00","level":"WARNING","logger":"django.request","request_id":"unknown","tenant_id":"unknown","actor_ref":"anonymous","event":"log.event","outcome":"unknown"}
[WebServer] {"timestamp":"2026-09-23T02:26:19.985427+00:00","level":"WARNING","logger":"django.server","request_id":"unknown","tenant_id":"unknown","actor_ref":"anonymous","event":"log.event","outcome":"unknown"}
[WebServer] {"timestamp":"2026-09-23T02:26:19.986135+00:00","level":"WARNING","logger":"django.server","request_id":"unknown","tenant_id":"unknown","actor_ref":"anonymous","event":"log.event","outcome":"unknown"}
[WebServer] {"timestamp":"2026-09-23T02:26:19.987721+00:00","level":"INFO","logger":"application.request","request_id":"bc46ec581c954017b724cc1f793d19f3","tenant_id":"unknown","actor_ref":"anonymous","event":"request.completed","outcome":"success","latency_ms":15.405}
[WebServer] {"timestamp":"2026-09-23T02:26:19.987854+00:00","level":"WARNING","logger":"django.request","request_id":"unknown","tenant_id":"unknown","actor_ref":"anonymous","event":"log.event","outcome":"unknown"}
[WebServer] {"timestamp":"2026-09-23T02:26:19.988321+00:00","level":"WARNING","logger":"django.server","request_id":"unknown","tenant_id":"unknown","actor_ref":"anonymous","event":"log.event","outcome":"unknown"}
[WebServer] {"timestamp":"2026-09-23T02:26:20.022848+00:00","level":"INFO","logger":"application.request","request_id":"559f6f1bfce1454782f8f0499f35df5e","tenant_id":"unknown","actor_ref":"anonymous","event":"request.completed","outcome":"success","latency_ms":5.057}
[WebServer] {"timestamp":"2026-09-23T02:26:20.023316+00:00","level":"INFO","logger":"django.server","request_id":"unknown","tenant_id":"unknown","actor_ref":"anonymous","event":"log.event","outcome":"unknown"}
[WebServer] {"timestamp":"2026-09-23T02:26:20.136729+00:00","level":"INFO","logger":"application.request","request_id":"06b89659473242a59a3e02cf89c020f2","tenant_id":"unknown","actor_ref":"anonymous","event":"request.completed","outcome":"success","latency_ms":4.741}
[WebServer] {"timestamp":"2026-09-23T02:26:20.138817+00:00","level":"WARNING","logger":"django.request","request_id":"unknown","tenant_id":"unknown","actor_ref":"anonymous","event":"log.event","outcome":"unknown"}
[WebServer] {"timestamp":"2026-09-23T02:26:20.147385+00:00","level":"INFO","logger":"application.request","request_id":"0d89e927cf7c4a798f77b66e3050c88c","tenant_id":"unknown","actor_ref":"anonymous","event":"request.completed","outcome":"success","latency_ms":9.983}
[WebServer] {"timestamp":"2026-09-23T02:26:20.150919+00:00","level":"WARNING","logger":"django.server","request_id":"unknown","tenant_id":"unknown","actor_ref":"anonymous","event":"log.event","outcome":"unknown"}
[WebServer] {"timestamp":"2026-09-23T02:26:20.159805+00:00","level":"WARNING","logger":"django.request","request_id":"unknown","tenant_id":"unknown","actor_ref":"anonymous","event":"log.event","outcome":"unknown"}
[WebServer] {"timestamp":"2026-09-23T02:26:20.164850+00:00","level":"INFO","logger":"application.request","request_id":"5a20d1379ccc4c0191463d3570379d79","tenant_id":"unknown","actor_ref":"anonymous","event":"request.completed","outcome":"success","latency_ms":17.062}
[WebServer] {"timestamp":"2026-09-23T02:26:20.165254+00:00","level":"INFO","logger":"django.server","request_id":"unknown","tenant_id":"unknown","actor_ref":"anonymous","event":"log.event","outcome":"unknown"}
[WebServer] {"timestamp":"2026-09-23T02:26:20.172150+00:00","level":"WARNING","logger":"django.server","request_id":"unknown","tenant_id":"unknown","actor_ref":"anonymous","event":"log.event","outcome":"unknown"}
[WebServer] {"timestamp":"2026-09-23T02:26:20.181300+00:00","level":"INFO","logger":"application.request","request_id":"f3259a33707a4b93ba0dbbf945fdfd65","tenant_id":"unknown","actor_ref":"anonymous","event":"request.completed","outcome":"success","latency_ms":16.051}
[WebServer] {"timestamp":"2026-09-23T02:26:20.185001+00:00","level":"WARNING","logger":"django.request","request_id":"unknown","tenant_id":"unknown","actor_ref":"anonymous","event":"log.event","outcome":"unknown"}
[WebServer] {"timestamp":"2026-09-23T02:26:20.188950+00:00","level":"INFO","logger":"application.request","request_id":"97bd5a04cedf4805adbec29ef26c947a","tenant_id":"unknown","actor_ref":"anonymous","event":"request.completed","outcome":"success","latency_ms":2.466}
[WebServer] {"timestamp":"2026-09-23T02:26:20.191324+00:00","level":"INFO","logger":"application.request","request_id":"b975bfba8daf472f883204a68ddc7868","tenant_id":"unknown","actor_ref":"anonymous","event":"request.completed","outcome":"success","latency_ms":27.475}
[WebServer] {"timestamp":"2026-09-23T02:26:20.191725+00:00","level":"INFO","logger":"application.request","request_id":"0d1622e76bd348909fead0940c5698cb","tenant_id":"unknown","actor_ref":"anonymous","event":"request.completed","outcome":"success","latency_ms":14.209}
[WebServer] {"timestamp":"2026-09-23T02:26:20.191996+00:00","level":"INFO","logger":"application.request","request_id":"20168337a1294c9081e6d4cf374f6f2b","tenant_id":"unknown","actor_ref":"anonymous","event":"request.completed","outcome":"success","latency_ms":7.812}
[WebServer] {"timestamp":"2026-09-23T02:26:20.192549+00:00","level":"INFO","logger":"django.server","request_id":"unknown","tenant_id":"unknown","actor_ref":"anonymous","event":"log.event","outcome":"unknown"}
[WebServer] {"timestamp":"2026-09-23T02:26:20.197543+00:00","level":"WARNING","logger":"django.request","request_id":"unknown","tenant_id":"unknown","actor_ref":"anonymous","event":"log.event","outcome":"unknown"}
[WebServer] {"timestamp":"2026-09-23T02:26:20.198781+00:00","level":"INFO","logger":"application.request","request_id":"214fdd30053748819f72edb66c56e54a","tenant_id":"unknown","actor_ref":"anonymous","event":"request.completed","outcome":"success","latency_ms":36.844}
[WebServer] {"timestamp":"2026-09-23T02:26:20.199825+00:00","level":"WARNING","logger":"django.request","request_id":"unknown","tenant_id":"unknown","actor_ref":"anonymous","event":"log.event","outcome":"unknown"}
[WebServer] {"timestamp":"2026-09-23T02:26:20.200078+00:00","level":"WARNING","logger":"django.request","request_id":"unknown","tenant_id":"unknown","actor_ref":"anonymous","event":"log.event","outcome":"unknown"}
[WebServer] {"timestamp":"2026-09-23T02:26:20.200375+00:00","level":"WARNING","logger":"django.request","request_id":"unknown","tenant_id":"unknown","actor_ref":"anonymous","event":"log.event","outcome":"unknown"}
[WebServer] {"timestamp":"2026-09-23T02:26:20.200751+00:00","level":"WARNING","logger":"django.request","request_id":"unknown","tenant_id":"unknown","actor_ref":"anonymous","event":"log.event","outcome":"unknown"}
[WebServer] {"timestamp":"2026-09-23T02:26:20.201474+00:00","level":"INFO","logger":"application.request","request_id":"5e963ec5c5a748ab9e9e928ab3c787f2","tenant_id":"unknown","actor_ref":"anonymous","event":"request.completed","outcome":"success","latency_ms":8.845}
[WebServer] {"timestamp":"2026-09-23T02:26:20.204461+00:00","level":"INFO","logger":"application.request","request_id":"f1f7feb3215c46ec8a85f810f8775e94","tenant_id":"unknown","actor_ref":"anonymous","event":"request.completed","outcome":"success","latency_ms":6.815}
[WebServer] {"timestamp":"2026-09-23T02:26:20.204870+00:00","level":"WARNING","logger":"django.server","request_id":"unknown","tenant_id":"unknown","actor_ref":"anonymous","event":"log.event","outcome":"unknown"}
[WebServer] {"timestamp":"2026-09-23T02:26:20.206046+00:00","level":"WARNING","logger":"django.request","request_id":"unknown","tenant_id":"unknown","actor_ref":"anonymous","event":"log.event","outcome":"unknown"}
[WebServer] {"timestamp":"2026-09-23T02:26:20.206498+00:00","level":"WARNING","logger":"django.server","request_id":"unknown","tenant_id":"unknown","actor_ref":"anonymous","event":"log.event","outcome":"unknown"}
[WebServer] {"timestamp":"2026-09-23T02:26:20.206891+00:00","level":"WARNING","logger":"django.server","request_id":"unknown","tenant_id":"unknown","actor_ref":"anonymous","event":"log.event","outcome":"unknown"}
[WebServer] {"timestamp":"2026-09-23T02:26:20.207180+00:00","level":"WARNING","logger":"django.server","request_id":"unknown","tenant_id":"unknown","actor_ref":"anonymous","event":"log.event","outcome":"unknown"}
[WebServer] {"timestamp":"2026-09-23T02:26:20.207462+00:00","level":"WARNING","logger":"django.server","request_id":"unknown","tenant_id":"unknown","actor_ref":"anonymous","event":"log.event","outcome":"unknown"}
[WebServer] {"timestamp":"2026-09-23T02:26:20.207766+00:00","level":"WARNING","logger":"django.request","request_id":"unknown","tenant_id":"unknown","actor_ref":"anonymous","event":"log.event","outcome":"unknown"}
[WebServer] {"timestamp":"2026-09-23T02:26:20.209368+00:00","level":"WARNING","logger":"django.request","request_id":"unknown","tenant_id":"unknown","actor_ref":"anonymous","event":"log.event","outcome":"unknown"}
[WebServer] {"timestamp":"2026-09-23T02:26:20.214016+00:00","level":"WARNING","logger":"django.server","request_id":"unknown","tenant_id":"unknown","actor_ref":"anonymous","event":"log.event","outcome":"unknown"}
[WebServer] {"timestamp":"2026-09-23T02:26:20.215742+00:00","level":"INFO","logger":"django.server","request_id":"unknown","tenant_id":"unknown","actor_ref":"anonymous","event":"log.event","outcome":"unknown"}
[WebServer] {"timestamp":"2026-09-23T02:26:20.219997+00:00","level":"WARNING","logger":"django.server","request_id":"unknown","tenant_id":"unknown","actor_ref":"anonymous","event":"log.event","outcome":"unknown"}
[WebServer] {"timestamp":"2026-09-23T02:26:20.222795+00:00","level":"WARNING","logger":"django.server","request_id":"unknown","tenant_id":"unknown","actor_ref":"anonymous","event":"log.event","outcome":"unknown"}
[WebServer] {"timestamp":"2026-09-23T02:26:20.225361+00:00","level":"WARNING","logger":"django.server","request_id":"unknown","tenant_id":"unknown","actor_ref":"anonymous","event":"log.event","outcome":"unknown"}
[WebServer] {"timestamp":"2026-09-23T02:26:20.261243+00:00","level":"INFO","logger":"application.request","request_id":"75462e9f16af4644a590ac5f29bcf8b7","tenant_id":"unknown","actor_ref":"anonymous","event":"request.completed","outcome":"success","latency_ms":5.424}
[WebServer] {"timestamp":"2026-09-23T02:26:20.261757+00:00","level":"INFO","logger":"django.server","request_id":"unknown","tenant_id":"unknown","actor_ref":"anonymous","event":"log.event","outcome":"unknown"}
  ✓  12 [chromium] › e2e/errors.spec.ts:4:7 › Error Pages › 404 page is in Portuguese (641ms)
[WebServer] {"timestamp":"2026-09-23T02:26:20.306361+00:00","level":"INFO","logger":"application.request","request_id":"b6c0e65f7f3e483a9d542cc91b486c12","tenant_id":"unknown","actor_ref":"anonymous","event":"request.completed","outcome":"success","latency_ms":0.841}
[WebServer] {"timestamp":"2026-09-23T02:26:20.306918+00:00","level":"INFO","logger":"django.server","request_id":"unknown","tenant_id":"unknown","actor_ref":"anonymous","event":"log.event","outcome":"unknown"}
  ✓  16 [chromium] › e2e/security.spec.ts:4:7 › Security Headers › X-Content-Type-Options is nosniff (26ms)
  ✓  14 [chromium] › e2e/i18n.spec.ts:4:7 › Internationalization › login page loads in Portuguese (503ms)
[WebServer] {"timestamp":"2026-09-23T02:26:20.383051+00:00","level":"INFO","logger":"application.request","request_id":"8409ba1da9b347b19330d1063d874e78","tenant_id":"unknown","actor_ref":"anonymous","event":"request.completed","outcome":"success","latency_ms":0.634}
[WebServer] {"timestamp":"2026-09-23T02:26:20.383439+00:00","level":"INFO","logger":"django.server","request_id":"unknown","tenant_id":"unknown","actor_ref":"anonymous","event":"log.event","outcome":"unknown"}
  ✓  17 [chromium] › e2e/security.spec.ts:15:7 › Security Headers › response includes correlation ID header (15ms)
[WebServer] {"timestamp":"2026-09-23T02:26:20.421692+00:00","level":"INFO","logger":"application.request","request_id":"ce597630b8d3450abc5863a31cabaa5d","tenant_id":"unknown","actor_ref":"anonymous","event":"request.completed","outcome":"success","latency_ms":3.707}
[WebServer] {"timestamp":"2026-09-23T02:26:20.423055+00:00","level":"WARNING","logger":"django.request","request_id":"unknown","tenant_id":"unknown","actor_ref":"anonymous","event":"log.event","outcome":"unknown"}
[WebServer] {"timestamp":"2026-09-23T02:26:20.433205+00:00","level":"INFO","logger":"application.request","request_id":"57bb671bb2d34f689708764f724dc853","tenant_id":"unknown","actor_ref":"anonymous","event":"request.completed","outcome":"success","latency_ms":3.6}
[WebServer] {"timestamp":"2026-09-23T02:26:20.433516+00:00","level":"WARNING","logger":"django.request","request_id":"unknown","tenant_id":"unknown","actor_ref":"anonymous","event":"log.event","outcome":"unknown"}
[WebServer] {"timestamp":"2026-09-23T02:26:20.436068+00:00","level":"INFO","logger":"application.request","request_id":"6ef85e62b3ec44569399e8952b8584c8","tenant_id":"unknown","actor_ref":"anonymous","event":"request.completed","outcome":"success","latency_ms":8.759}
[WebServer] {"timestamp":"2026-09-23T02:26:20.436338+00:00","level":"WARNING","logger":"django.request","request_id":"unknown","tenant_id":"unknown","actor_ref":"anonymous","event":"log.event","outcome":"unknown"}
[WebServer] {"timestamp":"2026-09-23T02:26:20.437770+00:00","level":"INFO","logger":"application.request","request_id":"3b9be19ad8ec4c4ab44f0cf5562f4931","tenant_id":"unknown","actor_ref":"anonymous","event":"request.completed","outcome":"success","latency_ms":0.641}
[WebServer] {"timestamp":"2026-09-23T02:26:20.440423+00:00","level":"INFO","logger":"application.request","request_id":"6fc2857abd914ed1a4fc59590d681ea0","tenant_id":"unknown","actor_ref":"anonymous","event":"request.completed","outcome":"success","latency_ms":16.303}
[WebServer] {"timestamp":"2026-09-23T02:26:20.440617+00:00","level":"WARNING","logger":"django.request","request_id":"unknown","tenant_id":"unknown","actor_ref":"anonymous","event":"log.event","outcome":"unknown"}
[WebServer] {"timestamp":"2026-09-23T02:26:20.441691+00:00","level":"WARNING","logger":"django.server","request_id":"unknown","tenant_id":"unknown","actor_ref":"anonymous","event":"log.event","outcome":"unknown"}
[WebServer] {"timestamp":"2026-09-23T02:26:20.445876+00:00","level":"WARNING","logger":"django.server","request_id":"unknown","tenant_id":"unknown","actor_ref":"anonymous","event":"log.event","outcome":"unknown"}
[WebServer] {"timestamp":"2026-09-23T02:26:20.448754+00:00","level":"INFO","logger":"django.server","request_id":"unknown","tenant_id":"unknown","actor_ref":"anonymous","event":"log.event","outcome":"unknown"}
[WebServer] {"timestamp":"2026-09-23T02:26:20.448900+00:00","level":"WARNING","logger":"django.server","request_id":"unknown","tenant_id":"unknown","actor_ref":"anonymous","event":"log.event","outcome":"unknown"}
[WebServer] {"timestamp":"2026-09-23T02:26:20.449267+00:00","level":"WARNING","logger":"django.server","request_id":"unknown","tenant_id":"unknown","actor_ref":"anonymous","event":"log.event","outcome":"unknown"}
[WebServer] {"timestamp":"2026-09-23T02:26:20.449704+00:00","level":"INFO","logger":"django.server","request_id":"unknown","tenant_id":"unknown","actor_ref":"anonymous","event":"log.event","outcome":"unknown"}
[WebServer] {"timestamp":"2026-09-23T02:26:20.450047+00:00","level":"INFO","logger":"django.server","request_id":"unknown","tenant_id":"unknown","actor_ref":"anonymous","event":"log.event","outcome":"unknown"}
[WebServer] {"timestamp":"2026-09-23T02:26:20.451889+00:00","level":"INFO","logger":"application.request","request_id":"c18971589a60420f97dd86ccb25c8f12","tenant_id":"unknown","actor_ref":"anonymous","event":"request.completed","outcome":"success","latency_ms":9.609}
[WebServer] {"timestamp":"2026-09-23T02:26:20.453799+00:00","level":"WARNING","logger":"django.request","request_id":"unknown","tenant_id":"unknown","actor_ref":"anonymous","event":"log.event","outcome":"unknown"}
[WebServer] {"timestamp":"2026-09-23T02:26:20.454055+00:00","level":"INFO","logger":"application.request","request_id":"278480b78bdb4c1ab9977329c7ea6a1f","tenant_id":"unknown","actor_ref":"anonymous","event":"request.completed","outcome":"success","latency_ms":7.41}
[WebServer] {"timestamp":"2026-09-23T02:26:20.454251+00:00","level":"WARNING","logger":"django.request","request_id":"unknown","tenant_id":"unknown","actor_ref":"anonymous","event":"log.event","outcome":"unknown"}
[WebServer] {"timestamp":"2026-09-23T02:26:20.454896+00:00","level":"WARNING","logger":"django.server","request_id":"unknown","tenant_id":"unknown","actor_ref":"anonymous","event":"log.event","outcome":"unknown"}
[WebServer] {"timestamp":"2026-09-23T02:26:20.455536+00:00","level":"WARNING","logger":"django.server","request_id":"unknown","tenant_id":"unknown","actor_ref":"anonymous","event":"log.event","outcome":"unknown"}
[WebServer] {"timestamp":"2026-09-23T02:26:20.470629+00:00","level":"INFO","logger":"application.request","request_id":"3c24aaa46f7f47c09ded7191ab228413","tenant_id":"unknown","actor_ref":"anonymous","event":"request.completed","outcome":"success","latency_ms":0.679}
[WebServer] {"timestamp":"2026-09-23T02:26:20.471130+00:00","level":"INFO","logger":"django.server","request_id":"unknown","tenant_id":"unknown","actor_ref":"anonymous","event":"log.event","outcome":"unknown"}
  ✓  19 [chromium] › e2e/security.spec.ts:9:7 › Security Headers › X-Frame-Options is set (38ms)
  ✓  18 [chromium] › e2e/smoke.spec.ts:4:7 › Health & Smoke › liveness probe returns 200 (42ms)
[WebServer] {"timestamp":"2026-09-23T02:26:20.528160+00:00","level":"INFO","logger":"application.request","request_id":"4f0f5a8126d84c27ba6f4c81cf25fbc0","tenant_id":"unknown","actor_ref":"anonymous","event":"request.completed","outcome":"success","latency_ms":14.654}
[WebServer] {"timestamp":"2026-09-23T02:26:20.528724+00:00","level":"INFO","logger":"django.server","request_id":"unknown","tenant_id":"unknown","actor_ref":"anonymous","event":"log.event","outcome":"unknown"}
  ✓  13 [chromium] › e2e/errors.spec.ts:11:7 › Error Pages › error pages include correlation ID (757ms)
  ✓  20 [chromium] › e2e/smoke.spec.ts:11:7 › Health & Smoke › readiness probe returns 200 (35ms)
  ✓  15 [chromium] › e2e/i18n.spec.ts:11:7 › Internationalization › locale is set to PT-BR (606ms)
[WebServer] {"timestamp":"2026-09-23T02:26:20.627256+00:00","level":"INFO","logger":"application.request","request_id":"36648f7081af440fb61535c8c8eab267","tenant_id":"unknown","actor_ref":"anonymous","event":"request.completed","outcome":"success","latency_ms":69.34}
[WebServer] {"timestamp":"2026-09-23T02:26:20.629758+00:00","level":"INFO","logger":"application.request","request_id":"f3bee10f15024ecf89ecfc8a3b9baccc","tenant_id":"unknown","actor_ref":"anonymous","event":"request.completed","outcome":"success","latency_ms":1.157}
[WebServer] {"timestamp":"2026-09-23T02:26:20.630469+00:00","level":"INFO","logger":"django.server","request_id":"unknown","tenant_id":"unknown","actor_ref":"anonymous","event":"log.event","outcome":"unknown"}
[WebServer] {"timestamp":"2026-09-23T02:26:20.631001+00:00","level":"INFO","logger":"django.server","request_id":"unknown","tenant_id":"unknown","actor_ref":"anonymous","event":"log.event","outcome":"unknown"}
  ✓  21 [chromium] › e2e/smoke.spec.ts:26:7 › Health & Smoke › OpenAPI spec is accessible (90ms)
  ✓  22 [chromium] › e2e/smoke.spec.ts:18:7 › Health & Smoke › API ping returns version (49ms)

  22 passed (5.7s)
e2e_exit=0
