psychiatry/tasks.py:7: error: Skipping analyzing "celery": module is installed, but missing library stubs or py.typed marker  [import-untyped]
psychiatry/tasks.py:7: note: See https://mypy.readthedocs.io/en/stable/running_mypy.html#missing-imports
psychiatry/tasks.py:11: error: Function is missing a type annotation  [no-untyped-def]
psychiatry/tasks.py:16: error: Function is missing a type annotation  [no-untyped-def]
psychiatry/tasks.py:21: error: Function is missing a type annotation  [no-untyped-def]
core/telemetry.py:21: error: Cannot find implementation or library stub for module named "opentelemetry.sdk.trace"  [import-not-found]
core/telemetry.py:22: error: Cannot find implementation or library stub for module named "opentelemetry.sdk.trace.export"  [import-not-found]
core/telemetry.py:44: error: Cannot find implementation or library stub for module named "opentelemetry"  [import-not-found]
core/telemetry.py:45: error: Cannot find implementation or library stub for module named "opentelemetry.sdk.resources"  [import-not-found]
core/telemetry.py:74: error: Cannot find implementation or library stub for module named "opentelemetry.exporter.otlp.proto.grpc.trace_exporter"  [import-not-found]
core/telemetry.py:74: note: See https://mypy.readthedocs.io/en/stable/running_mypy.html#missing-imports
config/celery.py:5: error: Skipping analyzing "celery": module is installed, but missing library stubs or py.typed marker  [import-untyped]
config/celery.py:5: note: See https://mypy.readthedocs.io/en/stable/running_mypy.html#missing-imports
config/celery.py:20: error: Function is missing a return type annotation  [no-untyped-def]
config/celery.py:20: note: Use "-> None" if function does not return a value
config/settings/base.py:359: error: Missing type parameters for generic type "dict"  [type-arg]
config/settings/base.py:428: error: Missing type parameters for generic type "dict"  [type-arg]
clinical_operations/models.py:10: error: Missing type parameters for generic type "QuerySet"  [type-arg]
clinical_operations/models.py:11: error: Function is missing a type annotation  [no-untyped-def]
clinical_operations/models.py:15: error: Missing type parameters for generic type "Manager"  [type-arg]
clinical_operations/models.py:16: error: Function is missing a return type annotation  [no-untyped-def]
clinical_operations/models.py:16: note: Use "-> None" if function does not return a value
clinical_operations/models.py:19: error: Function is missing a type annotation  [no-untyped-def]
clinical_operations/models.py:20: error: Call to untyped function "for_clinic" in typed context  [no-untyped-call]
clinical_operations/models.py:33: error: Function is missing a return type annotation  [no-untyped-def]
clinical_operations/models.py:33: note: Use "-> None" if function does not return a value
clinical_operations/models.py:38: error: Item "str" of "type[Model] | Literal['self']" has no attribute "_meta"  [union-attr]
clinical_operations/models.py:39: error: Item "ModelBase" of "type[Model] | Literal['self']" has no attribute "objects"  [union-attr]
clinical_operations/models.py:39: error: Item "str" of "type[Model] | Literal['self']" has no attribute "objects"  [union-attr]
clinical_operations/models.py:45: error: Function is missing a type annotation  [no-untyped-def]
clinical_operations/models.py:46: error: Call to untyped function "clean" in typed context  [no-untyped-call]
clinical_operations/models.py:73: error: Function is missing a type annotation  [no-untyped-def]
clinical_operations/models.py:76: error: Function is missing a return type annotation  [no-untyped-def]
clinical_operations/models.py:76: note: Use "-> None" if function does not return a value
clinical_operations/models.py:79: error: Function is missing a type annotation  [no-untyped-def]
clinical_operations/models.py:84: error: Function is missing a type annotation  [no-untyped-def]
clinical_operations/models.py:85: error: Call to untyped function "for_clinic" in typed context  [no-untyped-call]
clinical_operations/models.py:88: error: Unsupported dynamic base class "models.Manager.from_queryset"  [misc]
clinical_operations/models.py:93: error: Cannot override class variable (previously declared on base class "TenantModel") with instance variable  [misc]
clinical_operations/models.py:94: error: Cannot override class variable (previously declared on base class "TenantModel") with instance variable  [misc]
clinical_operations/models.py:99: error: Function is missing a type annotation  [no-untyped-def]
clinical_operations/models.py:102: error: Call to untyped function "save" in typed context  [no-untyped-call]
clinical_operations/models.py:104: error: Function is missing a type annotation  [no-untyped-def]
psychiatry/models.py:31: error: Function is missing a type annotation  [no-untyped-def]
psychiatry/models.py:125: error: Function is missing a type annotation  [no-untyped-def]
psychiatry/models.py:254: error: Function is missing a type annotation  [no-untyped-def]
psychiatry/models.py:301: error: Function is missing a type annotation  [no-untyped-def]
psychiatry/models.py:321: error: Function is missing a type annotation  [no-untyped-def]
psychiatry/models.py:395: error: Function is missing a type annotation  [no-untyped-def]
psychiatry/models.py:427: error: Function is missing a type annotation  [no-untyped-def]
psychiatry/models.py:707: error: Function is missing a type annotation  [no-untyped-def]
psychiatry/models.py:831: error: Function is missing a type annotation  [no-untyped-def]
psychiatry/redis_service.py:10: error: Function is missing a return type annotation  [no-untyped-def]
psychiatry/redis_service.py:10: note: Use "-> None" if function does not return a value
psychiatry/redis_service.py:16: error: Function is missing a type annotation  [no-untyped-def]
psychiatry/validation.py:17: error: Function is missing a return type annotation  [no-untyped-def]
psychiatry/validation.py:17: note: Use "-> None" if function does not return a value
psychiatry/validation.py:21: error: Function is missing a type annotation  [no-untyped-def]
psychiatry/validation.py:25: error: Call to untyped function "invalid" in typed context  [no-untyped-call]
psychiatry/validation.py:30: error: Function is missing a type annotation  [no-untyped-def]
psychiatry/validation.py:32: error: Call to untyped function "invalid" in typed context  [no-untyped-call]
psychiatry/validation.py:39: error: Call to untyped function "invalid" in typed context  [no-untyped-call]
psychiatry/validation.py:44: error: Call to untyped function "invalid" in typed context  [no-untyped-call]
psychiatry/validation.py:48: error: Function is missing a type annotation  [no-untyped-def]
psychiatry/validation.py:55: error: Call to untyped function "invalid" in typed context  [no-untyped-call]
psychiatry/validation.py:59: error: Function is missing a type annotation  [no-untyped-def]
psychiatry/validation.py:62: error: Call to untyped function "invalid" in typed context  [no-untyped-call]
psychiatry/validation.py:66: error: Function is missing a type annotation  [no-untyped-def]
psychiatry/validation.py:74: error: Call to untyped function "invalid" in typed context  [no-untyped-call]
psychiatry/validation.py:78: error: Function is missing a type annotation  [no-untyped-def]
psychiatry/validation.py:81: error: Call to untyped function "invalid" in typed context  [no-untyped-call]
psychiatry/validation.py:85: error: Function is missing a type annotation  [no-untyped-def]
psychiatry/validation.py:88: error: Call to untyped function "invalid" in typed context  [no-untyped-call]
psychiatry/validation.py:92: error: Function is missing a type annotation  [no-untyped-def]
psychiatry/validation.py:95: error: Call to untyped function "invalid" in typed context  [no-untyped-call]
psychiatry/validation.py:102: error: Call to untyped function "invalid" in typed context  [no-untyped-call]
psychiatry/validation.py:106: error: Function is missing a type annotation  [no-untyped-def]
psychiatry/validation.py:112: error: Call to untyped function "invalid" in typed context  [no-untyped-call]
psychiatry/validation.py:116: error: Function is missing a type annotation  [no-untyped-def]
psychiatry/validation.py:118: error: Call to untyped function "invalid" in typed context  [no-untyped-call]
psychiatry/validation.py:129: error: Call to untyped function "invalid" in typed context  [no-untyped-call]
core/feature_flags.py:57: error: Unused "type: ignore" comment  [unused-ignore]
core/feature_flags.py:76: error: Unused "type: ignore" comment  [unused-ignore]
core/event_store.py:85: error: Return type "None" of "delete" incompatible with return type "tuple[int, dict[str, int]]" in supertype "django.db.models.base.Model"  [override]
core/event_store.py:101: error: Missing type parameters for generic type "dict"  [type-arg]
core/event_store.py:106: error: Missing type parameters for generic type "dict"  [type-arg]
core/event_store.py:112: error: Missing type parameters for generic type "dict"  [type-arg]
core/event_store.py:123: error: Missing type parameters for generic type "dict"  [type-arg]
core/event_store.py:160: error: Missing type parameters for generic type "dict"  [type-arg]
core/event_store.py:172: error: Missing type parameters for generic type "dict"  [type-arg]
tests/test_psychiatry_ui_translations.py:242: error: Function is missing a type annotation  [no-untyped-def]
tests/test_psychiatry_ui_translations.py:259: error: Function is missing a return type annotation  [no-untyped-def]
tests/test_psychiatry_ui_translations.py:259: note: Use "-> None" if function does not return a value
tests/test_psychiatry_ui_translations.py:266: error: Function is missing a type annotation  [no-untyped-def]
tests/test_psychiatry_ui_translations.py:274: error: Function is missing a type annotation  [no-untyped-def]
tests/test_psychiatry_ui_translations.py:278: error: Function is missing a type annotation  [no-untyped-def]
tests/test_psychiatry_ui_translations.py:285: error: Function is missing a type annotation  [no-untyped-def]
tests/test_psychiatry_ui_translations.py:288: error: Function is missing a type annotation  [no-untyped-def]
tests/test_psychiatry_ui_translations.py:304: error: Call to untyped function "RenderedPage" in typed context  [no-untyped-call]
tests/test_psychiatry_ui_translations.py:313: error: Function is missing a type annotation  [no-untyped-def]
tests/test_psychiatry_ui_translations.py:356: error: Function is missing a type annotation  [no-untyped-def]
tests/test_metrics_and_telemetry.py:71: error: Function is missing a type annotation  [no-untyped-def]
tests/test_metrics_and_telemetry.py:75: error: Function is missing a type annotation  [no-untyped-def]
tests/test_event_store.py:27: error: Function is missing a type annotation for one or more arguments  [no-untyped-def]
tests/test_event_store.py:204: error: Missing type parameters for generic type "dict"  [type-arg]
tests/test_event_store.py:258: error: Argument 1 to "allow_relation" of "ReadReplicaRouter" has incompatible type "None"; expected "Model"  [arg-type]
tests/test_event_store.py:258: error: Argument 2 to "allow_relation" of "ReadReplicaRouter" has incompatible type "None"; expected "Model"  [arg-type]
clinics/management/commands/create_aurora_clinic.py:16: error: Function is missing a type annotation  [no-untyped-def]
clinics/management/commands/create_aurora_clinic.py:77: error: Argument "email" to "create_user" of "UserManager" has incompatible type "object"; expected "str"  [arg-type]
clinics/management/commands/create_aurora_clinic.py:88: error: Incompatible types in assignment (expression has type "object", variable has type "str | int | Combinable")  [assignment]
clinics/management/commands/create_aurora_clinic.py:89: error: Incompatible types in assignment (expression has type "object", variable has type "str | int | Combinable")  [assignment]
clinics/management/commands/create_aurora_clinic.py:90: error: Incompatible types in assignment (expression has type "object", variable has type "bool")  [assignment]
clinics/management/commands/create_aurora_clinic.py:91: error: Incompatible types in assignment (expression has type "object", variable has type "bool")  [assignment]
clinics/management/commands/create_aurora_clinic.py:105: error: Incompatible type for "role" of "ClinicMembership" (got "object", expected "str | int | Combinable")  [misc]
clinics/management/commands/create_aurora_clinic.py:117: error: Incompatible types in assignment (expression has type "object", variable has type "str | int | Combinable")  [assignment]
psychiatry/policies.py:17: error: Function is missing a type annotation  [no-untyped-def]
psychiatry/policies.py:22: error: Function is missing a type annotation  [no-untyped-def]
psychiatry/policies.py:23: error: Call to untyped function "require_actor" in typed context  [no-untyped-call]
psychiatry/policies.py:45: error: Function is missing a type annotation  [no-untyped-def]
psychiatry/policies.py:48: error: Function is missing a type annotation  [no-untyped-def]
psychiatry/policies.py:52: error: Function is missing a type annotation  [no-untyped-def]
psychiatry/policies.py:54: error: Call to untyped function "require_domain_access" in typed context  [no-untyped-call]
tests/test_psychiatry_security_migration.py:9: error: Function is missing a return type annotation  [no-untyped-def]
tests/test_psychiatry_security_migration.py:9: note: Use "-> None" if function does not return a value
api/scheduling_api.py:89: error: Returning Any from function declared to return "UUID"  [no-any-return]
api/scheduling_api.py:96: error: Function is missing a return type annotation  [no-untyped-def]
api/scheduling_api.py:105: error: Function is missing a return type annotation  [no-untyped-def]
api/scheduling_api.py:116: error: Argument "actor" to "appointments_visible_to" has incompatible type "User | AnonymousUser"; expected "AbstractBaseUser"  [arg-type]
api/scheduling_api.py:125: error: Function is missing a return type annotation  [no-untyped-def]
api/scheduling_api.py:147: error: Function is missing a return type annotation  [no-untyped-def]
api/scheduling_api.py:154: error: Argument "actor" to "request_appointment" has incompatible type "User | AnonymousUser"; expected "AbstractBaseUser"  [arg-type]
api/scheduling_api.py:168: error: Function is missing a return type annotation  [no-untyped-def]
api/scheduling_api.py:175: error: Argument "actor" to "confirm_appointment" has incompatible type "User | AnonymousUser"; expected "AbstractBaseUser"  [arg-type]
api/scheduling_api.py:189: error: Function is missing a return type annotation  [no-untyped-def]
api/scheduling_api.py:198: error: Argument "actor" to "request_reschedule" has incompatible type "User | AnonymousUser"; expected "AbstractBaseUser"  [arg-type]
api/scheduling_api.py:214: error: Function is missing a return type annotation  [no-untyped-def]
api/scheduling_api.py:223: error: Argument "actor" to "cancel_appointment" has incompatible type "User | AnonymousUser"; expected "AbstractBaseUser"  [arg-type]
api/scheduling_api.py:238: error: Function is missing a return type annotation  [no-untyped-def]
api/scheduling_api.py:245: error: Argument "actor" to "complete_appointment" has incompatible type "User | AnonymousUser"; expected "AbstractBaseUser"  [arg-type]
api/journal_api.py:81: error: Returning Any from function declared to return "UUID"  [no-any-return]
api/journal_api.py:88: error: Function is missing a return type annotation  [no-untyped-def]
api/journal_api.py:99: error: Argument "actor" to "patient_journal_entries" has incompatible type "User | AnonymousUser"; expected "AbstractBaseUser"  [arg-type]
api/journal_api.py:108: error: Function is missing a return type annotation  [no-untyped-def]
api/journal_api.py:114: error: Argument "user_id" to "patient_profile_for_user" has incompatible type "UUID | None"; expected "UUID"  [arg-type]
api/journal_api.py:121: error: Argument "actor" to "create_journal_entry" has incompatible type "User | AnonymousUser"; expected "AbstractBaseUser"  [arg-type]
api/journal_api.py:133: error: Function is missing a return type annotation  [no-untyped-def]
api/journal_api.py:139: error: Argument "actor" to "patient_checkins" has incompatible type "User | AnonymousUser"; expected "AbstractBaseUser"  [arg-type]
api/journal_api.py:145: error: Function is missing a return type annotation  [no-untyped-def]
api/journal_api.py:151: error: Argument "user_id" to "patient_profile_for_user" has incompatible type "UUID | None"; expected "UUID"  [arg-type]
api/journal_api.py:158: error: Argument "actor" to "submit_daily_checkin" has incompatible type "User | AnonymousUser"; expected "AbstractBaseUser"  [arg-type]
api/goals_api.py:83: error: Returning Any from function declared to return "UUID"  [no-any-return]
api/goals_api.py:86: error: Function is missing a type annotation for one or more arguments  [no-untyped-def]
api/goals_api.py:86: error: Missing type parameters for generic type "dict"  [type-arg]
api/goals_api.py:112: error: Function is missing a return type annotation  [no-untyped-def]
api/goals_api.py:118: error: Argument "actor" to "patient_goals" has incompatible type "User | AnonymousUser"; expected "AbstractBaseUser"  [arg-type]
api/goals_api.py:125: error: Function is missing a return type annotation  [no-untyped-def]
api/goals_api.py:132: error: Argument "actor" to "create_goal" has incompatible type "User | AnonymousUser"; expected "AbstractBaseUser"  [arg-type]
api/goals_api.py:143: error: Function is missing a return type annotation  [no-untyped-def]
api/goals_api.py:149: error: Argument "actor" to "goal_steps_for_patient" has incompatible type "User | AnonymousUser"; expected "AbstractBaseUser"  [arg-type]
api/goals_api.py:159: error: Function is missing a return type annotation  [no-untyped-def]
api/goals_api.py:166: error: Argument "actor" to "complete_step" has incompatible type "User | AnonymousUser"; expected "AbstractBaseUser"  [arg-type]
api/goals_api.py:178: error: Function is missing a return type annotation  [no-untyped-def]
api/goals_api.py:185: error: Argument "actor" to "set_goal_status" has incompatible type "User | AnonymousUser"; expected "AbstractBaseUser"  [arg-type]
psychiatry/selectors.py:12: error: Function is missing a type annotation  [no-untyped-def]
psychiatry/selectors.py:13: error: Call to untyped function "require_domain_access" in typed context  [no-untyped-call]
psychiatry/selectors.py:32: error: Argument "patient" to "is_allowed" of "PatientAuthorizationPolicy" has incompatible type "User | None"; expected "AbstractBaseUser"  [arg-type]
psychiatry/selectors.py:38: error: Argument "subject_id" to "resolve_purpose_access" has incompatible type "UUID | None"; expected "UUID"  [arg-type]
psychiatry/selectors.py:46: error: Function is missing a type annotation  [no-untyped-def]
psychiatry/selectors.py:47: error: Call to untyped function "visible_patients" in typed context  [no-untyped-call]
psychiatry/selectors.py:53: error: Function is missing a type annotation  [no-untyped-def]
psychiatry/selectors.py:55: error: Call to untyped function "visible_patients" in typed context  [no-untyped-call]
psychiatry/views.py:16: error: Call to untyped function "domain_access" in typed context  [no-untyped-call]
psychiatry/views.py:18: error: Function is missing a type annotation  [no-untyped-def]
psychiatry/views.py:19: error: Call to untyped function "visible_patients" in typed context  [no-untyped-call]
psychiatry/views.py:37: error: Call to untyped function "domain_access" in typed context  [no-untyped-call]
psychiatry/views.py:39: error: Function is missing a type annotation  [no-untyped-def]
psychiatry/views.py:46: error: Call to untyped function "visible_patients" in typed context  [no-untyped-call]
psychiatry/views.py:53: error: Call to untyped function "domain_access" in typed context  [no-untyped-call]
psychiatry/views.py:55: error: Function is missing a type annotation  [no-untyped-def]
psychiatry/views.py:61: error: Call to untyped function "visible_patients" in typed context  [no-untyped-call]
psychiatry/views.py:68: error: Call to untyped function "domain_access" in typed context  [no-untyped-call]
psychiatry/views.py:70: error: Function is missing a type annotation  [no-untyped-def]
psychiatry/views.py:82: error: Call to untyped function "domain_access" in typed context  [no-untyped-call]
psychiatry/views.py:84: error: Function is missing a type annotation  [no-untyped-def]
psychiatry/views.py:96: error: Call to untyped function "domain_access" in typed context  [no-untyped-call]
psychiatry/views.py:98: error: Function is missing a type annotation  [no-untyped-def]
psychiatry/views.py:102: error: Call to untyped function "domain_access" in typed context  [no-untyped-call]
psychiatry/views.py:104: error: Function is missing a type annotation  [no-untyped-def]
psychiatry/views.py:105: error: Call to untyped function "own_patient" in typed context  [no-untyped-call]
psychiatry/views.py:113: error: Call to untyped function "domain_access" in typed context  [no-untyped-call]
psychiatry/views.py:115: error: Function is missing a type annotation  [no-untyped-def]
psychiatry/views.py:120: error: Function is missing a type annotation  [no-untyped-def]
psychiatry/views.py:124: error: Call to untyped function "domain_access" in typed context  [no-untyped-call]
psychiatry/views.py:126: error: Function is missing a type annotation  [no-untyped-def]
psychiatry/views.py:127: error: Call to untyped function "visible_patients" in typed context  [no-untyped-call]
psychiatry/views.py:147: error: Call to untyped function "domain_access" in typed context  [no-untyped-call]
psychiatry/views.py:149: error: Function is missing a type annotation  [no-untyped-def]
psychiatry/views.py:155: error: Call to untyped function "visible_patients" in typed context  [no-untyped-call]
tests/test_psychiatry_rendered_safety.py:31: error: Function is missing a type annotation  [no-untyped-def]
tests/test_psychiatry_rendered_safety.py:39: error: Function is missing a type annotation  [no-untyped-def]
tests/test_psychiatry_rendered_safety.py:47: error: Function is missing a type annotation  [no-untyped-def]
tests/test_psychiatry_rendered_safety.py:51: error: Function is missing a type annotation  [no-untyped-def]
tests/test_psychiatry_rendered_safety.py:56: error: Function is missing a return type annotation  [no-untyped-def]
tests/test_psychiatry_rendered_safety.py:61: error: Function is missing a return type annotation  [no-untyped-def]
tests/test_psychiatry_rendered_safety.py:71: error: Function is missing a type annotation  [no-untyped-def]
tests/test_psychiatry_rendered_safety.py:84: error: Function is missing a type annotation  [no-untyped-def]
tests/test_psychiatry_rendered_safety.py:95: error: Call to untyped function "RenderedPage" in typed context  [no-untyped-call]
tests/test_psychiatry_rendered_safety.py:99: error: Function is missing a type annotation  [no-untyped-def]
tests/test_psychiatry_rendered_safety.py:102: error: Call to untyped function "make_profile" in typed context  [no-untyped-call]
tests/test_psychiatry_rendered_safety.py:103: error: Call to untyped function "get_page" in typed context  [no-untyped-call]
tests/test_psychiatry_rendered_safety.py:150: error: Function is missing a type annotation  [no-untyped-def]
tests/test_psychiatry_rendered_safety.py:171: error: Call to untyped function "make_profile" in typed context  [no-untyped-call]
tests/test_psychiatry_rendered_safety.py:179: error: Function is missing a type annotation  [no-untyped-def]
tests/test_psychiatry_rendered_safety.py:185: error: Call to untyped function "make_profile" in typed context  [no-untyped-call]
tests/test_psychiatry_rendered_safety.py:188: error: Call to untyped function "make_profile" in typed context  [no-untyped-call]
tests/test_psychiatry_rendered_safety.py:189: error: Call to untyped function "make_profile" in typed context  [no-untyped-call]
tests/test_psychiatry_rendered_safety.py:192: error: Call to untyped function "get_page" in typed context  [no-untyped-call]
tests/test_psychiatry_rendered_safety.py:212: error: Function is missing a type annotation  [no-untyped-def]
tests/test_psychiatry_rendered_safety.py:213: error: Call to untyped function "get_page" in typed context  [no-untyped-call]
tests/test_psychiatry_rendered_safety.py:226: error: Function is missing a type annotation  [no-untyped-def]
tests/test_psychiatry_rendered_safety.py:234: error: Call to untyped function "get_page" in typed context  [no-untyped-call]
tests/test_psychiatry_rendered_safety.py:239: error: Call to untyped function "get_page" in typed context  [no-untyped-call]
tests/test_psychiatry_rendered_safety.py:245: error: Function is missing a type annotation  [no-untyped-def]
tests/test_psychiatry_rendered_safety.py:257: error: "WSGIRequest" has no attribute "clinic"  [attr-defined]
tests/test_psychiatry_rendered_safety.py:258: error: Incompatible types in assignment (expression has type "dict[Never, Never]", variable has type "SessionBase")  [assignment]
tests/test_psychiatry_rendered_safety.py:270: error: Call to untyped function "RenderedPage" in typed context  [no-untyped-call]
clinical_operations/policies.py:27: error: Function is missing a type annotation  [no-untyped-def]
clinical_operations/policies.py:33: error: Call to untyped function "for_clinic" in typed context  [no-untyped-call]
clinical_operations/policies.py:53: error: Function is missing a type annotation  [no-untyped-def]
clinical_operations/policies.py:54: error: Call to untyped function "require_capability" in typed context  [no-untyped-call]
clinical_operations/policies.py:73: error: Function is missing a type annotation  [no-untyped-def]
clinical_operations/policies.py:76: error: Call to untyped function "require_patient_access" in typed context  [no-untyped-call]
psychiatry/services.py:41: error: Function is missing a type annotation  [no-untyped-def]
psychiatry/services.py:42: error: Call to untyped function "require_domain_access" in typed context  [no-untyped-call]
psychiatry/services.py:44: error: Call to untyped function "require_domain_access" in typed context  [no-untyped-call]
psychiatry/services.py:47: error: Function is missing a type annotation  [no-untyped-def]
psychiatry/services.py:49: error: Call to untyped function "_lock_domain" in typed context  [no-untyped-call]
psychiatry/services.py:50: error: Call to untyped function "visible_patients" in typed context  [no-untyped-call]
psychiatry/services.py:63: error: Call to untyped function "clinical_patient" in typed context  [no-untyped-call]
psychiatry/services.py:68: error: Function is missing a type annotation  [no-untyped-def]
psychiatry/services.py:69: error: Call to untyped function "_lock_domain" in typed context  [no-untyped-call]
psychiatry/services.py:70: error: Call to untyped function "clinical_patient" in typed context  [no-untyped-call]
psychiatry/services.py:71: error: Call to untyped function "identifier" in typed context  [no-untyped-call]
psychiatry/services.py:73: error: Call to untyped function "integer" in typed context  [no-untyped-call]
psychiatry/services.py:76: error: Call to untyped function "invalid" in typed context  [no-untyped-call]
psychiatry/services.py:77: error: Call to untyped function "text" in typed context  [no-untyped-call]
psychiatry/services.py:79: error: Call to untyped function "authorized_draft" in typed context  [no-untyped-call]
psychiatry/services.py:82: error: Call to untyped function "identifier" in typed context  [no-untyped-call]
psychiatry/services.py:88: error: Call to untyped function "invalid" in typed context  [no-untyped-call]
psychiatry/services.py:100: error: Function is missing a type annotation  [no-untyped-def]
psychiatry/services.py:101: error: Call to untyped function "authorized_draft" in typed context  [no-untyped-call]
psychiatry/services.py:105: error: Call to untyped function "invalid" in typed context  [no-untyped-call]
psychiatry/services.py:128: error: Function is missing a type annotation  [no-untyped-def]
psychiatry/services.py:129: error: Call to untyped function "_lock_domain" in typed context  [no-untyped-call]
psychiatry/services.py:130: error: Call to untyped function "own_patient" in typed context  [no-untyped-call]
psychiatry/services.py:131: error: Call to untyped function "integer" in typed context  [no-untyped-call]
psychiatry/services.py:132: error: Call to untyped function "boolean" in typed context  [no-untyped-call]
psychiatry/services.py:133: error: Call to untyped function "text" in typed context  [no-untyped-call]
psychiatry/services.py:134: error: Call to untyped function "text" in typed context  [no-untyped-call]
psychiatry/services.py:138: error: Call to untyped function "invalid" in typed context  [no-untyped-call]
psychiatry/services.py:140: error: Call to untyped function "invalid" in typed context  [no-untyped-call]
psychiatry/services.py:161: error: Function is missing a type annotation  [no-untyped-def]
psychiatry/services.py:162: error: Call to untyped function "_lock_domain" in typed context  [no-untyped-call]
psychiatry/services.py:163: error: Call to untyped function "own_patient" in typed context  [no-untyped-call]
psychiatry/services.py:165: error: Call to untyped function "invalid" in typed context  [no-untyped-call]
psychiatry/services.py:169: error: Call to untyped function "number" in typed context  [no-untyped-call]
psychiatry/services.py:178: error: Function is missing a type annotation  [no-untyped-def]
psychiatry/services.py:179: error: Call to untyped function "_lock_domain" in typed context  [no-untyped-call]
psychiatry/services.py:180: error: Call to untyped function "own_patient" in typed context  [no-untyped-call]
psychiatry/services.py:183: error: Call to untyped function "integer" in typed context  [no-untyped-call]
psychiatry/services.py:184: error: Call to untyped function "text" in typed context  [no-untyped-call]
psychiatry/services.py:185: error: Call to untyped function "text" in typed context  [no-untyped-call]
psychiatry/services.py:186: error: Call to untyped function "strings" in typed context  [no-untyped-call]
psychiatry/services.py:189: error: Call to untyped function "text" in typed context  [no-untyped-call]
psychiatry/services.py:190: error: Call to untyped function "boolean" in typed context  [no-untyped-call]
psychiatry/services.py:195: error: Function is missing a type annotation  [no-untyped-def]
psychiatry/services.py:196: error: Call to untyped function "_lock_domain" in typed context  [no-untyped-call]
psychiatry/services.py:197: error: Call to untyped function "clinical_patient" in typed context  [no-untyped-call]
psychiatry/services.py:198: error: Call to untyped function "identifier" in typed context  [no-untyped-call]
psychiatry/services.py:205: error: Call to untyped function "text" in typed context  [no-untyped-call]
psychiatry/services.py:206: error: Call to untyped function "text" in typed context  [no-untyped-call]
psychiatry/services.py:207: error: Call to untyped function "integer" in typed context  [no-untyped-call]
psychiatry/services.py:208: error: Call to untyped function "choice" in typed context  [no-untyped-call]
psychiatry/services.py:211: error: Call to untyped function "text" in typed context  [no-untyped-call]
psychiatry/services.py:212: error: Call to untyped function "text" in typed context  [no-untyped-call]
psychiatry/api.py:28: error: Call to untyped function "domain_access" in typed context  [no-untyped-call]
psychiatry/api.py:30: error: Function is missing a type annotation  [no-untyped-def]
psychiatry/api.py:33: error: Call to untyped function "visible_patients" in typed context  [no-untyped-call]
psychiatry/api.py:55: error: Call to untyped function "domain_access" in typed context  [no-untyped-call]
psychiatry/api.py:57: error: Function is missing a type annotation  [no-untyped-def]
psychiatry/api.py:62: error: Call to untyped function "pagination" in typed context  [no-untyped-call]
psychiatry/api.py:63: error: Call to untyped function "visible_patients" in typed context  [no-untyped-call]
psychiatry/api.py:64: error: Call to untyped function "text" in typed context  [no-untyped-call]
psychiatry/api.py:74: error: Call to untyped function "choice" in typed context  [no-untyped-call]
psychiatry/api.py:96: error: Call to untyped function "domain_access" in typed context  [no-untyped-call]
psychiatry/api.py:98: error: Function is missing a type annotation  [no-untyped-def]
psychiatry/api.py:101: error: Call to untyped function "payload" in typed context  [no-untyped-call]
psychiatry/api.py:113: error: Call to untyped function "record_evaluation" in typed context  [no-untyped-call]
psychiatry/api.py:124: error: Call to untyped function "domain_access" in typed context  [no-untyped-call]
psychiatry/api.py:126: error: Function is missing a type annotation  [no-untyped-def]
psychiatry/api.py:129: error: Call to untyped function "own_patient" in typed context  [no-untyped-call]
psychiatry/api.py:130: error: Call to untyped function "pagination" in typed context  [no-untyped-call]
psychiatry/api.py:159: error: Call to untyped function "domain_access" in typed context  [no-untyped-call]
psychiatry/api.py:161: error: Function is missing a type annotation  [no-untyped-def]
psychiatry/api.py:164: error: Call to untyped function "payload" in typed context  [no-untyped-call]
psychiatry/api.py:165: error: Call to untyped function "record_adherence" in typed context  [no-untyped-call]
psychiatry/api.py:178: error: Call to untyped function "domain_access" in typed context  [no-untyped-call]
psychiatry/api.py:180: error: Function is missing a type annotation  [no-untyped-def]
psychiatry/api.py:183: error: Call to untyped function "payload" in typed context  [no-untyped-call]
psychiatry/api.py:184: error: Call to untyped function "record_sos" in typed context  [no-untyped-call]
psychiatry/api.py:195: error: Call to untyped function "domain_access" in typed context  [no-untyped-call]
psychiatry/api.py:197: error: Function is missing a type annotation  [no-untyped-def]
psychiatry/api.py:199: error: Call to untyped function "payload" in typed context  [no-untyped-call]
psychiatry/api.py:213: error: Call to untyped function "choice" in typed context  [no-untyped-call]
psychiatry/api.py:214: error: Call to untyped function "integer" in typed context  [no-untyped-call]
psychiatry/api.py:215: error: Call to untyped function "integer" in typed context  [no-untyped-call]
psychiatry/api.py:216: error: Call to untyped function "number" in typed context  [no-untyped-call]
psychiatry/api.py:217: error: Call to untyped function "strings" in typed context  [no-untyped-call]
psychiatry/api.py:218: error: Call to untyped function "text" in typed context  [no-untyped-call]
psychiatry/api.py:221: error: Call to untyped function "pagination" in typed context  [no-untyped-call]
psychiatry/api.py:247: error: Call to untyped function "domain_access" in typed context  [no-untyped-call]
psychiatry/api.py:249: error: Function is missing a type annotation  [no-untyped-def]
psychiatry/api.py:251: error: Call to untyped function "payload" in typed context  [no-untyped-call]
psychiatry/api.py:257: error: Call to untyped function "text" in typed context  [no-untyped-call]
psychiatry/api.py:258: error: Call to untyped function "text" in typed context  [no-untyped-call]
psychiatry/api.py:259: error: Call to untyped function "text" in typed context  [no-untyped-call]
psychiatry/api.py:260: error: Call to untyped function "text" in typed context  [no-untyped-call]
psychiatry/api.py:261: error: Call to untyped function "integer" in typed context  [no-untyped-call]
psychiatry/api.py:262: error: Call to untyped function "integer" in typed context  [no-untyped-call]
psychiatry/api.py:265: error: Call to untyped function "pagination" in typed context  [no-untyped-call]
psychiatry/api.py:292: error: Function is missing a type annotation  [no-untyped-def]
psychiatry/api.py:338: error: Call to untyped function "domain_access" in typed context  [no-untyped-call]
psychiatry/api.py:340: error: Function is missing a type annotation  [no-untyped-def]
psychiatry/api.py:342: error: Call to untyped function "payload" in typed context  [no-untyped-call]
psychiatry/api.py:343: error: Call to untyped function "choice" in typed context  [no-untyped-call]
psychiatry/api.py:345: error: Call to untyped function "choice" in typed context  [no-untyped-call]
psychiatry/api.py:354: error: Call to untyped function "pagination" in typed context  [no-untyped-call]
psychiatry/api.py:358: error: Item "None" of "B2CSubscription | None" has no attribute "plan"  [union-attr]
psychiatry/api.py:367: error: Call to untyped function "domain_access" in typed context  [no-untyped-call]
psychiatry/api.py:369: error: Function is missing a type annotation  [no-untyped-def]
psychiatry/api.py:372: error: Call to untyped function "payload" in typed context  [no-untyped-call]
psychiatry/api.py:373: error: Call to untyped function "save_step" in typed context  [no-untyped-call]
psychiatry/api.py:384: error: Call to untyped function "domain_access" in typed context  [no-untyped-call]
psychiatry/api.py:386: error: Function is missing a type annotation  [no-untyped-def]
psychiatry/api.py:389: error: Call to untyped function "pagination" in typed context  [no-untyped-call]
psychiatry/api.py:390: error: Call to untyped function "authorized_draft" in typed context  [no-untyped-call]
psychiatry/api.py:393: error: Call to untyped function "identifier" in typed context  [no-untyped-call]
psychiatry/api.py:404: error: Call to untyped function "domain_access" in typed context  [no-untyped-call]
psychiatry/api.py:406: error: Function is missing a type annotation  [no-untyped-def]
psychiatry/api.py:409: error: Call to untyped function "payload" in typed context  [no-untyped-call]
psychiatry/api.py:410: error: Call to untyped function "consolidate_steps" in typed context  [no-untyped-call]
psychiatry/api.py:413: error: Call to untyped function "identifier" in typed context  [no-untyped-call]
psychiatry/api.py:426: error: Call to untyped function "domain_access" in typed context  [no-untyped-call]
psychiatry/api.py:428: error: Function is missing a type annotation  [no-untyped-def]
psychiatry/api.py:431: error: Call to untyped function "payload" in typed context  [no-untyped-call]
psychiatry/api.py:442: error: Call to untyped function "record_craving" in typed context  [no-untyped-call]
psychiatry/api.py:448: error: Call to untyped function "domain_access" in typed context  [no-untyped-call]
psychiatry/api.py:450: error: Function is missing a type annotation  [no-untyped-def]
psychiatry/api.py:454: error: Call to untyped function "pagination" in typed context  [no-untyped-call]
psychiatry/api.py:455: error: Call to untyped function "visible_patients" in typed context  [no-untyped-call]
tests/test_psychiatry_security.py:18: error: Function is missing a type annotation  [no-untyped-def]
tests/test_psychiatry_security.py:33: error: Function is missing a type annotation  [no-untyped-def]
tests/test_psychiatry_security.py:35: error: Call to untyped function "profile" in typed context  [no-untyped-call]
tests/test_psychiatry_security.py:36: error: Call to untyped function "request_for" in typed context  [no-untyped-call]
tests/test_psychiatry_security.py:38: error: Call to untyped function "request_for" in typed context  [no-untyped-call]
tests/test_psychiatry_security.py:44: error: Function is missing a return type annotation  [no-untyped-def]
tests/test_psychiatry_security.py:44: note: Use "-> None" if function does not return a value
tests/test_psychiatry_security.py:45: error: Call to untyped function "profile" in typed context  [no-untyped-call]
tests/test_psychiatry_security.py:51: error: Function is missing a type annotation  [no-untyped-def]
tests/test_psychiatry_security.py:54: error: Call to untyped function "grant_follow_up" in typed context  [no-untyped-call]
tests/test_psychiatry_security.py:57: error: Call to untyped function "profile" in typed context  [no-untyped-call]
tests/test_psychiatry_security.py:58: error: Call to untyped function "profile" in typed context  [no-untyped-call]
tests/test_psychiatry_security.py:59: error: Call to untyped function "profile" in typed context  [no-untyped-call]
tests/test_psychiatry_security.py:60: error: Call to untyped function "request_for" in typed context  [no-untyped-call]
tests/test_psychiatry_security.py:68: error: Call to untyped function "request_for" in typed context  [no-untyped-call]
tests/test_psychiatry_security.py:77: error: Function is missing a type annotation  [no-untyped-def]
tests/test_psychiatry_security.py:79: error: Call to untyped function "request_for" in typed context  [no-untyped-call]
tests/test_psychiatry_security.py:84: error: Function is missing a type annotation  [no-untyped-def]
tests/test_psychiatry_security.py:90: error: Call to untyped function "request_for" in typed context  [no-untyped-call]
tests/test_psychiatry_security.py:95: error: Function is missing a type annotation  [no-untyped-def]
tests/test_psychiatry_security.py:99: error: Call to untyped function "request_for" in typed context  [no-untyped-call]
tests/test_psychiatry_security.py:115: error: Call to untyped function "request_for" in typed context  [no-untyped-call]
tests/test_psychiatry_security.py:118: error: Call to untyped function "request_for" in typed context  [no-untyped-call]
tests/test_psychiatry_security.py:129: error: Function is missing a type annotation  [no-untyped-def]
tests/test_psychiatry_security.py:132: error: "WSGIRequest" has no attribute "_dont_enforce_csrf_checks"  [attr-defined]
tests/test_psychiatry_security.py:149: error: Function is missing a type annotation  [no-untyped-def]
tests/test_psychiatry_security.py:151: error: Call to untyped function "request_for" in typed context  [no-untyped-call]
tests/test_psychiatry_security.py:158: error: Function is missing a type annotation  [no-untyped-def]
tests/test_psychiatry_security.py:167: error: Function is missing a type annotation  [no-untyped-def]
tests/test_psychiatry_security.py:169: error: Call to untyped function "request_for" in typed context  [no-untyped-call]
tests/test_psychiatry_security.py:176: error: Function is missing a type annotation  [no-untyped-def]
tests/test_psychiatry_security.py:178: error: Call to untyped function "request_for" in typed context  [no-untyped-call]
tests/test_psychiatry_security.py:188: error: Function is missing a type annotation  [no-untyped-def]
tests/test_psychiatry_security.py:190: error: Call to untyped function "request_for" in typed context  [no-untyped-call]
tests/test_psychiatry_security.py:201: error: Function is missing a type annotation  [no-untyped-def]
tests/test_psychiatry_security.py:203: error: Call to untyped function "profile" in typed context  [no-untyped-call]
tests/test_psychiatry_security.py:206: error: Function is missing a type annotation  [no-untyped-def]
tests/test_psychiatry_security.py:207: error: Call to untyped function "request_for" in typed context  [no-untyped-call]
tests/test_psychiatry_security.py:216: error: Function is missing a type annotation  [no-untyped-def]
tests/test_psychiatry_security.py:217: error: Call to untyped function "profile" in typed context  [no-untyped-call]
tests/test_psychiatry_security.py:219: error: Call to untyped function "request_for" in typed context  [no-untyped-call]
tests/test_psychiatry_security.py:229: error: Function is missing a type annotation  [no-untyped-def]
tests/test_psychiatry_security.py:242: error: Function is missing a type annotation  [no-untyped-def]
tests/test_psychiatry_security.py:254: error: Call to untyped function "request_for" in typed context  [no-untyped-call]
tests/test_psychiatry_security.py:265: error: Call to untyped function "profile" in typed context  [no-untyped-call]
tests/test_psychiatry_security.py:272: error: Call to untyped function "request_for" in typed context  [no-untyped-call]
tests/test_psychiatry_security.py:284: error: Function is missing a type annotation  [no-untyped-def]
tests/test_psychiatry_security.py:287: error: Call to untyped function "request_for" in typed context  [no-untyped-call]
tests/test_psychiatry_security.py:315: error: Function is missing a type annotation  [no-untyped-def]
tests/test_psychiatry_security.py:317: error: Call to untyped function "request_for" in typed context  [no-untyped-call]
tests/test_psychiatry_security.py:328: error: Function is missing a type annotation  [no-untyped-def]
tests/test_psychiatry_security.py:339: error: Call to untyped function "request_for" in typed context  [no-untyped-call]
tests/test_psychiatry_security.py:355: error: Function is missing a type annotation  [no-untyped-def]
tests/test_psychiatry_security.py:357: error: Call to untyped function "request_for" in typed context  [no-untyped-call]
tests/test_psychiatry_security.py:368: error: Function is missing a type annotation  [no-untyped-def]
tests/test_psychiatry_security.py:369: error: Call to untyped function "request_for" in typed context  [no-untyped-call]
tests/test_psychiatry_security.py:381: error: Function is missing a type annotation  [no-untyped-def]
tests/test_psychiatry_security.py:393: error: Function is missing a type annotation  [no-untyped-def]
tests/test_psychiatry_security.py:398: error: Call to untyped function "grant_follow_up" in typed context  [no-untyped-call]
tests/test_psychiatry_security.py:407: error: Call to untyped function "request_for" in typed context  [no-untyped-call]
tests/test_psychiatry_security.py:418: error: Call to untyped function "request_for" in typed context  [no-untyped-call]
tests/test_psychiatry_security.py:429: error: Call to untyped function "request_for" in typed context  [no-untyped-call]
tests/test_psychiatry_security.py:438: error: Call to untyped function "request_for" in typed context  [no-untyped-call]
tests/test_psychiatry_security.py:461: error: Function is missing a type annotation  [no-untyped-def]
tests/test_psychiatry_security.py:465: error: Call to untyped function "request_for" in typed context  [no-untyped-call]
tests/test_psychiatry_security.py:474: error: Function is missing a type annotation  [no-untyped-def]
tests/test_psychiatry_security.py:495: error: Function is missing a type annotation  [no-untyped-def]
tests/test_psychiatry_security.py:502: error: Call to untyped function (unknown) in typed context  [no-untyped-call]
tests/test_psychiatry_security.py:506: error: Call to untyped function (unknown) in typed context  [no-untyped-call]
tests/test_psychiatry_security.py:509: error: Function is missing a type annotation  [no-untyped-def]
tests/test_psychiatry_security.py:512: error: Call to untyped function "profile" in typed context  [no-untyped-call]
tests/test_psychiatry_security.py:513: error: Call to untyped function "request_for" in typed context  [no-untyped-call]
tests/test_psychiatry_security.py:521: error: Function is missing a type annotation  [no-untyped-def]
tests/test_psychiatry_security.py:527: error: Call to untyped function "profile" in typed context  [no-untyped-call]
tests/test_psychiatry_security.py:530: error: Function is missing a type annotation  [no-untyped-def]
tests/test_psychiatry_security.py:541: error: Call to untyped function "request_for" in typed context  [no-untyped-call]
tests/test_psychiatry_security.py:552: error: Function is missing a type annotation  [no-untyped-def]
tests/test_psychiatry_security.py:571: error: Function is missing a type annotation  [no-untyped-def]
tests/test_psychiatry_security.py:577: error: Function is missing a return type annotation  [no-untyped-def]
tests/test_psychiatry_security.py:579: error: Call to untyped function "request_for" in typed context  [no-untyped-call]
tests/test_psychiatry_security.py:586: error: Call to untyped function "listing" in typed context  [no-untyped-call]
tests/test_psychiatry_security.py:587: error: Call to untyped function "grant_follow_up" in typed context  [no-untyped-call]
tests/test_psychiatry_security.py:588: error: Call to untyped function "listing" in typed context  [no-untyped-call]
tests/test_psychiatry_security.py:599: error: Call to untyped function "listing" in typed context  [no-untyped-call]
tests/test_psychiatry_security.py:602: error: Function is missing a type annotation  [no-untyped-def]
tests/test_psychiatry_security.py:603: error: Call to untyped function "grant_follow_up" in typed context  [no-untyped-call]
tests/test_psychiatry_security.py:604: error: Call to untyped function "request_for" in typed context  [no-untyped-call]
tests/test_psychiatry_security.py:613: error: Call to untyped function "request_for" in typed context  [no-untyped-call]
tests/test_psychiatry_security.py:623: error: Function is missing a type annotation  [no-untyped-def]
tests/test_psychiatry_security.py:628: error: Call to untyped function "grant_follow_up" in typed context  [no-untyped-call]
tests/test_psychiatry_security.py:638: error: Call to untyped function "request_for" in typed context  [no-untyped-call]
tests/test_psychiatry_security.py:649: error: Call to untyped function "profile" in typed context  [no-untyped-call]
tests/test_psychiatry_security.py:651: error: Call to untyped function "request_for" in typed context  [no-untyped-call]
tests/test_psychiatry_security.py:663: error: Function is missing a return type annotation  [no-untyped-def]
tests/test_psychiatry_security.py:663: note: Use "-> None" if function does not return a value
tests/test_psychiatry_security.py:671: error: Function is missing a type annotation  [no-untyped-def]
tests/test_psychiatry_security.py:677: error: Call to untyped function "record_sos" in typed context  [no-untyped-call]
tests/test_psychiatry_security.py:702: error: Function is missing a type annotation  [no-untyped-def]
tests/test_psychiatry_security.py:706: error: Call to untyped function "request_for" in typed context  [no-untyped-call]
tests/test_psychiatry_security.py:713: error: Function is missing a type annotation  [no-untyped-def]
tests/test_psychiatry_security.py:733: error: Call to untyped function "request_for" in typed context  [no-untyped-call]
tests/test_psychiatry_security.py:737: error: Function is missing a type annotation  [no-untyped-def]
tests/test_psychiatry_security.py:752: error: "WSGIRequest" has no attribute "clinic"  [attr-defined]
tests/test_psychiatry_security.py:757: error: Function is missing a type annotation  [no-untyped-def]
tests/test_psychiatry_security.py:771: error: Incompatible type for lookup 'user': (got "User | AnonymousUser", expected "User | UUID | None")  [misc]
tests/test_psychiatry_security.py:774: error: Function is missing a type annotation  [no-untyped-def]
tests/test_psychiatry_security.py:778: error: Call to untyped function "grant_follow_up" in typed context  [no-untyped-call]
tests/test_psychiatry_security.py:793: error: Call to untyped function "request_for" in typed context  [no-untyped-call]
tests/test_psychiatry_security.py:804: error: Function is missing a type annotation  [no-untyped-def]
tests/test_psychiatry_security.py:805: error: Call to untyped function "grant_follow_up" in typed context  [no-untyped-call]
tests/test_psychiatry_security.py:812: error: Call to untyped function "request_for" in typed context  [no-untyped-call]
tests/test_psychiatry_security.py:823: error: Function is missing a type annotation  [no-untyped-def]
tests/test_psychiatry_security.py:838: error: Function is missing a return type annotation  [no-untyped-def]
tests/test_psychiatry_security.py:855: error: Function is missing a type annotation  [no-untyped-def]
tests/test_psychiatry_security.py:858: error: Call to untyped function "request_for" in typed context  [no-untyped-call]
tests/test_psychiatry_security.py:865: error: Function is missing a type annotation  [no-untyped-def]
tests/test_psychiatry_security.py:883: error: Call to untyped function "request_for" in typed context  [no-untyped-call]
tests/test_psychiatry_http_hardening.py:29: error: Function is missing a type annotation  [no-untyped-def]
tests/test_psychiatry_http_hardening.py:43: error: Function is missing a type annotation  [no-untyped-def]
tests/test_psychiatry_http_hardening.py:55: error: Call to untyped function "assert_private_cache" in typed context  [no-untyped-call]
tests/test_psychiatry_http_hardening.py:59: error: Function is missing a return type annotation  [no-untyped-def]
tests/test_psychiatry_http_hardening.py:77: error: Function is missing a type annotation  [no-untyped-def]
tests/test_psychiatry_http_hardening.py:122: error: Function is missing a type annotation  [no-untyped-def]
tests/test_psychiatry_http_hardening.py:138: error: Function is missing a type annotation  [no-untyped-def]
tests/test_psychiatry_http_hardening.py:142: error: Call to untyped function "numeric_payload" in typed context  [no-untyped-call]
tests/test_psychiatry_http_hardening.py:146: error: Call to untyped function "send" in typed context  [no-untyped-call]
tests/test_psychiatry_http_hardening.py:168: error: Call to untyped function "assert_private_cache" in typed context  [no-untyped-call]
tests/test_psychiatry_http_hardening.py:173: error: Function is missing a type annotation  [no-untyped-def]
tests/test_psychiatry_http_hardening.py:177: error: Call to untyped function "send" in typed context  [no-untyped-call]
tests/test_psychiatry_http_hardening.py:183: error: Call to untyped function "numeric_payload" in typed context  [no-untyped-call]
tests/test_psychiatry_http_hardening.py:191: error: Call to untyped function "assert_private_cache" in typed context  [no-untyped-call]
tests/test_psychiatry_http_hardening.py:227: error: Function is missing a type annotation  [no-untyped-def]
tests/test_psychiatry_http_hardening.py:276: error: Function is missing a type annotation  [no-untyped-def]
tests/test_psychiatry_http_hardening.py:286: error: Call to untyped function "send" in typed context  [no-untyped-call]
tests/test_psychiatry_http_hardening.py:288: error: Call to untyped function "assert_private_cache" in typed context  [no-untyped-call]
tests/test_psychiatry_http_hardening.py:303: error: Function is missing a type annotation  [no-untyped-def]
tests/test_psychiatry_http_hardening.py:304: error: Call to untyped function "send" in typed context  [no-untyped-call]
tests/test_psychiatry_http_hardening.py:306: error: Call to untyped function "assert_private_cache" in typed context  [no-untyped-call]
tests/test_psychiatry_http_hardening.py:311: error: Function is missing a type annotation  [no-untyped-def]
tests/test_psychiatry_http_hardening.py:316: error: Call to untyped function "send" in typed context  [no-untyped-call]
tests/test_psychiatry_http_hardening.py:319: error: Call to untyped function "assert_private_cache" in typed context  [no-untyped-call]
tests/test_psychiatry_http_hardening.py:324: error: Function is missing a type annotation  [no-untyped-def]
tests/test_psychiatry_http_hardening.py:325: error: Call to untyped function "send" in typed context  [no-untyped-call]
tests/test_psychiatry_http_hardening.py:330: error: Call to untyped function "send" in typed context  [no-untyped-call]
tests/test_psychiatry_http_hardening.py:342: error: Function is missing a type annotation  [no-untyped-def]
tests/test_psychiatry_http_hardening.py:348: error: Call to untyped function "send" in typed context  [no-untyped-call]
tests/test_psychiatry_http_hardening.py:354: error: Call to untyped function "assert_private_cache" in typed context  [no-untyped-call]
tests/test_psychiatry_http_hardening.py:388: error: Function is missing a type annotation  [no-untyped-def]
tests/test_psychiatry_http_hardening.py:398: error: Call to untyped function "send" in typed context  [no-untyped-call]
tests/test_psychiatry_http_hardening.py:402: error: Call to untyped function "assert_private_cache" in typed context  [no-untyped-call]
tests/test_psychiatry_http_hardening.py:406: error: Function is missing a type annotation  [no-untyped-def]
tests/test_psychiatry_http_hardening.py:409: error: Call to untyped function "send" in typed context  [no-untyped-call]
tests/test_psychiatry_http_hardening.py:415: error: Call to untyped function "numeric_payload" in typed context  [no-untyped-call]
tests/test_psychiatry_http_hardening.py:418: error: Call to untyped function "assert_private_cache" in typed context  [no-untyped-call]
tests/test_psychiatry_http_hardening.py:422: error: Function is missing a type annotation  [no-untyped-def]
tests/test_psychiatry_http_hardening.py:441: error: Function is missing a type annotation  [no-untyped-def]
tests/test_psychiatry_http_hardening.py:462: error: Call to untyped function "assert_private_cache" in typed context  [no-untyped-call]
tests/test_psychiatry_http_hardening.py:474: error: Function is missing a type annotation  [no-untyped-def]
tests/test_psychiatry_http_hardening.py:476: error: Call to untyped function "send" in typed context  [no-untyped-call]
tests/test_psychiatry_http_hardening.py:480: error: Call to untyped function "assert_private_cache" in typed context  [no-untyped-call]
tests/test_psychiatry_http_hardening.py:487: error: Function is missing a type annotation  [no-untyped-def]
tests/test_psychiatry_http_hardening.py:490: error: Call to untyped function "send" in typed context  [no-untyped-call]
tests/test_psychiatry_http_hardening.py:492: error: Call to untyped function "assert_private_cache" in typed context  [no-untyped-call]
tests/test_psychiatry_http_hardening.py:499: error: Function is missing a type annotation  [no-untyped-def]
tests/test_psychiatry_http_hardening.py:501: error: Call to untyped function "number" in typed context  [no-untyped-call]
tests/test_psychiatry_http_hardening.py:505: error: Function is missing a type annotation  [no-untyped-def]
tests/test_psychiatry_http_hardening.py:506: error: Call to untyped function "number" in typed context  [no-untyped-call]
clinical_operations/services.py:32: error: Function is missing a type annotation  [no-untyped-def]
clinical_operations/services.py:46: error: Function is missing a type annotation  [no-untyped-def]
clinical_operations/services.py:55: error: Call to untyped function "for_clinic" in typed context  [no-untyped-call]
clinical_operations/services.py:64: error: Call to untyped function "_audit" in typed context  [no-untyped-call]
clinical_operations/services.py:83: error: Call to untyped function "for_clinic" in typed context  [no-untyped-call]
clinical_operations/services.py:92: error: Call to untyped function "_audit" in typed context  [no-untyped-call]
clinical_operations/services.py:97: error: Function is missing a type annotation  [no-untyped-def]
clinical_operations/services.py:98: error: Call to untyped function "require_capability" in typed context  [no-untyped-call]
clinical_operations/services.py:100: error: Call to untyped function "require_capability" in typed context  [no-untyped-call]
clinical_operations/services.py:105: error: Call to untyped function "save" in typed context  [no-untyped-call]
clinical_operations/services.py:106: error: Call to untyped function "_audit" in typed context  [no-untyped-call]
clinical_operations/services.py:119: error: Function is missing a type annotation  [no-untyped-def]
clinical_operations/services.py:126: error: Function is missing a type annotation  [no-untyped-def]
clinical_operations/services.py:136: error: Function is missing a type annotation  [no-untyped-def]
clinical_operations/services.py:143: error: Function is missing a type annotation  [no-untyped-def]
clinical_operations/services.py:144: error: Call to untyped function "require_capability" in typed context  [no-untyped-call]
clinical_operations/services.py:146: error: Call to untyped function "require_capability" in typed context  [no-untyped-call]
clinical_operations/services.py:147: error: Call to untyped function "_object" in typed context  [no-untyped-call]
clinical_operations/services.py:151: error: Call to untyped function "_text" in typed context  [no-untyped-call]
clinical_operations/services.py:158: error: Call to untyped function "save" in typed context  [no-untyped-call]
clinical_operations/services.py:159: error: Call to untyped function "_audit" in typed context  [no-untyped-call]
clinical_operations/services.py:164: error: Function is missing a type annotation  [no-untyped-def]
clinical_operations/services.py:165: error: Call to untyped function "require_capability" in typed context  [no-untyped-call]
clinical_operations/services.py:167: error: Call to untyped function "require_capability" in typed context  [no-untyped-call]
clinical_operations/services.py:174: error: Call to untyped function "_text" in typed context  [no-untyped-call]
clinical_operations/services.py:176: error: Call to untyped function "_patient" in typed context  [no-untyped-call]
clinical_operations/services.py:179: error: Call to untyped function "_object" in typed context  [no-untyped-call]
clinical_operations/services.py:180: error: Call to untyped function "for_clinic" in typed context  [no-untyped-call]
clinical_operations/services.py:202: error: Call to untyped function "for_clinic" in typed context  [no-untyped-call]
clinical_operations/services.py:211: error: Call to untyped function "_audit" in typed context  [no-untyped-call]
clinical_operations/services.py:217: error: Function is missing a type annotation  [no-untyped-def]
clinical_operations/services.py:230: error: Function is missing a type annotation  [no-untyped-def]
clinical_operations/services.py:231: error: Call to untyped function "require_patient_access" in typed context  [no-untyped-call]
clinical_operations/services.py:238: error: Call to untyped function "require_patient_access" in typed context  [no-untyped-call]
clinical_operations/services.py:244: error: Call to untyped function "for_clinic" in typed context  [no-untyped-call]
clinical_operations/services.py:248: error: Call to untyped function "_future" in typed context  [no-untyped-call]
clinical_operations/services.py:251: error: Call to untyped function "_audit" in typed context  [no-untyped-call]
clinical_operations/services.py:269: error: Function is missing a type annotation  [no-untyped-def]
clinical_operations/services.py:270: error: Call to untyped function "require_capability" in typed context  [no-untyped-call]
clinical_operations/services.py:272: error: Call to untyped function "require_capability" in typed context  [no-untyped-call]
clinical_operations/services.py:273: error: Call to untyped function "_object" in typed context  [no-untyped-call]
clinical_operations/services.py:274: error: Call to untyped function "require_encounter_access" in typed context  [no-untyped-call]
clinical_operations/services.py:284: error: Call to untyped function "_audit" in typed context  [no-untyped-call]
clinical_operations/services.py:294: error: Function is missing a type annotation  [no-untyped-def]
clinical_operations/services.py:295: error: Call to untyped function "require_capability" in typed context  [no-untyped-call]
clinical_operations/services.py:297: error: Call to untyped function "require_capability" in typed context  [no-untyped-call]
clinical_operations/services.py:298: error: Call to untyped function "_object" in typed context  [no-untyped-call]
clinical_operations/services.py:299: error: Call to untyped function "require_encounter_access" in typed context  [no-untyped-call]
clinical_operations/services.py:308: error: Call to untyped function "for_clinic" in typed context  [no-untyped-call]
clinical_operations/services.py:312: error: Call to untyped function "_text" in typed context  [no-untyped-call]
clinical_operations/services.py:314: error: Call to untyped function "_audit" in typed context  [no-untyped-call]
clinical_operations/services.py:324: error: Function is missing a type annotation  [no-untyped-def]
clinical_operations/services.py:325: error: Call to untyped function "require_capability" in typed context  [no-untyped-call]
clinical_operations/services.py:327: error: Call to untyped function "require_capability" in typed context  [no-untyped-call]
clinical_operations/services.py:328: error: Call to untyped function "_future" in typed context  [no-untyped-call]
clinical_operations/services.py:329: error: Call to untyped function "_future" in typed context  [no-untyped-call]
clinical_operations/services.py:341: error: Call to untyped function "for_clinic" in typed context  [no-untyped-call]
clinical_operations/services.py:346: error: Call to untyped function "for_clinic" in typed context  [no-untyped-call]
clinical_operations/services.py:355: error: Call to untyped function "_audit" in typed context  [no-untyped-call]
clinical_operations/services.py:361: error: Function is missing a type annotation  [no-untyped-def]
clinical_operations/services.py:362: error: Call to untyped function "require_capability" in typed context  [no-untyped-call]
clinical_operations/services.py:368: error: Function is missing a type annotation  [no-untyped-def]
clinical_operations/services.py:369: error: Call to untyped function "require_patient_access" in typed context  [no-untyped-call]
clinical_operations/services.py:376: error: Call to untyped function "require_patient_access" in typed context  [no-untyped-call]
clinical_operations/services.py:382: error: Call to untyped function "_object" in typed context  [no-untyped-call]
clinical_operations/services.py:383: error: Call to untyped function "_session_owner" in typed context  [no-untyped-call]
clinical_operations/services.py:384: error: Call to untyped function "for_clinic" in typed context  [no-untyped-call]
clinical_operations/services.py:393: error: Call to untyped function "for_clinic" in typed context  [no-untyped-call]
clinical_operations/services.py:405: error: Call to untyped function "_audit" in typed context  [no-untyped-call]
clinical_operations/services.py:415: error: Function is missing a type annotation  [no-untyped-def]
clinical_operations/services.py:416: error: Call to untyped function "require_capability" in typed context  [no-untyped-call]
clinical_operations/services.py:418: error: Call to untyped function "require_capability" in typed context  [no-untyped-call]
clinical_operations/services.py:419: error: Call to untyped function "_object" in typed context  [no-untyped-call]
clinical_operations/services.py:420: error: Call to untyped function "_object" in typed context  [no-untyped-call]
clinical_operations/services.py:421: error: Call to untyped function "_session_owner" in typed context  [no-untyped-call]
clinical_operations/services.py:422: error: Call to untyped function "require_patient_access" in typed context  [no-untyped-call]
clinical_operations/services.py:432: error: Call to untyped function "_audit" in typed context  [no-untyped-call]
clinical_operations/forms.py:13: error: Function is missing a type annotation  [no-untyped-def]
clinical_operations/forms.py:20: error: Function is missing a type annotation  [no-untyped-def]
clinical_operations/forms.py:24: error: Function is missing a type annotation  [no-untyped-def]
clinical_operations/forms.py:31: error: Call to untyped function "schema" in typed context  [no-untyped-call]
clinical_operations/forms.py:33: error: Call to untyped function "choice" in typed context  [no-untyped-call]
clinical_operations/forms.py:39: error: Call to untyped function "schema" in typed context  [no-untyped-call]
clinical_operations/forms.py:45: error: Call to untyped function "schema" in typed context  [no-untyped-call]
clinical_operations/forms.py:53: error: Call to untyped function "schema" in typed context  [no-untyped-call]
clinical_operations/forms.py:56: error: Call to untyped function "choice" in typed context  [no-untyped-call]
clinical_operations/forms.py:63: error: Call to untyped function "schema" in typed context  [no-untyped-call]
clinical_operations/forms.py:67: error: Call to untyped function "schema" in typed context  [no-untyped-call]
clinical_operations/forms.py:68: error: Call to untyped function "choice" in typed context  [no-untyped-call]
clinical_operations/forms.py:73: error: Call to untyped function "schema" in typed context  [no-untyped-call]
clinical_operations/forms.py:79: error: Call to untyped function "schema" in typed context  [no-untyped-call]
clinical_operations/forms.py:80: error: Call to untyped function "choice" in typed context  [no-untyped-call]
clinical_operations/forms.py:81: error: Call to untyped function "choice" in typed context  [no-untyped-call]
clinical_operations/forms.py:89: error: Call to untyped function "schema" in typed context  [no-untyped-call]
clinical_operations/forms.py:93: error: Call to untyped function "schema" in typed context  [no-untyped-call]
clinical_operations/forms.py:93: error: Call to untyped function "choice" in typed context  [no-untyped-call]
clinical_operations/forms.py:98: error: Function is missing a type annotation  [no-untyped-def]
clinical_operations/selectors.py:19: error: Function is missing a type annotation  [no-untyped-def]
clinical_operations/selectors.py:49: error: Call to untyped function "require_capability" in typed context  [no-untyped-call]
clinical_operations/selectors.py:50: error: Call to untyped function "for_clinic" in typed context  [no-untyped-call]
clinical_operations/selectors.py:78: error: Function is missing a type annotation  [no-untyped-def]
clinical_operations/selectors.py:79: error: Call to untyped function "require_capability" in typed context  [no-untyped-call]
clinical_operations/selectors.py:80: error: Call to untyped function "_object" in typed context  [no-untyped-call]
clinical_operations/selectors.py:81: error: Call to untyped function "require_encounter_access" in typed context  [no-untyped-call]
clinical_operations/selectors.py:89: error: Call to untyped function "for_clinic" in typed context  [no-untyped-call]
tests/test_psychiatry_transaction_authorization.py:39: error: Function is missing a type annotation  [no-untyped-def]
tests/test_psychiatry_transaction_authorization.py:43: error: Call to untyped function "grant_follow_up" in typed context  [no-untyped-call]
tests/test_psychiatry_transaction_authorization.py:53: error: Function is missing a type annotation  [no-untyped-def]
tests/test_psychiatry_transaction_authorization.py:90: error: Call to untyped function "consolidate_steps" in typed context  [no-untyped-call]
tests/test_psychiatry_transaction_authorization.py:94: error: Call to untyped function "save_step" in typed context  [no-untyped-call]
tests/test_psychiatry_transaction_authorization.py:125: error: Function is missing a type annotation  [no-untyped-def]
tests/test_psychiatry_transaction_authorization.py:129: error: Call to untyped function "grant_follow_up" in typed context  [no-untyped-call]
tests/test_psychiatry_transaction_authorization.py:187: error: Need type annotation for "pids"  [var-annotated]
tests/test_psychiatry_transaction_authorization.py:190: error: Function is missing a return type annotation  [no-untyped-def]
tests/test_psychiatry_transaction_authorization.py:197: error: Call to untyped function "request_for" in typed context  [no-untyped-call]
tests/test_clinical_operations.py:80: error: Call to untyped function "create_product" in typed context  [no-untyped-call]
tests/test_clinical_operations.py:83: error: Call to untyped function "set_grant" in typed context  [no-untyped-call]
tests/test_clinical_operations.py:90: error: Call to untyped function "create_product" in typed context  [no-untyped-call]
tests/test_clinical_operations.py:117: error: Call to untyped function "set_grant" in typed context  [no-untyped-call]
tests/test_clinical_operations.py:136: error: Call to untyped function "create_product" in typed context  [no-untyped-call]
tests/test_clinical_operations.py:139: error: Call to untyped function "create_lot" in typed context  [no-untyped-call]
tests/test_clinical_operations.py:147: error: Call to untyped function "move_stock" in typed context  [no-untyped-call]
tests/test_clinical_operations.py:148: error: Call to untyped function "move_stock" in typed context  [no-untyped-call]
tests/test_clinical_operations.py:151: error: Call to untyped function "move_stock" in typed context  [no-untyped-call]
tests/test_clinical_operations.py:158: error: Call to untyped function "move_stock" in typed context  [no-untyped-call]
tests/test_clinical_operations.py:162: error: Call to untyped function "move_stock" in typed context  [no-untyped-call]
tests/test_clinical_operations.py:165: error: Call to untyped function "for_clinic" in typed context  [no-untyped-call]
tests/test_clinical_operations.py:170: error: Call to untyped function "for_clinic" in typed context  [no-untyped-call]
tests/test_clinical_operations.py:172: error: Call to untyped function "for_clinic" in typed context  [no-untyped-call]
tests/test_clinical_operations.py:186: error: Call to untyped function "set_grant" in typed context  [no-untyped-call]
tests/test_clinical_operations.py:193: error: Call to untyped function "create_product" in typed context  [no-untyped-call]
tests/test_clinical_operations.py:197: error: Call to untyped function "create_lot" in typed context  [no-untyped-call]
tests/test_clinical_operations.py:204: error: Call to untyped function "create_lot" in typed context  [no-untyped-call]
tests/test_clinical_operations.py:211: error: Call to untyped function "move_stock" in typed context  [no-untyped-call]
tests/test_clinical_operations.py:220: error: Call to untyped function "move_stock" in typed context  [no-untyped-call]
tests/test_clinical_operations.py:282: error: Call to untyped function "schedule_encounter" in typed context  [no-untyped-call]
tests/test_clinical_operations.py:286: error: Call to untyped function "schedule_encounter" in typed context  [no-untyped-call]
tests/test_clinical_operations.py:291: error: Call to untyped function "transition_encounter" in typed context  [no-untyped-call]
tests/test_clinical_operations.py:294: error: Call to untyped function "transition_encounter" in typed context  [no-untyped-call]
tests/test_clinical_operations.py:297: error: Call to untyped function "append_record" in typed context  [no-untyped-call]
tests/test_clinical_operations.py:300: error: Call to untyped function "read_records" in typed context  [no-untyped-call]
tests/test_clinical_operations.py:302: error: Call to untyped function "read_records" in typed context  [no-untyped-call]
tests/test_clinical_operations.py:303: error: Call to untyped function "set_grant" in typed context  [no-untyped-call]
tests/test_clinical_operations.py:311: error: Call to untyped function "read_records" in typed context  [no-untyped-call]
tests/test_clinical_operations.py:312: error: Call to untyped function "append_record" in typed context  [no-untyped-call]
tests/test_clinical_operations.py:315: error: Call to untyped function "transition_encounter" in typed context  [no-untyped-call]
tests/test_clinical_operations.py:317: error: Call to untyped function "transition_encounter" in typed context  [no-untyped-call]
tests/test_clinical_operations.py:321: error: Call to untyped function "append_record" in typed context  [no-untyped-call]
tests/test_clinical_operations.py:336: error: Call to untyped function "schedule_encounter" in typed context  [no-untyped-call]
tests/test_clinical_operations.py:339: error: Call to untyped function "transition_encounter" in typed context  [no-untyped-call]
tests/test_clinical_operations.py:342: error: Call to untyped function "append_record" in typed context  [no-untyped-call]
tests/test_clinical_operations.py:354: error: Call to untyped function "read_records" in typed context  [no-untyped-call]
tests/test_clinical_operations.py:356: error: Call to untyped function "append_record" in typed context  [no-untyped-call]
tests/test_clinical_operations.py:388: error: Call to untyped function "schedule_session" in typed context  [no-untyped-call]
tests/test_clinical_operations.py:396: error: Call to untyped function "schedule_session" in typed context  [no-untyped-call]
tests/test_clinical_operations.py:404: error: Call to untyped function "enroll_patient" in typed context  [no-untyped-call]
tests/test_clinical_operations.py:408: error: Call to untyped function "enroll_patient" in typed context  [no-untyped-call]
tests/test_clinical_operations.py:412: error: Call to untyped function "enroll_patient" in typed context  [no-untyped-call]
tests/test_clinical_operations.py:413: error: Call to untyped function "set_attendance" in typed context  [no-untyped-call]
tests/test_clinical_operations.py:417: error: Call to untyped function "set_attendance" in typed context  [no-untyped-call]
tests/test_clinical_operations.py:421: error: Call to untyped function "schedule_session" in typed context  [no-untyped-call]
tests/test_clinical_operations.py:570: error: Call to untyped function "create_product" in typed context  [no-untyped-call]
tests/test_clinical_operations.py:573: error: Call to untyped function "create_lot" in typed context  [no-untyped-call]
tests/test_clinical_operations.py:580: error: Call to untyped function "move_stock" in typed context  [no-untyped-call]
tests/test_clinical_operations.py:590: error: Call to untyped function "schedule_encounter" in typed context  [no-untyped-call]
tests/test_clinical_operations.py:596: error: Call to untyped function "transition_encounter" in typed context  [no-untyped-call]
tests/test_clinical_operations.py:602: error: Call to untyped function "append_record" in typed context  [no-untyped-call]
tests/test_clinical_operations.py:625: error: Call to untyped function "create_product" in typed context  [no-untyped-call]
tests/test_clinical_operations.py:630: error: Call to untyped function "save" in typed context  [no-untyped-call]
tests/test_clinical_operations.py:658: error: Call to untyped function "create_product" in typed context  [no-untyped-call]
tests/test_clinical_operations.py:661: error: Call to untyped function "create_lot" in typed context  [no-untyped-call]
tests/test_clinical_operations.py:668: error: Call to untyped function "move_stock" in typed context  [no-untyped-call]
tests/test_clinical_operations.py:682: error: Call to untyped function "move_stock" in typed context  [no-untyped-call]
tests/test_clinical_operations.py:701: error: Call to untyped function "for_clinic" in typed context  [no-untyped-call]
tests/test_clinical_operations.py:719: error: Call to untyped function "for_clinic" in typed context  [no-untyped-call]
tests/test_clinical_operations.py:726: error: Call to untyped function "create_product" in typed context  [no-untyped-call]
tests/test_clinical_operations.py:863: error: Call to untyped function "create_product" in typed context  [no-untyped-call]
tests/test_clinical_operations.py:864: error: Call to untyped function "create_lot" in typed context  [no-untyped-call]
tests/test_clinical_operations.py:867: error: Call to untyped function "move_stock" in typed context  [no-untyped-call]
tests/test_clinical_operations.py:869: error: Call to untyped function "move_stock" in typed context  [no-untyped-call]
tests/test_clinical_operations.py:884: error: Call to untyped function "schedule_encounter" in typed context  [no-untyped-call]
tests/test_clinical_operations.py:887: error: Call to untyped function "transition_encounter" in typed context  [no-untyped-call]
tests/test_clinical_operations.py:891: error: Call to untyped function "append_record" in typed context  [no-untyped-call]
tests/test_clinical_operations.py:895: error: Call to untyped function "read_records" in typed context  [no-untyped-call]
tests/test_clinical_operations.py:934: error: Call to untyped function "create_product" in typed context  [no-untyped-call]
tests/test_clinical_operations.py:947: error: Call to untyped function "create_product" in typed context  [no-untyped-call]
tests/test_clinical_operations.py:948: error: Call to untyped function "create_lot" in typed context  [no-untyped-call]
tests/test_clinical_operations.py:957: error: Call to untyped function "move_stock" in typed context  [no-untyped-call]
tests/test_clinical_operations.py:960: error: Call to untyped function "for_clinic" in typed context  [no-untyped-call]
tests/test_clinical_operations.py:990: error: Call to untyped function "schedule_session" in typed context  [no-untyped-call]
tests/test_clinical_operations.py:1005: error: Call to untyped function "enroll_patient" in typed context  [no-untyped-call]
tests/test_clinical_operations.py:1020: error: Call to untyped function "for_clinic" in typed context  [no-untyped-call]
tests/test_clinical_operations.py:1029: error: Call to untyped function "create_product" in typed context  [no-untyped-call]
tests/test_clinical_operations.py:1032: error: Call to untyped function "create_lot" in typed context  [no-untyped-call]
tests/test_clinical_operations_revocation.py:44: error: Call to untyped function "for_clinic" in typed context  [no-untyped-call]
tests/test_clinical_operations_revocation.py:47: error: Call to untyped function "for_clinic" in typed context  [no-untyped-call]
tests/test_clinical_operations_revocation.py:62: error: Call to untyped function "set_grant" in typed context  [no-untyped-call]
tests/test_clinical_operations_revocation.py:73: error: Call to untyped function "for_clinic" in typed context  [no-untyped-call]
tests/test_clinical_operations_revocation.py:88: error: Call to untyped function "require_capability" in typed context  [no-untyped-call]
tests/test_clinical_operations_revocation.py:99: error: Call to untyped function "for_clinic" in typed context  [no-untyped-call]
tests/test_clinical_operations_revocation.py:101: error: Call to untyped function "set_grant" in typed context  [no-untyped-call]
tests/test_clinical_operations_revocation.py:108: error: Call to untyped function "for_clinic" in typed context  [no-untyped-call]
tests/test_clinical_operations_revocation.py:130: error: Call to untyped function "for_clinic" in typed context  [no-untyped-call]
tests/test_clinical_operations_revocation.py:134: error: Call to untyped function "for_clinic" in typed context  [no-untyped-call]
tests/test_clinical_operations_revocation.py:143: error: Call to untyped function "for_clinic" in typed context  [no-untyped-call]
tests/test_clinical_operations_revocation.py:169: error: Call to untyped function "list_resources" in typed context  [no-untyped-call]
tests/test_clinical_operations_revocation.py:193: error: Call to untyped function "set_grant" in typed context  [no-untyped-call]
tests/test_clinical_operations_revocation.py:200: error: Call to untyped function "set_grant" in typed context  [no-untyped-call]
tests/test_clinical_operations_revocation.py:223: error: Call to untyped function "set_grant" in typed context  [no-untyped-call]
tests/test_clinical_operations_revocation.py:231: error: Call to untyped function "for_clinic" in typed context  [no-untyped-call]
tests/test_clinical_operations_revocation.py:250: error: Call to untyped function "for_clinic" in typed context  [no-untyped-call]
tests/test_clinical_operations_revocation.py:257: error: Call to untyped function "for_clinic" in typed context  [no-untyped-call]
tests/test_clinical_operations_revocation.py:266: error: Call to untyped function "for_clinic" in typed context  [no-untyped-call]
tests/test_clinical_operations_revocation.py:271: error: Call to untyped function "list_resources" in typed context  [no-untyped-call]
Found 728 errors in 33 files (checked 649 source files)
mypy_exit=1
