E402 Module level import not at top of file
  --> api/__init__.py:93:1
   |
91 | # ── Domain routers ───────────────────────────────────────────────────────────
92 |
93 | from api.goals_api import router as goals_router
   | ^^^^^^^^^^^^^^^^^^^^^^^^^^^^^^^^^^^^^^^^^^^^^^^^
94 | from api.journal_api import router as journal_router
95 | from api.scheduling_api import router as scheduling_router
   |

E402 Module level import not at top of file
  --> api/__init__.py:94:1
   |
93 | from api.goals_api import router as goals_router
94 | from api.journal_api import router as journal_router
   | ^^^^^^^^^^^^^^^^^^^^^^^^^^^^^^^^^^^^^^^^^^^^^^^^^^^^
95 | from api.scheduling_api import router as scheduling_router
   |

E402 Module level import not at top of file
  --> api/__init__.py:95:1
   |
93 | from api.goals_api import router as goals_router
94 | from api.journal_api import router as journal_router
95 | from api.scheduling_api import router as scheduling_router
   | ^^^^^^^^^^^^^^^^^^^^^^^^^^^^^^^^^^^^^^^^^^^^^^^^^^^^^^^^^^
96 |
97 | api.add_router("/journal/", journal_router)
   |

E501 Line too long (119 > 88)
  --> clinics/context_processors.py:20:89
   |
18 |     """Expose only the current actor's authorized active clinic choices."""
19 |     clinic_request = cast(ClinicRequest, request)
20 |     if not hasattr(request, "user") or not isinstance(request.user, AbstractBaseUser) or clinic_request.clinic is None:
   |                                                                                         ^^^^^^^^^^^^^^^^^^^^^^^^^^^^^^^
21 |         return {
22 |             "active_clinic": None,
   |

E501 Line too long (92 > 88)
  --> clinics/management/commands/create_aurora_clinic.py:17:89
   |
16 |     def handle(self, *args, **options):
17 |         self.stdout.write(self.style.MIGRATE_HEADING("Provisionando Clínica Aurora Elo..."))
   |                                                                                         ^^^^
18 |
19 |         clinic = Clinic.infrastructure_objects.filter(slug="aurora-elo").first()
   |

E501 Line too long (101 > 88)
  --> clinics/management/commands/create_aurora_clinic.py:27:89
   |
25 |                 is_demo=False,
26 |             )
27 |             self.stdout.write(self.style.SUCCESS(f"✓ Clínica criada: {clinic.name} ({clinic.slug})"))
   |                                                                                         ^^^^^^^^^^^^^
28 |         else:
29 |             clinic.is_active = True
   |

E501 Line too long (89 > 88)
  --> clinics/management/commands/create_aurora_clinic.py:33:89
   |
31 |             self.stdout.write(f"✓ Clínica existente confirmada ativa: {clinic.name}")
32 |
33 |         config = ClinicConfiguration.infrastructure_objects.filter(clinic=clinic).first()
   |                                                                                         ^
34 |         if not config:
35 |             config = ClinicConfiguration.infrastructure_objects.create(
   |

E501 Line too long (100 > 88)
  --> clinics/management/commands/create_aurora_clinic.py:48:89
   |
46 |                 country_code="BR",
47 |             )
48 |             self.stdout.write(self.style.SUCCESS("✓ Configuração institucional da clínica criada."))
   |                                                                                         ^^^^^^^^^^^^
49 |         else:
50 |             self.stdout.write("✓ Configuração institucional já vinculada.")
   |

E501 Line too long (165 > 88)
  --> clinics/management/commands/create_aurora_clinic.py:54:89
   |
52 | …
53 | …
54 | …ministrador", "last": "Geral", "role": ClinicMembership.Role.CLINIC_ADMIN, "staff": True, "super": True},
   |                              ^^^^^^^^^^^^^^^^^^^^^^^^^^^^^^^^^^^^^^^^^^^^^^^^^^^^^^^^^^^^^^^^^^^^^^^^^^^^^
55 | …: "Marcelo", "last": "Arantes", "role": ClinicMembership.Role.THERAPIST, "staff": True, "super": False},
56 | …: "Camila", "last": "Albuquerque", "role": ClinicMembership.Role.THERAPIST, "staff": True, "super": False},
   |

E501 Line too long (164 > 88)
  --> clinics/management/commands/create_aurora_clinic.py:55:89
   |
53 | …
54 | …ministrador", "last": "Geral", "role": ClinicMembership.Role.CLINIC_ADMIN, "staff": True, "super": True},
55 | …: "Marcelo", "last": "Arantes", "role": ClinicMembership.Role.THERAPIST, "staff": True, "super": False},
   |                              ^^^^^^^^^^^^^^^^^^^^^^^^^^^^^^^^^^^^^^^^^^^^^^^^^^^^^^^^^^^^^^^^^^^^^^^^^^^^
56 | …: "Camila", "last": "Albuquerque", "role": ClinicMembership.Role.THERAPIST, "staff": True, "super": False},
57 | …"Recepção", "last": "Clínica", "role": ClinicMembership.Role.ADMINISTRATIVE_STAFF, "staff": True, "super": False},
   |

E501 Line too long (167 > 88)
  --> clinics/management/commands/create_aurora_clinic.py:56:89
   |
54 | …inistrador", "last": "Geral", "role": ClinicMembership.Role.CLINIC_ADMIN, "staff": True, "super": True},
55 | … "Marcelo", "last": "Arantes", "role": ClinicMembership.Role.THERAPIST, "staff": True, "super": False},
56 | … "Camila", "last": "Albuquerque", "role": ClinicMembership.Role.THERAPIST, "staff": True, "super": False},
   |                             ^^^^^^^^^^^^^^^^^^^^^^^^^^^^^^^^^^^^^^^^^^^^^^^^^^^^^^^^^^^^^^^^^^^^^^^^^^^^^^^
57 | …Recepção", "last": "Clínica", "role": ClinicMembership.Role.ADMINISTRATIVE_STAFF, "staff": True, "super": False},
58 | … "Equipe", "last": "Enfermagem", "role": ClinicMembership.Role.ADMINISTRATIVE_STAFF, "staff": True, "super": False},
   |

E501 Line too long (174 > 88)
  --> clinics/management/commands/create_aurora_clinic.py:57:89
   |
55 | …rcelo", "last": "Arantes", "role": ClinicMembership.Role.THERAPIST, "staff": True, "super": False},
56 | …mila", "last": "Albuquerque", "role": ClinicMembership.Role.THERAPIST, "staff": True, "super": False},
57 | …pção", "last": "Clínica", "role": ClinicMembership.Role.ADMINISTRATIVE_STAFF, "staff": True, "super": False},
   |                         ^^^^^^^^^^^^^^^^^^^^^^^^^^^^^^^^^^^^^^^^^^^^^^^^^^^^^^^^^^^^^^^^^^^^^^^^^^^^^^^^^^^^^^
58 | …uipe", "last": "Enfermagem", "role": ClinicMembership.Role.ADMINISTRATIVE_STAFF, "staff": True, "super": False},
59 | …: "Thiago", "last": "Silva", "role": ClinicMembership.Role.PATIENT, "staff": False, "super": False},
   |

E501 Line too long (177 > 88)
  --> clinics/management/commands/create_aurora_clinic.py:58:89
   |
56 | …ila", "last": "Albuquerque", "role": ClinicMembership.Role.THERAPIST, "staff": True, "super": False},
57 | …ção", "last": "Clínica", "role": ClinicMembership.Role.ADMINISTRATIVE_STAFF, "staff": True, "super": False},
58 | …ipe", "last": "Enfermagem", "role": ClinicMembership.Role.ADMINISTRATIVE_STAFF, "staff": True, "super": False},
   |                        ^^^^^^^^^^^^^^^^^^^^^^^^^^^^^^^^^^^^^^^^^^^^^^^^^^^^^^^^^^^^^^^^^^^^^^^^^^^^^^^^^^^^^^^^^
59 | … "Thiago", "last": "Silva", "role": ClinicMembership.Role.PATIENT, "staff": False, "super": False},
60 | …o", "last": "Silva", "role": ClinicMembership.Role.PATIENT, "staff": False, "super": False},
   |

E501 Line too long (165 > 88)
  --> clinics/management/commands/create_aurora_clinic.py:59:89
   |
57 | …"Recepção", "last": "Clínica", "role": ClinicMembership.Role.ADMINISTRATIVE_STAFF, "staff": True, "super": False},
58 | …: "Equipe", "last": "Enfermagem", "role": ClinicMembership.Role.ADMINISTRATIVE_STAFF, "staff": True, "super": False},
59 | …irst": "Thiago", "last": "Silva", "role": ClinicMembership.Role.PATIENT, "staff": False, "super": False},
   |                              ^^^^^^^^^^^^^^^^^^^^^^^^^^^^^^^^^^^^^^^^^^^^^^^^^^^^^^^^^^^^^^^^^^^^^^^^^^^^^
60 | …"Thiago", "last": "Silva", "role": ClinicMembership.Role.PATIENT, "staff": False, "super": False},
   |

E501 Line too long (158 > 88)
  --> clinics/management/commands/create_aurora_clinic.py:60:89
   |
58 | …st": "Equipe", "last": "Enfermagem", "role": ClinicMembership.Role.ADMINISTRATIVE_STAFF, "staff": True, "super": False},
59 | … "first": "Thiago", "last": "Silva", "role": ClinicMembership.Role.PATIENT, "staff": False, "super": False},
60 | …": "Thiago", "last": "Silva", "role": ClinicMembership.Role.PATIENT, "staff": False, "super": False},
   |                                 ^^^^^^^^^^^^^^^^^^^^^^^^^^^^^^^^^^^^^^^^^^^^^^^^^^^^^^^^^^^^^^^^^^^^^^
61 | …
62 | …
   |

E501 Line too long (165 > 88)
  --> clinics/management/commands/create_aurora_clinic.py:63:89
   |
62 | …
63 | …ministrador", "last": "Geral", "role": ClinicMembership.Role.CLINIC_ADMIN, "staff": True, "super": True},
   |                              ^^^^^^^^^^^^^^^^^^^^^^^^^^^^^^^^^^^^^^^^^^^^^^^^^^^^^^^^^^^^^^^^^^^^^^^^^^^^^
64 | …: "Marcelo", "last": "Arantes", "role": ClinicMembership.Role.THERAPIST, "staff": True, "super": False},
65 | …: "Camila", "last": "Albuquerque", "role": ClinicMembership.Role.THERAPIST, "staff": True, "super": False},
   |

E501 Line too long (164 > 88)
  --> clinics/management/commands/create_aurora_clinic.py:64:89
   |
62 | …
63 | …ministrador", "last": "Geral", "role": ClinicMembership.Role.CLINIC_ADMIN, "staff": True, "super": True},
64 | …: "Marcelo", "last": "Arantes", "role": ClinicMembership.Role.THERAPIST, "staff": True, "super": False},
   |                              ^^^^^^^^^^^^^^^^^^^^^^^^^^^^^^^^^^^^^^^^^^^^^^^^^^^^^^^^^^^^^^^^^^^^^^^^^^^^
65 | …: "Camila", "last": "Albuquerque", "role": ClinicMembership.Role.THERAPIST, "staff": True, "super": False},
66 | …"Recepção", "last": "Clínica", "role": ClinicMembership.Role.ADMINISTRATIVE_STAFF, "staff": True, "super": False},
   |

E501 Line too long (167 > 88)
  --> clinics/management/commands/create_aurora_clinic.py:65:89
   |
63 | …inistrador", "last": "Geral", "role": ClinicMembership.Role.CLINIC_ADMIN, "staff": True, "super": True},
64 | … "Marcelo", "last": "Arantes", "role": ClinicMembership.Role.THERAPIST, "staff": True, "super": False},
65 | … "Camila", "last": "Albuquerque", "role": ClinicMembership.Role.THERAPIST, "staff": True, "super": False},
   |                             ^^^^^^^^^^^^^^^^^^^^^^^^^^^^^^^^^^^^^^^^^^^^^^^^^^^^^^^^^^^^^^^^^^^^^^^^^^^^^^^
66 | …Recepção", "last": "Clínica", "role": ClinicMembership.Role.ADMINISTRATIVE_STAFF, "staff": True, "super": False},
67 | … "Equipe", "last": "Enfermagem", "role": ClinicMembership.Role.ADMINISTRATIVE_STAFF, "staff": True, "super": False},
   |

E501 Line too long (174 > 88)
  --> clinics/management/commands/create_aurora_clinic.py:66:89
   |
64 | …rcelo", "last": "Arantes", "role": ClinicMembership.Role.THERAPIST, "staff": True, "super": False},
65 | …mila", "last": "Albuquerque", "role": ClinicMembership.Role.THERAPIST, "staff": True, "super": False},
66 | …pção", "last": "Clínica", "role": ClinicMembership.Role.ADMINISTRATIVE_STAFF, "staff": True, "super": False},
   |                         ^^^^^^^^^^^^^^^^^^^^^^^^^^^^^^^^^^^^^^^^^^^^^^^^^^^^^^^^^^^^^^^^^^^^^^^^^^^^^^^^^^^^^^
67 | …uipe", "last": "Enfermagem", "role": ClinicMembership.Role.ADMINISTRATIVE_STAFF, "staff": True, "super": False},
68 | …go", "last": "Silva", "role": ClinicMembership.Role.PATIENT, "staff": False, "super": False},
   |

E501 Line too long (177 > 88)
  --> clinics/management/commands/create_aurora_clinic.py:67:89
   |
65 | …ila", "last": "Albuquerque", "role": ClinicMembership.Role.THERAPIST, "staff": True, "super": False},
66 | …ção", "last": "Clínica", "role": ClinicMembership.Role.ADMINISTRATIVE_STAFF, "staff": True, "super": False},
67 | …ipe", "last": "Enfermagem", "role": ClinicMembership.Role.ADMINISTRATIVE_STAFF, "staff": True, "super": False},
   |                        ^^^^^^^^^^^^^^^^^^^^^^^^^^^^^^^^^^^^^^^^^^^^^^^^^^^^^^^^^^^^^^^^^^^^^^^^^^^^^^^^^^^^^^^^^
68 | …o", "last": "Silva", "role": ClinicMembership.Role.PATIENT, "staff": False, "super": False},
69 | …
   |

E501 Line too long (158 > 88)
  --> clinics/management/commands/create_aurora_clinic.py:68:89
   |
66 | …": "Recepção", "last": "Clínica", "role": ClinicMembership.Role.ADMINISTRATIVE_STAFF, "staff": True, "super": False},
67 | …st": "Equipe", "last": "Enfermagem", "role": ClinicMembership.Role.ADMINISTRATIVE_STAFF, "staff": True, "super": False},
68 | …": "Thiago", "last": "Silva", "role": ClinicMembership.Role.PATIENT, "staff": False, "super": False},
   |                                 ^^^^^^^^^^^^^^^^^^^^^^^^^^^^^^^^^^^^^^^^^^^^^^^^^^^^^^^^^^^^^^^^^^^^^^
69 | …
   |

E501 Line too long (106 > 88)
   --> clinics/management/commands/create_aurora_clinic.py:114:89
    |
112 |                     valid_until=None,
113 |                 )
114 |                 self.stdout.write(self.style.SUCCESS(f"✓ Vínculo criado: {user.email} -> {spec['role']}"))
    |                                                                                         ^^^^^^^^^^^^^^^^^^
115 |             else:
116 |                 membership.is_active = True
    |

E501 Line too long (97 > 88)
   --> clinics/management/commands/create_aurora_clinic.py:120:89
    |
118 |                 membership.valid_from = date(2024, 1, 1)
119 |                 membership.valid_until = None
120 |                 membership.save(update_fields=["is_active", "role", "valid_from", "valid_until"])
    |                                                                                         ^^^^^^^^^
121 |                 self.stdout.write(f"✓ Vínculo atualizado: {user.email} -> {spec['role']}")
    |

E501 Line too long (90 > 88)
   --> clinics/management/commands/create_aurora_clinic.py:121:89
    |
119 |                 membership.valid_until = None
120 |                 membership.save(update_fields=["is_active", "role", "valid_from", "valid_until"])
121 |                 self.stdout.write(f"✓ Vínculo atualizado: {user.email} -> {spec['role']}")
    |                                                                                         ^^
122 |
123 |         self.stdout.write(self.style.SUCCESS("✓ Clínica Aurora Elo e todos os usuários/vínculos configurados com sucesso!"))
    |

E501 Line too long (124 > 88)
   --> clinics/management/commands/create_aurora_clinic.py:123:89
    |
121 |                 self.stdout.write(f"✓ Vínculo atualizado: {user.email} -> {spec['role']}")
122 |
123 |         self.stdout.write(self.style.SUCCESS("✓ Clínica Aurora Elo e todos os usuários/vínculos configurados com sucesso!"))
    |                                                                                         ^^^^^^^^^^^^^^^^^^^^^^^^^^^^^^^^^^^^
    |

E402 Module level import not at top of file
  --> config/urls.py:28:1
   |
26 | handler500 = "config.views.server_error"
27 |
28 | from accounts.views import master_login
   | ^^^^^^^^^^^^^^^^^^^^^^^^^^^^^^^^^^^^^^^
29 |
30 | urlpatterns = [
   |

E501 Line too long (89 > 88)
   --> config/views.py:273:89
    |
272 | def home(request: HttpRequest) -> HttpResponse:
273 |     """Return the official landing page for visitors, or redirect authenticated users."""
    |                                                                                         ^
274 |     if request.user.is_authenticated:
275 |         from clinics.services import CLINIC_SESSION_KEY
    |

E501 Line too long (92 > 88)
   --> config/views.py:287:89
    |
286 |     # Machine-readable plain text if explicitly requested via format or header
287 |     if request.GET.get("format") == "text" or request.headers.get("Accept") == "text/plain":
    |                                                                                         ^^^^
288 |         return HttpResponse(
289 |             _("Plataforma terapêutica disponível."),
    |

E501 Line too long (96 > 88)
   --> config/views.py:298:89
    |
297 |     context = {
298 |         "page_title": "Aurora Elo — Plataforma de Saúde Mental, Psiquiatria e Cuidado Contínuo",
    |                                                                                         ^^^^^^^^
299 |         "availability_notice": _("Plataforma terapêutica disponível."),
300 |         "contact_sent": contact_sent,
    |

E402 Module level import not at top of file
  --> core/feature_flags.py:85:1
   |
83 | # ── Selectors ─────────────────────────────────────────────────────────────────
84 |
85 | import hashlib
   | ^^^^^^^^^^^^^^
86 | from uuid import UUID
   |

E402 Module level import not at top of file
  --> core/feature_flags.py:86:1
   |
85 | import hashlib
86 | from uuid import UUID
   | ^^^^^^^^^^^^^^^^^^^^^
   |

E501 Line too long (104 > 88)
  --> psychiatry/management/commands/create_aurora_users.py:16:89
   |
15 |     def handle(self, *args, **options):
16 |         self.stdout.write(self.style.MIGRATE_HEADING("Criando contas de acesso para todas as áreas..."))
   |                                                                                         ^^^^^^^^^^^^^^^^
17 |
18 |         users_to_create = [
   |

E501 Line too long (89 > 88)
  --> psychiatry/management/commands/create_aurora_users.py:35:89
   |
33 |                 "is_staff": True,
34 |                 "is_superuser": False,
35 |                 "role_desc": "Diretoria Médica & Psiquiatra Especialista em Adictologia",
   |                                                                                         ^
36 |             },
37 |             {
   |

E501 Line too long (89 > 88)
  --> psychiatry/management/commands/create_aurora_users.py:71:89
   |
69 |                 "is_staff": False,
70 |                 "is_superuser": False,
71 |                 "role_desc": "Paciente Acolhido (Recuperação Jogos de Azar / 12 Passos)",
   |                                                                                         ^
72 |             },
73 |         ]
   |

E501 Line too long (102 > 88)
  --> psychiatry/management/commands/create_aurora_users.py:90:89
   |
88 |                 user.set_password(u["password"])
89 |                 user.save()
90 |                 self.stdout.write(self.style.SUCCESS(f"✓ Usuário criado: {email} ({u['role_desc']})"))
   |                                                                                         ^^^^^^^^^^^^^^
91 |             else:
92 |                 user.set_password(u["password"])
   |

E501 Line too long (102 > 88)
  --> psychiatry/management/commands/create_aurora_users.py:97:89
   |
95 |                 user.is_active = True
96 |                 user.save()
97 |                 self.stdout.write(self.style.WARNING(f"• Usuário atualizado com nova senha: {email}"))
   |                                                                                         ^^^^^^^^^^^^^^
98 |
99 |         self.stdout.write(self.style.SUCCESS("✓ Todas as contas de acesso criadas com sucesso!"))
   |

E501 Line too long (97 > 88)
  --> psychiatry/management/commands/create_aurora_users.py:99:89
   |
97 |                 self.stdout.write(self.style.WARNING(f"• Usuário atualizado com nova senha: {email}"))
98 |
99 |         self.stdout.write(self.style.SUCCESS("✓ Todas as contas de acesso criadas com sucesso!"))
   |                                                                                         ^^^^^^^^^
   |

E501 Line too long (112 > 88)
  --> psychiatry/management/commands/seed_psychiatry.py:35:89
   |
34 |     def handle(self, *args, **options):
35 |         self.stdout.write(self.style.MIGRATE_HEADING("Iniciando seed do ecossistema Aurora Elo Psiquiatria..."))
   |                                                                                         ^^^^^^^^^^^^^^^^^^^^^^^^
36 |
37 |         # 1. Classificações Diagnósticas (CID-11 & DSM-5)
   |

E501 Line too long (107 > 88)
  --> psychiatry/management/commands/seed_psychiatry.py:44:89
   |
42 |                 "name": "Transtorno Depressivo Maior, Episódio Único",
43 |                 "category": "Transtornos do Humor",
44 |                 "specifiers": "Moderado a grave, sem características psicóticas. Resposta parcial a ISRS.",
   |                                                                                         ^^^^^^^^^^^^^^^^^^^
45 |             },
46 |             {
   |

E501 Line too long (93 > 88)
  --> psychiatry/management/commands/seed_psychiatry.py:51:89
   |
49 |                 "name": "Transtorno Depressivo Recorrente",
50 |                 "category": "Transtornos do Humor",
51 |                 "specifiers": "Episódio atual grave com ideação suicida prévia em remissão.",
   |                                                                                         ^^^^^
52 |             },
53 |             {
   |

E501 Line too long (107 > 88)
  --> psychiatry/management/commands/seed_psychiatry.py:58:89
   |
56 |                 "name": "Transtorno Bipolar Tipo I",
57 |                 "category": "Transtornos Bipolares",
58 |                 "specifiers": "Episódio maníaco com sintomas mistos; estabilizado com carbonato de lítio.",
   |                                                                                         ^^^^^^^^^^^^^^^^^^^
59 |             },
60 |             {
   |

E501 Line too long (101 > 88)
  --> psychiatry/management/commands/seed_psychiatry.py:65:89
   |
63 |                 "name": "Transtorno Bipolar Tipo II",
64 |                 "category": "Transtornos Bipolares",
65 |                 "specifiers": "Episódios hipomaníacos alternados com episódios depressivos maiores.",
   |                                                                                         ^^^^^^^^^^^^^
66 |             },
67 |             {
   |

E501 Line too long (97 > 88)
  --> psychiatry/management/commands/seed_psychiatry.py:72:89
   |
70 |                 "name": "Transtorno de Ansiedade Generalizada (TAG)",
71 |                 "category": "Transtornos de Ansiedade",
72 |                 "specifiers": "Tensão muscular, hiperarousal autonômico, insônia intermediária.",
   |                                                                                         ^^^^^^^^^
73 |             },
74 |             {
   |

E501 Line too long (104 > 88)
  --> psychiatry/management/commands/seed_psychiatry.py:79:89
   |
77 |                 "name": "Transtorno de Pânico",
78 |                 "category": "Transtornos de Ansiedade",
79 |                 "specifiers": "Com agorafobia e esquiva fóbica de transportes públicos e aglomerações.",
   |                                                                                         ^^^^^^^^^^^^^^^^
80 |             },
81 |             {
   |

E501 Line too long (108 > 88)
  --> psychiatry/management/commands/seed_psychiatry.py:86:89
   |
84 |                 "name": "Transtorno Obsessivo-Compulsivo (TOC)",
85 |                 "category": "Transtornos Obsessivo-Compulsivos",
86 |                 "specifiers": "Obsessões de contaminação e checagem ritualística com sofrimento acentuado.",
   |                                                                                         ^^^^^^^^^^^^^^^^^^^^
87 |             },
88 |             {
   |

E501 Line too long (110 > 88)
  --> psychiatry/management/commands/seed_psychiatry.py:93:89
   |
91 |                 "name": "Transtorno de Estresse Pós-Traumático (TEPT)",
92 |                 "category": "Transtornos Relacionados ao Estresse",
93 |                 "specifiers": "Flashbacks intrusivos, hipervigilância, histórico de evento ameaçador à vida.",
   |                                                                                         ^^^^^^^^^^^^^^^^^^^^^^
94 |             },
95 |             {
   |

E501 Line too long (115 > 88)
   --> psychiatry/management/commands/seed_psychiatry.py:100:89
    |
 98 |                 "name": "Esquizofrenia Paranóide",
 99 |                 "category": "Esquizofrenia e Outros Transtornos Psicóticos",
100 |                 "specifiers": "Sintomas positivos predominantes (delírios persecutórios e alucinações auditivas).",
    |                                                                                         ^^^^^^^^^^^^^^^^^^^^^^^^^^^
101 |             },
102 |             {
    |

E501 Line too long (100 > 88)
   --> psychiatry/management/commands/seed_psychiatry.py:107:89
    |
105 |                 "name": "Transtorno de Déficit de Atenção e Hiperatividade (TDAH)",
106 |                 "category": "Transtornos do Neurodesenvolvimento",
107 |                 "specifiers": "Apresentação combinada (desatenção e hiperatividade-impulsividade).",
    |                                                                                         ^^^^^^^^^^^^
108 |             },
109 |             {
    |

E501 Line too long (94 > 88)
   --> psychiatry/management/commands/seed_psychiatry.py:114:89
    |
112 |                 "name": "Anorexia Nervosa",
113 |                 "category": "Transtornos Alimentares",
114 |                 "specifiers": "Tipo restritivo, distorção de imagem corporal, IMC limítrofe.",
    |                                                                                         ^^^^^^
115 |             },
116 |             {
    |

E501 Line too long (144 > 88)
   --> psychiatry/management/commands/seed_psychiatry.py:128:89
    |
126 | …patia (Gambling Disorder)",
127 | …Comportamentos Aditivos",
128 | …de apostas online (Bets e cassinos virtuais), perseguição de perdas e endividamento crítico.",
    |                                        ^^^^^^^^^^^^^^^^^^^^^^^^^^^^^^^^^^^^^^^^^^^^^^^^^^^^^^^^
129 | …
130 | …
    |

E501 Line too long (106 > 88)
   --> psychiatry/management/commands/seed_psychiatry.py:135:89
    |
133 |                 "name": "Transtorno por Uso de Cocaína e Estimulantes",
134 |                 "category": "Transtornos por Uso de Substâncias",
135 |                 "specifiers": "Dependência com fissura (craving) intensa associada ao consumo de álcool.",
    |                                                                                         ^^^^^^^^^^^^^^^^^^
136 |             },
137 |         ]
    |

E501 Line too long (111 > 88)
   --> psychiatry/management/commands/seed_psychiatry.py:151:89
    |
149 |             )
150 |             diagnoses[d["cid11"]] = obj
151 |         self.stdout.write(self.style.SUCCESS(f"✓ {len(diagnoses)} classificações diagnósticas sincronizadas."))
    |                                                                                         ^^^^^^^^^^^^^^^^^^^^^^^
152 |
153 |         # 2. Leitos de Internação Psiquiátrica
    |

E501 Line too long (122 > 88)
   --> psychiatry/management/commands/seed_psychiatry.py:155:89
    |
153 |         # 2. Leitos de Internação Psiquiátrica
154 |         wards_and_beds = [
155 |             ("L-101", "Ala Aurora Norte (Agudos)", InpatientBed.BedStatus.OCCUPIED, InpatientBed.AdmissionType.VOLUNTARY),
    |                                                                                         ^^^^^^^^^^^^^^^^^^^^^^^^^^^^^^^^^^
156 |             ("L-102", "Ala Aurora Norte (Agudos)", InpatientBed.BedStatus.OCCUPIED, InpatientBed.AdmissionType.VOLUNTARY),
157 |             ("L-103", "Ala Aurora Norte (Agudos)", InpatientBed.BedStatus.AVAILABLE, ""),
    |

E501 Line too long (122 > 88)
   --> psychiatry/management/commands/seed_psychiatry.py:156:89
    |
154 |         wards_and_beds = [
155 |             ("L-101", "Ala Aurora Norte (Agudos)", InpatientBed.BedStatus.OCCUPIED, InpatientBed.AdmissionType.VOLUNTARY),
156 |             ("L-102", "Ala Aurora Norte (Agudos)", InpatientBed.BedStatus.OCCUPIED, InpatientBed.AdmissionType.VOLUNTARY),
    |                                                                                         ^^^^^^^^^^^^^^^^^^^^^^^^^^^^^^^^^^
157 |             ("L-103", "Ala Aurora Norte (Agudos)", InpatientBed.BedStatus.AVAILABLE, ""),
158 |             ("L-104", "Ala Aurora Norte (Agudos)", InpatientBed.BedStatus.OCCUPIED, InpatientBed.AdmissionType.INVOLUNTARY),
    |

E501 Line too long (89 > 88)
   --> psychiatry/management/commands/seed_psychiatry.py:157:89
    |
155 |             ("L-101", "Ala Aurora Norte (Agudos)", InpatientBed.BedStatus.OCCUPIED, InpatientBed.AdmissionType.VOLUNTARY),
156 |             ("L-102", "Ala Aurora Norte (Agudos)", InpatientBed.BedStatus.OCCUPIED, InpatientBed.AdmissionType.VOLUNTARY),
157 |             ("L-103", "Ala Aurora Norte (Agudos)", InpatientBed.BedStatus.AVAILABLE, ""),
    |                                                                                         ^
158 |             ("L-104", "Ala Aurora Norte (Agudos)", InpatientBed.BedStatus.OCCUPIED, InpatientBed.AdmissionType.INVOLUNTARY),
159 |             ("L-201", "Ala Aurora Sul (Estabilização)", InpatientBed.BedStatus.OCCUPIED, InpatientBed.AdmissionType.VOLUNTARY),
    |

E501 Line too long (124 > 88)
   --> psychiatry/management/commands/seed_psychiatry.py:158:89
    |
156 |             ("L-102", "Ala Aurora Norte (Agudos)", InpatientBed.BedStatus.OCCUPIED, InpatientBed.AdmissionType.VOLUNTARY),
157 |             ("L-103", "Ala Aurora Norte (Agudos)", InpatientBed.BedStatus.AVAILABLE, ""),
158 |             ("L-104", "Ala Aurora Norte (Agudos)", InpatientBed.BedStatus.OCCUPIED, InpatientBed.AdmissionType.INVOLUNTARY),
    |                                                                                         ^^^^^^^^^^^^^^^^^^^^^^^^^^^^^^^^^^^^
159 |             ("L-201", "Ala Aurora Sul (Estabilização)", InpatientBed.BedStatus.OCCUPIED, InpatientBed.AdmissionType.VOLUNTARY),
160 |             ("L-202", "Ala Aurora Sul (Estabilização)", InpatientBed.BedStatus.AVAILABLE, ""),
    |

E501 Line too long (127 > 88)
   --> psychiatry/management/commands/seed_psychiatry.py:159:89
    |
157 |             ("L-103", "Ala Aurora Norte (Agudos)", InpatientBed.BedStatus.AVAILABLE, ""),
158 |             ("L-104", "Ala Aurora Norte (Agudos)", InpatientBed.BedStatus.OCCUPIED, InpatientBed.AdmissionType.INVOLUNTARY),
159 |             ("L-201", "Ala Aurora Sul (Estabilização)", InpatientBed.BedStatus.OCCUPIED, InpatientBed.AdmissionType.VOLUNTARY),
    |                                                                                         ^^^^^^^^^^^^^^^^^^^^^^^^^^^^^^^^^^^^^^^
160 |             ("L-202", "Ala Aurora Sul (Estabilização)", InpatientBed.BedStatus.AVAILABLE, ""),
161 |             ("L-203", "Ala Aurora Sul (Estabilização)", InpatientBed.BedStatus.AVAILABLE, ""),
    |

E501 Line too long (94 > 88)
   --> psychiatry/management/commands/seed_psychiatry.py:160:89
    |
158 |             ("L-104", "Ala Aurora Norte (Agudos)", InpatientBed.BedStatus.OCCUPIED, InpatientBed.AdmissionType.INVOLUNTARY),
159 |             ("L-201", "Ala Aurora Sul (Estabilização)", InpatientBed.BedStatus.OCCUPIED, InpatientBed.AdmissionType.VOLUNTARY),
160 |             ("L-202", "Ala Aurora Sul (Estabilização)", InpatientBed.BedStatus.AVAILABLE, ""),
    |                                                                                         ^^^^^^
161 |             ("L-203", "Ala Aurora Sul (Estabilização)", InpatientBed.BedStatus.AVAILABLE, ""),
162 |             ("L-204", "Ala Aurora Sul (Estabilização)", InpatientBed.BedStatus.MAINTENANCE, ""),
    |

E501 Line too long (94 > 88)
   --> psychiatry/management/commands/seed_psychiatry.py:161:89
    |
159 |             ("L-201", "Ala Aurora Sul (Estabilização)", InpatientBed.BedStatus.OCCUPIED, InpatientBed.AdmissionType.VOLUNTARY),
160 |             ("L-202", "Ala Aurora Sul (Estabilização)", InpatientBed.BedStatus.AVAILABLE, ""),
161 |             ("L-203", "Ala Aurora Sul (Estabilização)", InpatientBed.BedStatus.AVAILABLE, ""),
    |                                                                                         ^^^^^^
162 |             ("L-204", "Ala Aurora Sul (Estabilização)", InpatientBed.BedStatus.MAINTENANCE, ""),
163 |             ("L-301", "Unidade Intensiva de Crise (UIC)", InpatientBed.BedStatus.OCCUPIED, InpatientBed.AdmissionType.INVOLUNTARY),
    |

E501 Line too long (96 > 88)
   --> psychiatry/management/commands/seed_psychiatry.py:162:89
    |
160 |             ("L-202", "Ala Aurora Sul (Estabilização)", InpatientBed.BedStatus.AVAILABLE, ""),
161 |             ("L-203", "Ala Aurora Sul (Estabilização)", InpatientBed.BedStatus.AVAILABLE, ""),
162 |             ("L-204", "Ala Aurora Sul (Estabilização)", InpatientBed.BedStatus.MAINTENANCE, ""),
    |                                                                                         ^^^^^^^^
163 |             ("L-301", "Unidade Intensiva de Crise (UIC)", InpatientBed.BedStatus.OCCUPIED, InpatientBed.AdmissionType.INVOLUNTARY),
164 |             ("L-302", "Unidade Intensiva de Crise (UIC)", InpatientBed.BedStatus.RESERVED, ""),
    |

E501 Line too long (131 > 88)
   --> psychiatry/management/commands/seed_psychiatry.py:163:89
    |
161 |             ("L-203", "Ala Aurora Sul (Estabilização)", InpatientBed.BedStatus.AVAILABLE, ""),
162 |             ("L-204", "Ala Aurora Sul (Estabilização)", InpatientBed.BedStatus.MAINTENANCE, ""),
163 |             ("L-301", "Unidade Intensiva de Crise (UIC)", InpatientBed.BedStatus.OCCUPIED, InpatientBed.AdmissionType.INVOLUNTARY),
    |                                                                                         ^^^^^^^^^^^^^^^^^^^^^^^^^^^^^^^^^^^^^^^^^^^
164 |             ("L-302", "Unidade Intensiva de Crise (UIC)", InpatientBed.BedStatus.RESERVED, ""),
165 |             ("L-303", "Unidade Intensiva de Crise (UIC)", InpatientBed.BedStatus.OCCUPIED, InpatientBed.AdmissionType.COMPULSORY),
    |

E501 Line too long (95 > 88)
   --> psychiatry/management/commands/seed_psychiatry.py:164:89
    |
162 |             ("L-204", "Ala Aurora Sul (Estabilização)", InpatientBed.BedStatus.MAINTENANCE, ""),
163 |             ("L-301", "Unidade Intensiva de Crise (UIC)", InpatientBed.BedStatus.OCCUPIED, InpatientBed.AdmissionType.INVOLUNTARY),
164 |             ("L-302", "Unidade Intensiva de Crise (UIC)", InpatientBed.BedStatus.RESERVED, ""),
    |                                                                                         ^^^^^^^
165 |             ("L-303", "Unidade Intensiva de Crise (UIC)", InpatientBed.BedStatus.OCCUPIED, InpatientBed.AdmissionType.COMPULSORY),
166 |             ("L-304", "Unidade Intensiva de Crise (UIC)", InpatientBed.BedStatus.AVAILABLE, ""),
    |

E501 Line too long (130 > 88)
   --> psychiatry/management/commands/seed_psychiatry.py:165:89
    |
163 |             ("L-301", "Unidade Intensiva de Crise (UIC)", InpatientBed.BedStatus.OCCUPIED, InpatientBed.AdmissionType.INVOLUNTARY),
164 |             ("L-302", "Unidade Intensiva de Crise (UIC)", InpatientBed.BedStatus.RESERVED, ""),
165 |             ("L-303", "Unidade Intensiva de Crise (UIC)", InpatientBed.BedStatus.OCCUPIED, InpatientBed.AdmissionType.COMPULSORY),
    |                                                                                         ^^^^^^^^^^^^^^^^^^^^^^^^^^^^^^^^^^^^^^^^^^
166 |             ("L-304", "Unidade Intensiva de Crise (UIC)", InpatientBed.BedStatus.AVAILABLE, ""),
167 |         ]
    |

E501 Line too long (96 > 88)
   --> psychiatry/management/commands/seed_psychiatry.py:166:89
    |
164 |             ("L-302", "Unidade Intensiva de Crise (UIC)", InpatientBed.BedStatus.RESERVED, ""),
165 |             ("L-303", "Unidade Intensiva de Crise (UIC)", InpatientBed.BedStatus.OCCUPIED, InpatientBed.AdmissionType.COMPULSORY),
166 |             ("L-304", "Unidade Intensiva de Crise (UIC)", InpatientBed.BedStatus.AVAILABLE, ""),
    |                                                                                         ^^^^^^^^
167 |         ]
    |

E501 Line too long (128 > 88)
   --> psychiatry/management/commands/seed_psychiatry.py:177:89
    |
175 | …         "status": status,
176 | …         "admission_type": adm_type,
177 | …         "admission_date": timezone.now() - timedelta(days=4) if status == InpatientBed.BedStatus.OCCUPIED else None,
    |                                                                               ^^^^^^^^^^^^^^^^^^^^^^^^^^^^^^^^^^^^^^^^
178 | …         "nursing_notes": "Sinais vitais estáveis. Avaliação de risco de fuga e autoagressão negativa nas últimas 24h." if status ==…
179 | …     }
    |

E501 Line too long (225 > 88)
   --> psychiatry/management/commands/seed_psychiatry.py:178:89
    |
176 | …
177 | …== InpatientBed.BedStatus.OCCUPIED else None,
178 | … fuga e autoagressão negativa nas últimas 24h." if status == InpatientBed.BedStatus.OCCUPIED else "Leito higienizado e pronto para admissão.",
    |       ^^^^^^^^^^^^^^^^^^^^^^^^^^^^^^^^^^^^^^^^^^^^^^^^^^^^^^^^^^^^^^^^^^^^^^^^^^^^^^^^^^^^^^^^^^^^^^^^^^^^^^^^^^^^^^^^^^^^^^^^^^^^^^^^^^^^^^^^^
179 | …
180 | …
    |

E501 Line too long (96 > 88)
   --> psychiatry/management/commands/seed_psychiatry.py:182:89
    |
180 |             )
181 |             beds[bed_code] = b_obj
182 |         self.stdout.write(self.style.SUCCESS(f"✓ {len(beds)} leitos hospitalares cadastrados."))
    |                                                                                         ^^^^^^^^
183 |
184 |         # 3. Pacientes Psiquiátricos Exemplares
    |

E501 Line too long (89 > 88)
   --> psychiatry/management/commands/seed_psychiatry.py:251:89
    |
249 |                 "guardian": "Clara de Souza (Irmã)",
250 |                 "guardian_phone": "(11) 98844-5512",
251 |                 "allergies": "Reação extrapiramidal prévia a haloperidol em altas doses",
    |                                                                                         ^
252 |                 "comorbidities": "Tabagismo",
253 |             },
    |

E501 Line too long (112 > 88)
   --> psychiatry/management/commands/seed_psychiatry.py:331:89
    |
329 |             created_patients.append(pat_obj)
330 |
331 |         self.stdout.write(self.style.SUCCESS(f"✓ {len(created_patients)} pacientes psiquiátricos cadastrados."))
    |                                                                                         ^^^^^^^^^^^^^^^^^^^^^^^^
332 |
333 |         # Associar pacientes internados aos leitos
    |

E501 Line too long (109 > 88)
   --> psychiatry/management/commands/seed_psychiatry.py:350:89
    |
348 | …     "doctor_crm": "CRM/SP 148.920",
349 | …     "modality": PsychiatricEvaluation.Modality.TELEHEALTH,
350 | …     "chief_complaint": "Episódio de desânimo acentuado, anedonia e insônia terminal há 3 meses.",
    |                                                                               ^^^^^^^^^^^^^^^^^^^^^
351 | …     "hda": "Paciente relata início insidioso de humor deprimido após término de relacionamento e sobrecarga laboral. Refere choro f…
352 | …     "past_psychiatric_history": "Episódio depressivo prévio aos 22 anos tratado com Sertralina 50mg com remissão completa.",
    |

E501 Line too long (256 > 88)
   --> psychiatry/management/commands/seed_psychiatry.py:351:89
    |
349 | …
350 | …nia terminal há 3 meses.",
351 | …rmino de relacionamento e sobrecarga laboral. Refere choro fácil, fadiga crônica e perda de interesse por hobbies. Nega ideação suicida estruturada ou sintomas psicóticos.",
    |       ^^^^^^^^^^^^^^^^^^^^^^^^^^^^^^^^^^^^^^^^^^^^^^^^^^^^^^^^^^^^^^^^^^^^^^^^^^^^^^^^^^^^^^^^^^^^^^^^^^^^^^^^^^^^^^^^^^^^^^^^^^^^^^^^^^^^^^^^^^^^^^^^^^^^^^^^^^^^^^^^^^^^^^^^
352 | … tratado com Sertralina 50mg com remissão completa.",
353 | …lar; tia materna com transtorno de ansiedade.",
    |

E501 Line too long (136 > 88)
   --> psychiatry/management/commands/seed_psychiatry.py:352:89
    |
350 | …     "chief_complaint": "Episódio de desânimo acentuado, anedonia e insônia terminal há 3 meses.",
351 | …     "hda": "Paciente relata início insidioso de humor deprimido após término de relacionamento e sobrecarga laboral. Refere choro f…
352 | …     "past_psychiatric_history": "Episódio depressivo prévio aos 22 anos tratado com Sertralina 50mg com remissão completa.",
    |                                                                               ^^^^^^^^^^^^^^^^^^^^^^^^^^^^^^^^^^^^^^^^^^^^^^^^
353 | …     "family_psychiatric_history": "Mãe com histórico de depressão unipolar; tia materna com transtorno de ansiedade.",
354 | …     "substance_use_history": "Uso social esporádico de álcool (1 dose quinzenal). Nega tabagismo ou substâncias ilícitas.",
    |

E501 Line too long (130 > 88)
   --> psychiatry/management/commands/seed_psychiatry.py:353:89
    |
351 | …     "hda": "Paciente relata início insidioso de humor deprimido após término de relacionamento e sobrecarga laboral. Refere choro f…
352 | …     "past_psychiatric_history": "Episódio depressivo prévio aos 22 anos tratado com Sertralina 50mg com remissão completa.",
353 | …     "family_psychiatric_history": "Mãe com histórico de depressão unipolar; tia materna com transtorno de ansiedade.",
    |                                                                               ^^^^^^^^^^^^^^^^^^^^^^^^^^^^^^^^^^^^^^^^^^
354 | …     "substance_use_history": "Uso social esporádico de álcool (1 dose quinzenal). Nega tabagismo ou substâncias ilícitas.",
355 | …     "mse_appearance_attitude": "Vestes adequadas, asseada, postura curvada, contato visual mantido porém hesitante, plenamente cola…
    |

E501 Line too long (135 > 88)
   --> psychiatry/management/commands/seed_psychiatry.py:354:89
    |
352 | …     "past_psychiatric_history": "Episódio depressivo prévio aos 22 anos tratado com Sertralina 50mg com remissão completa.",
353 | …     "family_psychiatric_history": "Mãe com histórico de depressão unipolar; tia materna com transtorno de ansiedade.",
354 | …     "substance_use_history": "Uso social esporádico de álcool (1 dose quinzenal). Nega tabagismo ou substâncias ilícitas.",
    |                                                                               ^^^^^^^^^^^^^^^^^^^^^^^^^^^^^^^^^^^^^^^^^^^^^^^
355 | …     "mse_appearance_attitude": "Vestes adequadas, asseada, postura curvada, contato visual mantido porém hesitante, plenamente cola…
356 | …     "mse_psychomotor": "Discreta lentificação psicomotora, sem tiques ou acatisia.",
    |

E501 Line too long (154 > 88)
   --> psychiatry/management/commands/seed_psychiatry.py:355:89
    |
353 | …histórico de depressão unipolar; tia materna com transtorno de ansiedade.",
354 | …porádico de álcool (1 dose quinzenal). Nega tabagismo ou substâncias ilícitas.",
355 | …uadas, asseada, postura curvada, contato visual mantido porém hesitante, plenamente colaborativa.",
    |                                   ^^^^^^^^^^^^^^^^^^^^^^^^^^^^^^^^^^^^^^^^^^^^^^^^^^^^^^^^^^^^^^^^^^
356 | …ão psicomotora, sem tiques ou acatisia.",
357 | …to-referido como 'vazio e exaustão'. Afeto restrito, congruente com o tema depressivo.",
    |

E501 Line too long (96 > 88)
   --> psychiatry/management/commands/seed_psychiatry.py:356:89
    |
354 | …     "substance_use_history": "Uso social esporádico de álcool (1 dose quinzenal). Nega tabagismo ou substâncias ilícitas.",
355 | …     "mse_appearance_attitude": "Vestes adequadas, asseada, postura curvada, contato visual mantido porém hesitante, plenamente cola…
356 | …     "mse_psychomotor": "Discreta lentificação psicomotora, sem tiques ou acatisia.",
    |                                                                               ^^^^^^^^
357 | …     "mse_mood_affect": "Humor hipotímico auto-referido como 'vazio e exaustão'. Afeto restrito, congruente com o tema depressivo.",
358 | …     "mse_speech": "Voz baixa, latência de resposta discretamente aumentada, ritmo e articulação preservados.",
    |

E501 Line too long (143 > 88)
   --> psychiatry/management/commands/seed_psychiatry.py:357:89
    |
355 | … adequadas, asseada, postura curvada, contato visual mantido porém hesitante, plenamente colaborativa.",
356 | …ficação psicomotora, sem tiques ou acatisia.",
357 | …co auto-referido como 'vazio e exaustão'. Afeto restrito, congruente com o tema depressivo.",
    |                                        ^^^^^^^^^^^^^^^^^^^^^^^^^^^^^^^^^^^^^^^^^^^^^^^^^^^^^^^
358 | … de resposta discretamente aumentada, ritmo e articulação preservados.",
359 | …linear, sem fuga de ideias ou afrouxamento associativo.",
    |

E501 Line too long (122 > 88)
   --> psychiatry/management/commands/seed_psychiatry.py:358:89
    |
356 | …     "mse_psychomotor": "Discreta lentificação psicomotora, sem tiques ou acatisia.",
357 | …     "mse_mood_affect": "Humor hipotímico auto-referido como 'vazio e exaustão'. Afeto restrito, congruente com o tema depressivo.",
358 | …     "mse_speech": "Voz baixa, latência de resposta discretamente aumentada, ritmo e articulação preservados.",
    |                                                                               ^^^^^^^^^^^^^^^^^^^^^^^^^^^^^^^^^^
359 | …     "mse_thought_process": "Coerente, linear, sem fuga de ideias ou afrouxamento associativo.",
360 | …     "mse_thought_content": "Pensamentos de autocrítica exacerbada e preocupação com o futuro. Ausência de delírios ou ideação de ru…
    |

E501 Line too long (107 > 88)
   --> psychiatry/management/commands/seed_psychiatry.py:359:89
    |
357 | …     "mse_mood_affect": "Humor hipotímico auto-referido como 'vazio e exaustão'. Afeto restrito, congruente com o tema depressivo.",
358 | …     "mse_speech": "Voz baixa, latência de resposta discretamente aumentada, ritmo e articulação preservados.",
359 | …     "mse_thought_process": "Coerente, linear, sem fuga de ideias ou afrouxamento associativo.",
    |                                                                               ^^^^^^^^^^^^^^^^^^^
360 | …     "mse_thought_content": "Pensamentos de autocrítica exacerbada e preocupação com o futuro. Ausência de delírios ou ideação de ru…
361 | …     "mse_perception": "Sem alterações sensoperceptivas (ausência de alucinações ou ilusões).",
    |

E501 Line too long (149 > 88)
   --> psychiatry/management/commands/seed_psychiatry.py:360:89
    |
358 | … resposta discretamente aumentada, ritmo e articulação preservados.",
359 | …ear, sem fuga de ideias ou afrouxamento associativo.",
360 | …e autocrítica exacerbada e preocupação com o futuro. Ausência de delírios ou ideação de ruína.",
    |                                     ^^^^^^^^^^^^^^^^^^^^^^^^^^^^^^^^^^^^^^^^^^^^^^^^^^^^^^^^^^^^^
361 | …soperceptivas (ausência de alucinações ou ilusões).",
362 | …o tempo e espaço. Atenção concentrada preservada ao exame sumário.",
    |

E501 Line too long (106 > 88)
   --> psychiatry/management/commands/seed_psychiatry.py:361:89
    |
359 | …     "mse_thought_process": "Coerente, linear, sem fuga de ideias ou afrouxamento associativo.",
360 | …     "mse_thought_content": "Pensamentos de autocrítica exacerbada e preocupação com o futuro. Ausência de delírios ou ideação de ru…
361 | …     "mse_perception": "Sem alterações sensoperceptivas (ausência de alucinações ou ilusões).",
    |                                                                               ^^^^^^^^^^^^^^^^^^
362 | …     "mse_cognition": "Lúcida, orientada no tempo e espaço. Atenção concentrada preservada ao exame sumário.",
363 | …     "mse_insight": "Insight grau 6 (plena consciência do adoecimento psíquico e motivação para o tratamento).",
    |

E501 Line too long (121 > 88)
   --> psychiatry/management/commands/seed_psychiatry.py:362:89
    |
360 | …     "mse_thought_content": "Pensamentos de autocrítica exacerbada e preocupação com o futuro. Ausência de delírios ou ideação de ru…
361 | …     "mse_perception": "Sem alterações sensoperceptivas (ausência de alucinações ou ilusões).",
362 | …     "mse_cognition": "Lúcida, orientada no tempo e espaço. Atenção concentrada preservada ao exame sumário.",
    |                                                                               ^^^^^^^^^^^^^^^^^^^^^^^^^^^^^^^^^
363 | …     "mse_insight": "Insight grau 6 (plena consciência do adoecimento psíquico e motivação para o tratamento).",
364 | …     "suicidal_ideation_present": False,
    |

E501 Line too long (123 > 88)
   --> psychiatry/management/commands/seed_psychiatry.py:363:89
    |
361 |                 "mse_perception": "Sem alterações sensoperceptivas (ausência de alucinações ou ilusões).",
362 |                 "mse_cognition": "Lúcida, orientada no tempo e espaço. Atenção concentrada preservada ao exame sumário.",
363 |                 "mse_insight": "Insight grau 6 (plena consciência do adoecimento psíquico e motivação para o tratamento).",
    |                                                                                         ^^^^^^^^^^^^^^^^^^^^^^^^^^^^^^^^^^^
364 |                 "suicidal_ideation_present": False,
365 |                 "suicide_risk_stratification": PsychiatricPatientProfile.RiskLevel.LOW,
    |

E501 Line too long (146 > 88)
   --> psychiatry/management/commands/seed_psychiatry.py:366:89
    |
364 | …
365 | …hiatricPatientProfile.RiskLevel.LOW,
366 | …o familiar sólida (pais e irmã), estabilidade profissional, vínculo terapêutico estabelecido.",
    |                                       ^^^^^^^^^^^^^^^^^^^^^^^^^^^^^^^^^^^^^^^^^^^^^^^^^^^^^^^^^^
367 | …ais de emergência da clínica Aurora Elo (botão SOS 24h no aplicativo móvel) e CVV 188.",
368 | …
    |

E501 Line too long (139 > 88)
   --> psychiatry/management/commands/seed_psychiatry.py:367:89
    |
365 | …sychiatricPatientProfile.RiskLevel.LOW,
366 | …poio familiar sólida (pais e irmã), estabilidade profissional, vínculo terapêutico estabelecido.",
367 | …canais de emergência da clínica Aurora Elo (botão SOS 24h no aplicativo móvel) e CVV 188.",
    |                                          ^^^^^^^^^^^^^^^^^^^^^^^^^^^^^^^^^^^^^^^^^^^^^^^^^^^
368 | …
369 | …orno Depressivo Maior, Episódio Único, Moderado (CID-11 6A70 / DSM-5 296.22).",
    |

E501 Line too long (127 > 88)
   --> psychiatry/management/commands/seed_psychiatry.py:369:89
    |
367 | …         "safety_plan": "Orientada sobre canais de emergência da clínica Aurora Elo (botão SOS 24h no aplicativo móvel) e CVV 188.",
368 | …         "anxiety_analog_scale": 4,
369 | …         "diagnostic_impression": "Transtorno Depressivo Maior, Episódio Único, Moderado (CID-11 6A70 / DSM-5 296.22).",
    |                                                                                   ^^^^^^^^^^^^^^^^^^^^^^^^^^^^^^^^^^^^^^^
370 | …         "therapeutic_plan": "1. Iniciar Escitalopram 10mg/dia pela manhã; 2. Titular para 15mg após 14 dias conforme tolerabilidade…
371 | …     }
    |

E501 Line too long (245 > 88)
   --> psychiatry/management/commands/seed_psychiatry.py:370:89
    |
368 | …
369 | …co, Moderado (CID-11 6A70 / DSM-5 296.22).",
370 | …. Titular para 15mg após 14 dias conforme tolerabilidade; 3. Encaminhamento para Psicoterapia TCC semanal; 4. Monitoramento diário via App Aurora Elo Conectado.",
    |       ^^^^^^^^^^^^^^^^^^^^^^^^^^^^^^^^^^^^^^^^^^^^^^^^^^^^^^^^^^^^^^^^^^^^^^^^^^^^^^^^^^^^^^^^^^^^^^^^^^^^^^^^^^^^^^^^^^^^^^^^^^^^^^^^^^^^^^^^^^^^^^^^^^^^^^^^^^^^^
371 | …
372 | …
    |

E501 Line too long (94 > 88)
   --> psychiatry/management/commands/seed_psychiatry.py:381:89
    |
379 |                 "doctor_name": "Dr. Marcelo Arantes",
380 |                 "doctor_crm": "CRM/SP 148.920",
381 |                 "recipe_type": PsychopharmacologyPrescription.RecipeType.CONTROLE_ESPECIAL_C1,
    |                                                                                         ^^^^^^
382 |                 "issued_date": timezone.now().date(),
383 |                 "expires_date": (timezone.now() + timedelta(days=30)).date(),
    |

E501 Line too long (116 > 88)
   --> psychiatry/management/commands/seed_psychiatry.py:384:89
    |
382 |                 "issued_date": timezone.now().date(),
383 |                 "expires_date": (timezone.now() + timedelta(days=30)).date(),
384 |                 "digital_signature_hash": "SHA256:e3b0c44298fc1c149afbf4c8996fb92427ae41e4649b934ca495991b7852b855",
    |                                                                                         ^^^^^^^^^^^^^^^^^^^^^^^^^^^^
385 |             }
386 |         )
    |

E501 Line too long (132 > 88)
   --> psychiatry/management/commands/seed_psychiatry.py:395:89
    |
393 | …
394 | …ido pela manhã após o desjejum",
395 | …mper abruptamente. Efeitos terapêuticos esperados entre 2 e 4 semanas de uso contínuo.",
    |                                              ^^^^^^^^^^^^^^^^^^^^^^^^^^^^^^^^^^^^^^^^^^^^
396 | …
397 | …
    |

E501 Line too long (109 > 88)
   --> psychiatry/management/commands/seed_psychiatry.py:406:89
    |
404 |                 "dosage": "3 mg",
405 |                 "posology": "Tomar 1 cápsula 45 minutos antes de deitar",
406 |                 "instructions": "Associar com higiene do sono (desligar telas luminosas e ambiente escuro).",
    |                                                                                         ^^^^^^^^^^^^^^^^^^^^^
407 |             }
408 |         )
    |

E501 Line too long (158 > 88)
   --> psychiatry/management/commands/seed_psychiatry.py:429:89
    |
427 | …
428 | …
429 | …Ala Aurora Norte. Quadro de agitação psicomotora estabilizado com contenção verbal e farmacológica.",
    |                                 ^^^^^^^^^^^^^^^^^^^^^^^^^^^^^^^^^^^^^^^^^^^^^^^^^^^^^^^^^^^^^^^^^^^^^^
430 | …
431 | …
    |

E501 Line too long (126 > 88)
   --> psychiatry/management/commands/seed_psychiatry.py:440:89
    |
438 |                 "scheduled_for": timezone.now() + timedelta(hours=2),
439 |                 "status": TelepsychiatryRoom.SessionStatus.SCHEDULED,
440 |                 "session_notes": "Consulta de retorno programada para ajuste de dosagem e avaliação da adesão medicamentosa.",
    |                                                                                         ^^^^^^^^^^^^^^^^^^^^^^^^^^^^^^^^^^^^^^
441 |             }
442 |         )
    |

E501 Line too long (104 > 88)
   --> psychiatry/management/commands/seed_psychiatry.py:465:89
    |
463 |                 "sleep_hours": 8.0,
464 |                 "emotions_tags": ["Serenidade", "Foco", "Gratidão"],
465 |                 "gratitude_note": "A respiração guiada 4-4-4-4 antes de dormir ajudou muito a relaxar.",
    |                                                                                         ^^^^^^^^^^^^^^^^
466 |             }
467 |         )
    |

E501 Line too long (89 > 88)
   --> psychiatry/management/commands/seed_psychiatry.py:471:89
    |
469 |         B2CCBTDiary.objects.get_or_create(
470 |             user_identifier=demo_user,
471 |             trigger_situation="Apresentação do projeto na reunião executiva da empresa.",
    |                                                                                         ^
472 |             defaults={
473 |                 "automatic_thought": "Vou esquecer os slides e todos vão achar que sou incapaz.",
    |

E501 Line too long (97 > 88)
   --> psychiatry/management/commands/seed_psychiatry.py:473:89
    |
471 | …     trigger_situation="Apresentação do projeto na reunião executiva da empresa.",
472 | …     defaults={
473 | …         "automatic_thought": "Vou esquecer os slides e todos vão achar que sou incapaz.",
    |                                                                                   ^^^^^^^^^
474 | …         "cognitive_distortion": "Catastrofização e Leitura Mental",
475 | …         "rational_response": "Eu me preparei durante toda a semana, conheço os dados técnicos em detalhes e esquecer um detalhe é p…
    |

E501 Line too long (161 > 88)
   --> psychiatry/management/commands/seed_psychiatry.py:475:89
    |
473 | …s e todos vão achar que sou incapaz.",
474 | …Leitura Mental",
475 | …e toda a semana, conheço os dados técnicos em detalhes e esquecer um detalhe é perfeitamente humano.",
    |                               ^^^^^^^^^^^^^^^^^^^^^^^^^^^^^^^^^^^^^^^^^^^^^^^^^^^^^^^^^^^^^^^^^^^^^^^^^
476 | …
477 | …
    |

E501 Line too long (99 > 88)
   --> psychiatry/management/commands/seed_psychiatry.py:491:89
    |
489 |                 "category": AddictionProfile.AddictionCategory.GAMBLING,
490 |                 "severity": AddictionProfile.SeverityLevel.SEVERE,
491 |                 "gambling_modalities": ["Bets Esportivas", "Cassino Virtual (Tigrinho)", "Roleta"],
    |                                                                                         ^^^^^^^^^^^
492 |                 "estimated_financial_debt": 145000.00,
493 |                 "chasing_losses": True,
    |

E501 Line too long (212 > 88)
   --> psychiatry/management/commands/seed_psychiatry.py:530:89
    |
528 | …
529 | …
530 | …obre as apostas online. Cheguei a pedir empréstimos bancários e comprometi o patrimônio familiar sem que minha esposa soubesse.",
    |       ^^^^^^^^^^^^^^^^^^^^^^^^^^^^^^^^^^^^^^^^^^^^^^^^^^^^^^^^^^^^^^^^^^^^^^^^^^^^^^^^^^^^^^^^^^^^^^^^^^^^^^^^^^^^^^^^^^^^^^^^^^^^
531 | …co na Aurora Elo e o grupo dos Jogadores Anônimos podem me restaurar a sanidade e a paz mental.",
532 | …à minha esposa e instalei software de bloqueio (Gamban) em todos os dispositivos móveis.",
    |

E501 Line too long (180 > 88)
   --> psychiatry/management/commands/seed_psychiatry.py:531:89
    |
529 | …
530 | …te o controle sobre as apostas online. Cheguei a pedir empréstimos bancários e comprometi o patrimônio familiar sem que minha esposa…
531 | …ento psiquiátrico na Aurora Elo e o grupo dos Jogadores Anônimos podem me restaurar a sanidade e a paz mental.",
    |                      ^^^^^^^^^^^^^^^^^^^^^^^^^^^^^^^^^^^^^^^^^^^^^^^^^^^^^^^^^^^^^^^^^^^^^^^^^^^^^^^^^^^^^^^^^^^^
532 | …ntas bancárias à minha esposa e instalei software de bloqueio (Gamban) em todos os dispositivos móveis.",
533 | … R$ 145.000,00 dividida em 3 instituições e 2 cartões de crédito. Reconheço que menti repetidamente para encobrir as perdas.",
    |

E501 Line too long (173 > 88)
   --> psychiatry/management/commands/seed_psychiatry.py:532:89
    |
530 | …mente o controle sobre as apostas online. Cheguei a pedir empréstimos bancários e comprometi o patrimônio familiar sem que minha esp…
531 | …hamento psiquiátrico na Aurora Elo e o grupo dos Jogadores Anônimos podem me restaurar a sanidade e a paz mental.",
532 | … contas bancárias à minha esposa e instalei software de bloqueio (Gamban) em todos os dispositivos móveis.",
    |                         ^^^^^^^^^^^^^^^^^^^^^^^^^^^^^^^^^^^^^^^^^^^^^^^^^^^^^^^^^^^^^^^^^^^^^^^^^^^^^^^^^^^^^
533 | … de R$ 145.000,00 dividida em 3 instituições e 2 cartões de crédito. Reconheço que menti repetidamente para encobrir as perdas.",
534 | … valores e segredos diante do Dr. Marcelo Arantes e da minha esposa Camila sem reservas.",
    |

E501 Line too long (194 > 88)
   --> psychiatry/management/commands/seed_psychiatry.py:533:89
    |
531 | …iquiátrico na Aurora Elo e o grupo dos Jogadores Anônimos podem me restaurar a sanidade e a paz mental.",
532 | …ncárias à minha esposa e instalei software de bloqueio (Gamban) em todos os dispositivos móveis.",
533 | ….000,00 dividida em 3 instituições e 2 cartões de crédito. Reconheço que menti repetidamente para encobrir as perdas.",
    |               ^^^^^^^^^^^^^^^^^^^^^^^^^^^^^^^^^^^^^^^^^^^^^^^^^^^^^^^^^^^^^^^^^^^^^^^^^^^^^^^^^^^^^^^^^^^^^^^^^^^^^^^^^^
534 | … segredos diante do Dr. Marcelo Arantes e da minha esposa Camila sem reservas.",
535 | …siedade subjacente e abandonar a ilusão do dinheiro fácil e das recompensas rápidas.",
    |

E501 Line too long (155 > 88)
   --> psychiatry/management/commands/seed_psychiatry.py:534:89
    |
532 | …tódia das contas bancárias à minha esposa e instalei software de bloqueio (Gamban) em todos os dispositivos móveis.",
533 | …ida exata de R$ 145.000,00 dividida em 3 instituições e 2 cartões de crédito. Reconheço que menti repetidamente para encobrir as per…
534 | … todos os valores e segredos diante do Dr. Marcelo Arantes e da minha esposa Camila sem reservas.",
    |                                  ^^^^^^^^^^^^^^^^^^^^^^^^^^^^^^^^^^^^^^^^^^^^^^^^^^^^^^^^^^^^^^^^^^^
535 | …posto a tratar a ansiedade subjacente e abandonar a ilusão do dinheiro fácil e das recompensas rápidas.",
536 | …uperação da impulsividade e aceito a medicação de estabilização dopaminérgica prescrita.",
    |

E501 Line too long (161 > 88)
   --> psychiatry/management/commands/seed_psychiatry.py:535:89
    |
533 | … exata de R$ 145.000,00 dividida em 3 instituições e 2 cartões de crédito. Reconheço que menti repetidamente para encobrir as perdas…
534 | …dos os valores e segredos diante do Dr. Marcelo Arantes e da minha esposa Camila sem reservas.",
535 | …to a tratar a ansiedade subjacente e abandonar a ilusão do dinheiro fácil e das recompensas rápidas.",
    |                               ^^^^^^^^^^^^^^^^^^^^^^^^^^^^^^^^^^^^^^^^^^^^^^^^^^^^^^^^^^^^^^^^^^^^^^^^^
536 | …ração da impulsividade e aceito a medicação de estabilização dopaminérgica prescrita.",
537 | …ila (esposa), meus pais, e 2 amigos próximos dos quais tomei dinheiro emprestado sob falsos pretextos.",
    |

E501 Line too long (146 > 88)
   --> psychiatry/management/commands/seed_psychiatry.py:536:89
    |
534 | …essei todos os valores e segredos diante do Dr. Marcelo Arantes e da minha esposa Camila sem reservas.",
535 | …e disposto a tratar a ansiedade subjacente e abandonar a ilusão do dinheiro fácil e das recompensas rápidas.",
536 | …e a superação da impulsividade e aceito a medicação de estabilização dopaminérgica prescrita.",
    |                                       ^^^^^^^^^^^^^^^^^^^^^^^^^^^^^^^^^^^^^^^^^^^^^^^^^^^^^^^^^^
537 | …oas: Camila (esposa), meus pais, e 2 amigos próximos dos quais tomei dinheiro emprestado sob falsos pretextos.",
538 | …nanceiro aprovado com a família para quitação em 36 parcelas com acompanhamento de consultoria financeira neutra.",
    |

E501 Line too long (163 > 88)
   --> psychiatry/management/commands/seed_psychiatry.py:537:89
    |
535 | …o a tratar a ansiedade subjacente e abandonar a ilusão do dinheiro fácil e das recompensas rápidas.",
536 | …ação da impulsividade e aceito a medicação de estabilização dopaminérgica prescrita.",
537 | …la (esposa), meus pais, e 2 amigos próximos dos quais tomei dinheiro emprestado sob falsos pretextos.",
    |                              ^^^^^^^^^^^^^^^^^^^^^^^^^^^^^^^^^^^^^^^^^^^^^^^^^^^^^^^^^^^^^^^^^^^^^^^^^^^
538 | …aprovado com a família para quitação em 36 parcelas com acompanhamento de consultoria financeira neutra.",
539 | …diária todas as noites. Se surge o impulso de apostar, relato imediatamente ao padrinho Eduardo.",
    |

E501 Line too long (166 > 88)
   --> psychiatry/management/commands/seed_psychiatry.py:538:89
    |
536 | …ção da impulsividade e aceito a medicação de estabilização dopaminérgica prescrita.",
537 | …a (esposa), meus pais, e 2 amigos próximos dos quais tomei dinheiro emprestado sob falsos pretextos.",
538 | …provado com a família para quitação em 36 parcelas com acompanhamento de consultoria financeira neutra.",
    |                             ^^^^^^^^^^^^^^^^^^^^^^^^^^^^^^^^^^^^^^^^^^^^^^^^^^^^^^^^^^^^^^^^^^^^^^^^^^^^^^
539 | …iária todas as noites. Se surge o impulso de apostar, relato imediatamente ao padrinho Eduardo.",
540 | …tos de respiração 4-4-4-4 pela manhã para manter a mente no momento presente e sem ansiedade.",
    |

E501 Line too long (158 > 88)
   --> psychiatry/management/commands/seed_psychiatry.py:539:89
    |
537 | …amila (esposa), meus pais, e 2 amigos próximos dos quais tomei dinheiro emprestado sob falsos pretextos.",
538 | …ro aprovado com a família para quitação em 36 parcelas com acompanhamento de consultoria financeira neutra.",
539 | …ão diária todas as noites. Se surge o impulso de apostar, relato imediatamente ao padrinho Eduardo.",
    |                                 ^^^^^^^^^^^^^^^^^^^^^^^^^^^^^^^^^^^^^^^^^^^^^^^^^^^^^^^^^^^^^^^^^^^^^^
540 | …minutos de respiração 4-4-4-4 pela manhã para manter a mente no momento presente e sem ansiedade.",
541 | … orador nas reuniões do J.A. para acolher recém-chegados que perderam economias em Bets.",
    |

E501 Line too long (156 > 88)
   --> psychiatry/management/commands/seed_psychiatry.py:540:89
    |
538 | …iro aprovado com a família para quitação em 36 parcelas com acompanhamento de consultoria financeira neutra.",
539 | …xão diária todas as noites. Se surge o impulso de apostar, relato imediatamente ao padrinho Eduardo.",
540 | … minutos de respiração 4-4-4-4 pela manhã para manter a mente no momento presente e sem ansiedade.",
    |                                  ^^^^^^^^^^^^^^^^^^^^^^^^^^^^^^^^^^^^^^^^^^^^^^^^^^^^^^^^^^^^^^^^^^^^
541 | …o orador nas reuniões do J.A. para acolher recém-chegados que perderam economias em Bets.",
542 | … na TV e Internet", "Sexta-feira pós-expediente", "Frustração financeira", "Celular desprotegido"],
    |

E501 Line too long (147 > 88)
   --> psychiatry/management/commands/seed_psychiatry.py:541:89
    |
539 | …eflexão diária todas as noites. Se surge o impulso de apostar, relato imediatamente ao padrinho Eduardo.",
540 | …o 10 minutos de respiração 4-4-4-4 pela manhã para manter a mente no momento presente e sem ansiedade.",
541 | … como orador nas reuniões do J.A. para acolher recém-chegados que perderam economias em Bets.",
    |                                      ^^^^^^^^^^^^^^^^^^^^^^^^^^^^^^^^^^^^^^^^^^^^^^^^^^^^^^^^^^^
542 | …Bets na TV e Internet", "Sexta-feira pós-expediente", "Frustração financeira", "Celular desprotegido"],
543 | …
    |

E501 Line too long (155 > 88)
   --> psychiatry/management/commands/seed_psychiatry.py:542:89
    |
540 | … minutos de respiração 4-4-4-4 pela manhã para manter a mente no momento presente e sem ansiedade.",
541 | …o orador nas reuniões do J.A. para acolher recém-chegados que perderam economias em Bets.",
542 | … na TV e Internet", "Sexta-feira pós-expediente", "Frustração financeira", "Celular desprotegido"],
    |                                  ^^^^^^^^^^^^^^^^^^^^^^^^^^^^^^^^^^^^^^^^^^^^^^^^^^^^^^^^^^^^^^^^^^^
543 | …
544 | …ZADO DE PREVENÇÃO DE RECAÍDA (AURORA ELO & MARLATT):\n1. Manter Gamban ativo em todos os dispositivos.\n2. Limite Pix diário travado…
    |

E501 Line too long (356 > 88)
   --> psychiatry/management/commands/seed_psychiatry.py:544:89
    |
542 | …feira pós-expediente", "Frustração financeira", "Celular desprotegido"],
543 | …
544 | …A (AURORA ELO & MARLATT):\n1. Manter Gamban ativo em todos os dispositivos.\n2. Limite Pix diário travado em R$ 100.\n3. Presença semanal no grupo de Jogadores Anônimos.\n4. Se surgir fissura súbita: aplicar a regra dos 15 minutos e acionar o botão SOS no App Aurora Elo.",
    |       ^^^^^^^^^^^^^^^^^^^^^^^^^^^^^^^^^^^^^^^^^^^^^^^^^^^^^^^^^^^^^^^^^^^^^^^^^^^^^^^^^^^^^^^^^^^^^^^^^^^^^^^^^^^^^^^^^^^^^^^^^^^^^^^^^^^^^^^^^^^^^^^^^^^^^^^^^^^^^^^^^^^^^^^^^^^^^^^^^^^^^^^^^^^^^^^^^^^^^^^^^^^^^^^^^^^^^^^^^^^^^^^^^^^^^^^^^^^^^^^^^^^^^^^^^^^^^^^^^^^^^^^^^^^^
545 | …po. Excelente insight terapêutico e cumprimento rigoroso das reparações do Passo 9.",
546 | …
    |

E501 Line too long (168 > 88)
   --> psychiatry/management/commands/seed_psychiatry.py:545:89
    |
543 | …
544 | …E PREVENÇÃO DE RECAÍDA (AURORA ELO & MARLATT):\n1. Manter Gamban ativo em todos os dispositivos.\n2. Limite Pix diário travado em R$…
545 | …vorável no 2º mês limpo. Excelente insight terapêutico e cumprimento rigoroso das reparações do Passo 9.",
    |                            ^^^^^^^^^^^^^^^^^^^^^^^^^^^^^^^^^^^^^^^^^^^^^^^^^^^^^^^^^^^^^^^^^^^^^^^^^^^^^^^^
546 | …
547 | …
    |

E501 Line too long (94 > 88)
   --> psychiatry/management/commands/seed_psychiatry.py:555:89
    |
553 |             defaults={
554 |                 "craving_intensity": 7,
555 |                 "trigger_detail": "Notificação push durante partida da semifinal de futebol.",
    |                                                                                         ^^^^^^
556 |                 "halt_factors": ["Angry", "Tired"],
557 |                 "coping_technique": "Desligou o aparelho, realizou 5 min de respiração guiada 4-4-4-4 e ligou para o padrinho.",
    |

E501 Line too long (128 > 88)
   --> psychiatry/management/commands/seed_psychiatry.py:557:89
    |
555 |                 "trigger_detail": "Notificação push durante partida da semifinal de futebol.",
556 |                 "halt_factors": ["Angry", "Tired"],
557 |                 "coping_technique": "Desligou o aparelho, realizou 5 min de respiração guiada 4-4-4-4 e ligou para o padrinho.",
    |                                                                                         ^^^^^^^^^^^^^^^^^^^^^^^^^^^^^^^^^^^^^^^^
558 |                 "urge_surfed_successfully": True,
559 |             }
    |

E501 Line too long (111 > 88)
   --> psychiatry/management/commands/seed_psychiatry.py:562:89
    |
560 |         )
561 |
562 |         self.stdout.write(self.style.SUCCESS("✓ Seed psiquiátrico e adictologia concluído com sucesso total!"))
    |                                                                                         ^^^^^^^^^^^^^^^^^^^^^^^
    |

E501 Line too long (93 > 88)
  --> psychiatry/tests.py:23:89
   |
22 | class PsychiatricSeedTest(TestCase):
23 |     """Verifies that the seed management command populates all required clinical catalogs."""
   |                                                                                         ^^^^^
24 |
25 |     def test_seed_psychiatry_command(self):
   |

N806 Variable `User` in function should be lowercase
  --> psychiatry/tests.py:39:9
   |
37 |     def test_create_aurora_users_command(self):
38 |         from django.contrib.auth import get_user_model
39 |         User = get_user_model()
   |         ^^^^
40 |         call_command("create_aurora_users")
41 |         self.assertTrue(User.objects.filter(email="admin@auroraelo.com.br").exists())
   |

E501 Line too long (95 > 88)
   --> psychiatry/tests.py:143:89
    |
141 |             "anxiety_scale": 7,
142 |             "diagnostic_code": "6B00",
143 |             "therapeutic_plan": "Prescrição de ansiolítico e encaminhamento para psicoterapia",
    |                                                                                         ^^^^^^^
144 |             "suicidal_risk": "LOW",
145 |         }
    |

E501 Line too long (96 > 88)
   --> psychiatry/tests.py:156:89
    |
155 |     def test_mobile_connected_summary(self):
156 |         patient = PsychiatricPatientProfile.objects.filter(record_number="PR-2026-0842").first()
    |                                                                                         ^^^^^^^^
157 |         response = self.client.get(f"/psiquiatria/api/v1/mobile/connected/summary/?cpf={patient.cpf}")
158 |         self.assertEqual(response.status_code, 200)
    |

E501 Line too long (102 > 88)
   --> psychiatry/tests.py:157:89
    |
155 |     def test_mobile_connected_summary(self):
156 |         patient = PsychiatricPatientProfile.objects.filter(record_number="PR-2026-0842").first()
157 |         response = self.client.get(f"/psiquiatria/api/v1/mobile/connected/summary/?cpf={patient.cpf}")
    |                                                                                         ^^^^^^^^^^^^^^
158 |         self.assertEqual(response.status_code, 200)
159 |         data = response.json()
    |

E501 Line too long (96 > 88)
   --> psychiatry/tests.py:199:89
    |
197 |     def test_mobile_b2c_mood(self):
198 |         # GET
199 |         response = self.client.get("/psiquiatria/api/v1/mobile/b2c/mood/?user_id=test_b2c_user")
    |                                                                                         ^^^^^^^^
200 |         self.assertEqual(response.status_code, 200)
    |

E501 Line too long (89 > 88)
   --> psychiatry/tests.py:226:89
    |
224 |             "automatic_thought": "Vão apontar apenas meus erros.",
225 |             "distortion": "Filtro Negativo",
226 |             "rational_response": "Recebi elogios no último trimestre e estou preparado.",
    |                                                                                         ^
227 |             "emotion_before": 75,
228 |             "emotion_after": 20,
    |

E501 Line too long (104 > 88)
   --> psychiatry/tests.py:247:89
    |
245 |     def test_mobile_b2c_subscription(self):
246 |         # GET
247 |         response = self.client.get("/psiquiatria/api/v1/mobile/b2c/subscription/?user_id=test_b2c_user")
    |                                                                                         ^^^^^^^^^^^^^^^^
248 |         self.assertEqual(response.status_code, 200)
    |

E501 Line too long (102 > 88)
   --> psychiatry/tests.py:282:89
    |
280 |                 "session_id": "test-session-redis-001",
281 |                 "step_number": 1,
282 |                 "step_data": {"answer": "Admito a perda de controle sobre apostas esportivas online."}
    |                                                                                         ^^^^^^^^^^^^^^
283 |             }),
284 |             content_type="application/json"
    |

E501 Line too long (119 > 88)
   --> psychiatry/tests.py:290:89
    |
289 |         # 2. Get draft from Redis
290 |         get_res = self.client.get("/psiquiatria/api/v1/adictologia/12-passos/draft/?session_id=test-session-redis-001")
    |                                                                                         ^^^^^^^^^^^^^^^^^^^^^^^^^^^^^^^
291 |         self.assertEqual(get_res.status_code, 200)
292 |         draft = get_res.json()["draft"]
    |

E501 Line too long (115 > 88)
   --> psychiatry/tests.py:321:89
    |
319 |         from psychiatry.redis_service import TwelveStepsRedisService
320 |         session_id = "test-session-consolidate-999"
321 |         TwelveStepsRedisService.save_step_draft(session_id, 1, {"answer": "Impotência perante as apostas online."})
    |                                                                                         ^^^^^^^^^^^^^^^^^^^^^^^^^^^
322 |
323 |         # Consolidate via API (triggers Celery task in eager mode)
    |

E501 Line too long (101 > 88)
  --> psychiatry/urls.py:23:89
   |
21 |     # Addiction, Gambling & 12 Steps Module
22 |     path("adictologia/", views.addiction_dashboard_view, name="addiction_dashboard"),
23 |     path("adictologia/12-passos/", views.twelve_steps_anamnesis_view, name="twelve_steps_anamnesis"),
   |                                                                                         ^^^^^^^^^^^^^
24 |
25 |     # REST APIs for Web Portal & Mobile Apps (Canonical & Aliased)
   |

E501 Line too long (93 > 88)
  --> psychiatry/urls.py:26:89
   |
25 |     # REST APIs for Web Portal & Mobile Apps (Canonical & Aliased)
26 |     path("api/v1/clinic/dashboard/", api.clinic_dashboard_kpis, name="api_clinic_dashboard"),
   |                                                                                         ^^^^^
27 |     path("api/v1/clinic/patients/", api.list_patients, name="api_list_patients"),
28 |     path("api/v1/clinic/anamnese/", api.save_anamnesis, name="api_save_anamnesis"),
   |

E501 Line too long (104 > 88)
  --> psychiatry/urls.py:34:89
   |
33 |     # Addictology, Gambling & 12 Steps APIs
34 |     path("api/v1/adictologia/12-passos/step/", api.api_save_12steps_step, name="api_save_12steps_step"),
   |                                                                                         ^^^^^^^^^^^^^^^^
35 |     path("api/v1/adictologia/12-passos/draft/", api.api_get_12steps_draft, name="api_get_12steps_draft"),
36 |     path("api/v1/adictologia/12-passos/consolidate/", api.api_consolidate_12steps, name="api_consolidate_12steps"),
   |

E501 Line too long (105 > 88)
  --> psychiatry/urls.py:35:89
   |
33 |     # Addictology, Gambling & 12 Steps APIs
34 |     path("api/v1/adictologia/12-passos/step/", api.api_save_12steps_step, name="api_save_12steps_step"),
35 |     path("api/v1/adictologia/12-passos/draft/", api.api_get_12steps_draft, name="api_get_12steps_draft"),
   |                                                                                         ^^^^^^^^^^^^^^^^^
36 |     path("api/v1/adictologia/12-passos/consolidate/", api.api_consolidate_12steps, name="api_consolidate_12steps"),
37 |     path("api/v1/adictologia/craving/", api.api_record_craving, name="api_record_craving"),
   |

E501 Line too long (115 > 88)
  --> psychiatry/urls.py:36:89
   |
34 |     path("api/v1/adictologia/12-passos/step/", api.api_save_12steps_step, name="api_save_12steps_step"),
35 |     path("api/v1/adictologia/12-passos/draft/", api.api_get_12steps_draft, name="api_get_12steps_draft"),
36 |     path("api/v1/adictologia/12-passos/consolidate/", api.api_consolidate_12steps, name="api_consolidate_12steps"),
   |                                                                                         ^^^^^^^^^^^^^^^^^^^^^^^^^^^
37 |     path("api/v1/adictologia/craving/", api.api_record_craving, name="api_record_craving"),
38 |     path("api/v1/adictologia/dashboard/", api.api_addiction_dashboard_kpis, name="api_addiction_kpis"),
   |

E501 Line too long (91 > 88)
  --> psychiatry/urls.py:37:89
   |
35 |     path("api/v1/adictologia/12-passos/draft/", api.api_get_12steps_draft, name="api_get_12steps_draft"),
36 |     path("api/v1/adictologia/12-passos/consolidate/", api.api_consolidate_12steps, name="api_consolidate_12steps"),
37 |     path("api/v1/adictologia/craving/", api.api_record_craving, name="api_record_craving"),
   |                                                                                         ^^^
38 |     path("api/v1/adictologia/dashboard/", api.api_addiction_dashboard_kpis, name="api_addiction_kpis"),
   |

E501 Line too long (103 > 88)
  --> psychiatry/urls.py:38:89
   |
36 |     path("api/v1/adictologia/12-passos/consolidate/", api.api_consolidate_12steps, name="api_consolidate_12steps"),
37 |     path("api/v1/adictologia/craving/", api.api_record_craving, name="api_record_craving"),
38 |     path("api/v1/adictologia/dashboard/", api.api_addiction_dashboard_kpis, name="api_addiction_kpis"),
   |                                                                                         ^^^^^^^^^^^^^^^
39 |
40 |     # Connected Mobile App APIs
   |

E501 Line too long (92 > 88)
  --> psychiatry/urls.py:41:89
   |
40 |     # Connected Mobile App APIs
41 |     path("api/v1/patient/summary/", api.patient_mobile_summary, name="api_patient_summary"),
   |                                                                                         ^^^^
42 |     path("api/v1/patient/medications/log/", api.log_medication_adherence, name="api_medication_log"),
43 |     path("api/v1/patient/sos/", api.trigger_patient_sos, name="api_patient_sos"),
   |

E501 Line too long (101 > 88)
  --> psychiatry/urls.py:42:89
   |
40 |     # Connected Mobile App APIs
41 |     path("api/v1/patient/summary/", api.patient_mobile_summary, name="api_patient_summary"),
42 |     path("api/v1/patient/medications/log/", api.log_medication_adherence, name="api_medication_log"),
   |                                                                                         ^^^^^^^^^^^^^
43 |     path("api/v1/patient/sos/", api.trigger_patient_sos, name="api_patient_sos"),
44 |     path("api/v1/mobile/connected/summary/", api.patient_mobile_summary),
   |

E501 Line too long (90 > 88)
  --> psychiatry/urls.py:51:89
   |
49 |     path("api/v1/mind/mood/", api.b2c_mood, name="api_b2c_mood"),
50 |     path("api/v1/mind/cbt-diary/", api.b2c_cbt_diary, name="api_b2c_cbt_diary"),
51 |     path("api/v1/mind/breathing/", api.b2c_breathing_exercises, name="api_b2c_breathing"),
   |                                                                                         ^^
52 |     path("api/v1/mind/subscription/", api.b2c_subscription_status, name="api_b2c_subscription"),
53 |     path("api/v1/mobile/b2c/mood/", api.b2c_mood),
   |

E501 Line too long (96 > 88)
  --> psychiatry/urls.py:52:89
   |
50 |     path("api/v1/mind/cbt-diary/", api.b2c_cbt_diary, name="api_b2c_cbt_diary"),
51 |     path("api/v1/mind/breathing/", api.b2c_breathing_exercises, name="api_b2c_breathing"),
52 |     path("api/v1/mind/subscription/", api.b2c_subscription_status, name="api_b2c_subscription"),
   |                                                                                         ^^^^^^^^
53 |     path("api/v1/mobile/b2c/mood/", api.b2c_mood),
54 |     path("api/v1/mobile/b2c/cbt-diary/", api.b2c_cbt_diary),
   |

E501 Line too long (92 > 88)
  --> tests/architecture_helpers.py:14:89
   |
12 |     "core.telemetry": frozenset({"enrich_span_with_tenant", "enrich_span_with_actor"}),
13 |     "core.event_store": frozenset(
14 |         {"append_event", "reconstruct_state", "aggregate_history", "register_event_applier"}
   |                                                                                         ^^^^
15 |     ),
16 | }
   |

F841 Local variable `tags` is assigned to but never used
  --> tests/test_api.py:43:9
   |
41 |     def test_spec_has_journal_tag(self, client: Client) -> None:
42 |         spec = client.get("/api/v1/openapi.json").json()
43 |         tags = {tag["name"] for tag in spec.get("tags", [])}
   |         ^^^^
44 |         # If no tags key, check that journal paths exist
45 |         journal_paths = [p for p in spec["paths"] if "journal" in p]
   |
help: Remove assignment to unused variable `tags`

Found 140 errors.
No fixes available (1 hidden fix can be enabled with the `--unsafe-fixes` option).
ruff_exit=1
